/home/robotics/.config/matplotlib is not a writable directory
Matplotlib created a temporary cache directory at /tmp/matplotlib-l7zunviw because there was an issue with the default path (/home/robotics/.config/matplotlib); it is highly recommended to set the MPLCONFIGDIR environment variable to a writable directory, in particular to speed up the import of Matplotlib and to better support multiprocessing.
[INFO] input_path            : /home/robotics/UOS-RoboStack/submit_buffer3_search/algorithm_results_union_850_1400_1450_sweep/input_sequences
[INFO] output_dir            : /home/robotics/UOS-RoboStack/submit_buffer3_search/algorithm_results_union_850_1400_1450_sweep/union_adaptive_first_850
[INFO] buffer_size           : 0
[INFO] pallet_length         : 1.2
[INFO] pallet_width          : 1.0
[INFO] pallet_height         : 1.25
[INFO] allow_rotation        : True
[INFO] total_input_files     : 78
[VIS] matplotlib backend: agg
[VIS] saved figure: /home/robotics/UOS-RoboStack/submit_buffer3_search/algorithm_results_union_850_1400_1450_sweep/union_adaptive_first_850/vis/continuous_iid_000.png

[INFO] file_index            : 1/78
[INFO] input_file            : /home/robotics/UOS-RoboStack/submit_buffer3_search/algorithm_results_union_850_1400_1450_sweep/input_sequences/continuous_iid_000.json
[INFO] output_file           : /home/robotics/UOS-RoboStack/submit_buffer3_search/algorithm_results_union_850_1400_1450_sweep/union_adaptive_first_850/continuous_iid_000.json
[INFO] vis_file              : /home/robotics/UOS-RoboStack/submit_buffer3_search/algorithm_results_union_850_1400_1450_sweep/union_adaptive_first_850/vis/continuous_iid_000.png
[INFO] total_input_boxes     : 250
[INFO] output_boxes          : 86
[INFO] placed_count          : 86
[INFO] placed_volume         : 1.024312
[INFO] pallet_volume         : 1.500000
[INFO] max_top_height        : 1.249500
[INFO] utilization           : 0.6829
[INFO] utilization_percent   : 68.29%
[INFO] terminated            : True
[INFO] terminated_step       : 86
[INFO] finished_by_user      : False
[INFO] file_processing_time  : 9.143 sec
[VIS] matplotlib backend: agg
[VIS] saved figure: /home/robotics/UOS-RoboStack/submit_buffer3_search/algorithm_results_union_850_1400_1450_sweep/union_adaptive_first_850/vis/continuous_iid_001.png

[INFO] file_index            : 2/78
[INFO] input_file            : /home/robotics/UOS-RoboStack/submit_buffer3_search/algorithm_results_union_850_1400_1450_sweep/input_sequences/continuous_iid_001.json
[INFO] output_file           : /home/robotics/UOS-RoboStack/submit_buffer3_search/algorithm_results_union_850_1400_1450_sweep/union_adaptive_first_850/continuous_iid_001.json
[INFO] vis_file              : /home/robotics/UOS-RoboStack/submit_buffer3_search/algorithm_results_union_850_1400_1450_sweep/union_adaptive_first_850/vis/continuous_iid_001.png
[INFO] total_input_boxes     : 250
[INFO] output_boxes          : 87
[INFO] placed_count          : 87
[INFO] placed_volume         : 0.952530
[INFO] pallet_volume         : 1.500000
[INFO] max_top_height        : 1.236000
[INFO] utilization           : 0.6350
[INFO] utilization_percent   : 63.50%
[INFO] terminated            : True
[INFO] terminated_step       : 87
[INFO] finished_by_user      : False
[INFO] file_processing_time  : 7.917 sec
[VIS] matplotlib backend: agg
[VIS] saved figure: /home/robotics/UOS-RoboStack/submit_buffer3_search/algorithm_results_union_850_1400_1450_sweep/union_adaptive_first_850/vis/continuous_iid_002.png

[INFO] file_index            : 3/78
[INFO] input_file            : /home/robotics/UOS-RoboStack/submit_buffer3_search/algorithm_results_union_850_1400_1450_sweep/input_sequences/continuous_iid_002.json
[INFO] output_file           : /home/robotics/UOS-RoboStack/submit_buffer3_search/algorithm_results_union_850_1400_1450_sweep/union_adaptive_first_850/continuous_iid_002.json
[INFO] vis_file              : /home/robotics/UOS-RoboStack/submit_buffer3_search/algorithm_results_union_850_1400_1450_sweep/union_adaptive_first_850/vis/continuous_iid_002.png
[INFO] total_input_boxes     : 250
[INFO] output_boxes          : 84
[INFO] placed_count          : 84
[INFO] placed_volume         : 0.990552
[INFO] pallet_volume         : 1.500000
[INFO] max_top_height        : 1.246500
[INFO] utilization           : 0.6604
[INFO] utilization_percent   : 66.04%
[INFO] terminated            : True
[INFO] terminated_step       : 84
[INFO] finished_by_user      : False
[INFO] file_processing_time  : 7.582 sec
[VIS] matplotlib backend: agg
[VIS] saved figure: /home/robotics/UOS-RoboStack/submit_buffer3_search/algorithm_results_union_850_1400_1450_sweep/union_adaptive_first_850/vis/continuous_iid_003.png

[INFO] file_index            : 4/78
[INFO] input_file            : /home/robotics/UOS-RoboStack/submit_buffer3_search/algorithm_results_union_850_1400_1450_sweep/input_sequences/continuous_iid_003.json
[INFO] output_file           : /home/robotics/UOS-RoboStack/submit_buffer3_search/algorithm_results_union_850_1400_1450_sweep/union_adaptive_first_850/continuous_iid_003.json
[INFO] vis_file              : /home/robotics/UOS-RoboStack/submit_buffer3_search/algorithm_results_union_850_1400_1450_sweep/union_adaptive_first_850/vis/continuous_iid_003.png
[INFO] total_input_boxes     : 250
[INFO] output_boxes          : 78
[INFO] placed_count          : 78
[INFO] placed_volume         : 0.945955
[INFO] pallet_volume         : 1.500000
[INFO] max_top_height        : 1.222000
[INFO] utilization           : 0.6306
[INFO] utilization_percent   : 63.06%
[INFO] terminated            : True
[INFO] terminated_step       : 78
[INFO] finished_by_user      : False
[INFO] file_processing_time  : 6.802 sec
[VIS] matplotlib backend: agg
[VIS] saved figure: /home/robotics/UOS-RoboStack/submit_buffer3_search/algorithm_results_union_850_1400_1450_sweep/union_adaptive_first_850/vis/continuous_iid_004.png

[INFO] file_index            : 5/78
[INFO] input_file            : /home/robotics/UOS-RoboStack/submit_buffer3_search/algorithm_results_union_850_1400_1450_sweep/input_sequences/continuous_iid_004.json
[INFO] output_file           : /home/robotics/UOS-RoboStack/submit_buffer3_search/algorithm_results_union_850_1400_1450_sweep/union_adaptive_first_850/continuous_iid_004.json
[INFO] vis_file              : /home/robotics/UOS-RoboStack/submit_buffer3_search/algorithm_results_union_850_1400_1450_sweep/union_adaptive_first_850/vis/continuous_iid_004.png
[INFO] total_input_boxes     : 250
[INFO] output_boxes          : 82
[INFO] placed_count          : 82
[INFO] placed_volume         : 0.910524
[INFO] pallet_volume         : 1.500000
[INFO] max_top_height        : 1.231000
[INFO] utilization           : 0.6070
[INFO] utilization_percent   : 60.70%
[INFO] terminated            : True
[INFO] terminated_step       : 82
[INFO] finished_by_user      : False
[INFO] file_processing_time  : 6.862 sec
[VIS] matplotlib backend: agg
[VIS] saved figure: /home/robotics/UOS-RoboStack/submit_buffer3_search/algorithm_results_union_850_1400_1450_sweep/union_adaptive_first_850/vis/continuous_iid_005.png

[INFO] file_index            : 6/78
[INFO] input_file            : /home/robotics/UOS-RoboStack/submit_buffer3_search/algorithm_results_union_850_1400_1450_sweep/input_sequences/continuous_iid_005.json
[INFO] output_file           : /home/robotics/UOS-RoboStack/submit_buffer3_search/algorithm_results_union_850_1400_1450_sweep/union_adaptive_first_850/continuous_iid_005.json
[INFO] vis_file              : /home/robotics/UOS-RoboStack/submit_buffer3_search/algorithm_results_union_850_1400_1450_sweep/union_adaptive_first_850/vis/continuous_iid_005.png
[INFO] total_input_boxes     : 250
[INFO] output_boxes          : 87
[INFO] placed_count          : 87
[INFO] placed_volume         : 1.035244
[INFO] pallet_volume         : 1.500000
[INFO] max_top_height        : 1.247000
[INFO] utilization           : 0.6902
[INFO] utilization_percent   : 69.02%
[INFO] terminated            : True
[INFO] terminated_step       : 87
[INFO] finished_by_user      : False
[INFO] file_processing_time  : 7.585 sec
[VIS] matplotlib backend: agg
[VIS] saved figure: /home/robotics/UOS-RoboStack/submit_buffer3_search/algorithm_results_union_850_1400_1450_sweep/union_adaptive_first_850/vis/continuous_iid_006.png

[INFO] file_index            : 7/78
[INFO] input_file            : /home/robotics/UOS-RoboStack/submit_buffer3_search/algorithm_results_union_850_1400_1450_sweep/input_sequences/continuous_iid_006.json
[INFO] output_file           : /home/robotics/UOS-RoboStack/submit_buffer3_search/algorithm_results_union_850_1400_1450_sweep/union_adaptive_first_850/continuous_iid_006.json
[INFO] vis_file              : /home/robotics/UOS-RoboStack/submit_buffer3_search/algorithm_results_union_850_1400_1450_sweep/union_adaptive_first_850/vis/continuous_iid_006.png
[INFO] total_input_boxes     : 250
[INFO] output_boxes          : 87
[INFO] placed_count          : 87
[INFO] placed_volume         : 1.058811
[INFO] pallet_volume         : 1.500000
[INFO] max_top_height        : 1.235500
[INFO] utilization           : 0.7059
[INFO] utilization_percent   : 70.59%
[INFO] terminated            : True
[INFO] terminated_step       : 87
[INFO] finished_by_user      : False
[INFO] file_processing_time  : 7.773 sec
[VIS] matplotlib backend: agg
[VIS] saved figure: /home/robotics/UOS-RoboStack/submit_buffer3_search/algorithm_results_union_850_1400_1450_sweep/union_adaptive_first_850/vis/continuous_iid_007.png

[INFO] file_index            : 8/78
[INFO] input_file            : /home/robotics/UOS-RoboStack/submit_buffer3_search/algorithm_results_union_850_1400_1450_sweep/input_sequences/continuous_iid_007.json
[INFO] output_file           : /home/robotics/UOS-RoboStack/submit_buffer3_search/algorithm_results_union_850_1400_1450_sweep/union_adaptive_first_850/continuous_iid_007.json
[INFO] vis_file              : /home/robotics/UOS-RoboStack/submit_buffer3_search/algorithm_results_union_850_1400_1450_sweep/union_adaptive_first_850/vis/continuous_iid_007.png
[INFO] total_input_boxes     : 250
[INFO] output_boxes          : 78
[INFO] placed_count          : 78
[INFO] placed_volume         : 0.939494
[INFO] pallet_volume         : 1.500000
[INFO] max_top_height        : 1.249500
[INFO] utilization           : 0.6263
[INFO] utilization_percent   : 62.63%
[INFO] terminated            : True
[INFO] terminated_step       : 78
[INFO] finished_by_user      : False
[INFO] file_processing_time  : 6.016 sec
[VIS] matplotlib backend: agg
[VIS] saved figure: /home/robotics/UOS-RoboStack/submit_buffer3_search/algorithm_results_union_850_1400_1450_sweep/union_adaptive_first_850/vis/continuous_iid_008.png

[INFO] file_index            : 9/78
[INFO] input_file            : /home/robotics/UOS-RoboStack/submit_buffer3_search/algorithm_results_union_850_1400_1450_sweep/input_sequences/continuous_iid_008.json
[INFO] output_file           : /home/robotics/UOS-RoboStack/submit_buffer3_search/algorithm_results_union_850_1400_1450_sweep/union_adaptive_first_850/continuous_iid_008.json
[INFO] vis_file              : /home/robotics/UOS-RoboStack/submit_buffer3_search/algorithm_results_union_850_1400_1450_sweep/union_adaptive_first_850/vis/continuous_iid_008.png
[INFO] total_input_boxes     : 250
[INFO] output_boxes          : 85
[INFO] placed_count          : 85
[INFO] placed_volume         : 1.006372
[INFO] pallet_volume         : 1.500000
[INFO] max_top_height        : 1.239500
[INFO] utilization           : 0.6709
[INFO] utilization_percent   : 67.09%
[INFO] terminated            : True
[INFO] terminated_step       : 85
[INFO] finished_by_user      : False
[INFO] file_processing_time  : 7.548 sec
[VIS] matplotlib backend: agg
[VIS] saved figure: /home/robotics/UOS-RoboStack/submit_buffer3_search/algorithm_results_union_850_1400_1450_sweep/union_adaptive_first_850/vis/continuous_iid_009.png

[INFO] file_index            : 10/78
[INFO] input_file            : /home/robotics/UOS-RoboStack/submit_buffer3_search/algorithm_results_union_850_1400_1450_sweep/input_sequences/continuous_iid_009.json
[INFO] output_file           : /home/robotics/UOS-RoboStack/submit_buffer3_search/algorithm_results_union_850_1400_1450_sweep/union_adaptive_first_850/continuous_iid_009.json
[INFO] vis_file              : /home/robotics/UOS-RoboStack/submit_buffer3_search/algorithm_results_union_850_1400_1450_sweep/union_adaptive_first_850/vis/continuous_iid_009.png
[INFO] total_input_boxes     : 250
[INFO] output_boxes          : 87
[INFO] placed_count          : 87
[INFO] placed_volume         : 0.980261
[INFO] pallet_volume         : 1.500000
[INFO] max_top_height        : 1.244000
[INFO] utilization           : 0.6535
[INFO] utilization_percent   : 65.35%
[INFO] terminated            : True
[INFO] terminated_step       : 87
[INFO] finished_by_user      : False
[INFO] file_processing_time  : 9.157 sec
[VIS] matplotlib backend: agg
[VIS] saved figure: /home/robotics/UOS-RoboStack/submit_buffer3_search/algorithm_results_union_850_1400_1450_sweep/union_adaptive_first_850/vis/continuous_iid_010.png

[INFO] file_index            : 11/78
[INFO] input_file            : /home/robotics/UOS-RoboStack/submit_buffer3_search/algorithm_results_union_850_1400_1450_sweep/input_sequences/continuous_iid_010.json
[INFO] output_file           : /home/robotics/UOS-RoboStack/submit_buffer3_search/algorithm_results_union_850_1400_1450_sweep/union_adaptive_first_850/continuous_iid_010.json
[INFO] vis_file              : /home/robotics/UOS-RoboStack/submit_buffer3_search/algorithm_results_union_850_1400_1450_sweep/union_adaptive_first_850/vis/continuous_iid_010.png
[INFO] total_input_boxes     : 250
[INFO] output_boxes          : 76
[INFO] placed_count          : 76
[INFO] placed_volume         : 0.909191
[INFO] pallet_volume         : 1.500000
[INFO] max_top_height        : 1.245500
[INFO] utilization           : 0.6061
[INFO] utilization_percent   : 60.61%
[INFO] terminated            : True
[INFO] terminated_step       : 76
[INFO] finished_by_user      : False
[INFO] file_processing_time  : 6.623 sec
[VIS] matplotlib backend: agg
[VIS] saved figure: /home/robotics/UOS-RoboStack/submit_buffer3_search/algorithm_results_union_850_1400_1450_sweep/union_adaptive_first_850/vis/continuous_iid_011.png

[INFO] file_index            : 12/78
[INFO] input_file            : /home/robotics/UOS-RoboStack/submit_buffer3_search/algorithm_results_union_850_1400_1450_sweep/input_sequences/continuous_iid_011.json
[INFO] output_file           : /home/robotics/UOS-RoboStack/submit_buffer3_search/algorithm_results_union_850_1400_1450_sweep/union_adaptive_first_850/continuous_iid_011.json
[INFO] vis_file              : /home/robotics/UOS-RoboStack/submit_buffer3_search/algorithm_results_union_850_1400_1450_sweep/union_adaptive_first_850/vis/continuous_iid_011.png
[INFO] total_input_boxes     : 250
[INFO] output_boxes          : 88
[INFO] placed_count          : 88
[INFO] placed_volume         : 1.042309
[INFO] pallet_volume         : 1.500000
[INFO] max_top_height        : 1.244500
[INFO] utilization           : 0.6949
[INFO] utilization_percent   : 69.49%
[INFO] terminated            : True
[INFO] terminated_step       : 88
[INFO] finished_by_user      : False
[INFO] file_processing_time  : 8.726 sec
[VIS] matplotlib backend: agg
[VIS] saved figure: /home/robotics/UOS-RoboStack/submit_buffer3_search/algorithm_results_union_850_1400_1450_sweep/union_adaptive_first_850/vis/continuous_iid_012.png

[INFO] file_index            : 13/78
[INFO] input_file            : /home/robotics/UOS-RoboStack/submit_buffer3_search/algorithm_results_union_850_1400_1450_sweep/input_sequences/continuous_iid_012.json
[INFO] output_file           : /home/robotics/UOS-RoboStack/submit_buffer3_search/algorithm_results_union_850_1400_1450_sweep/union_adaptive_first_850/continuous_iid_012.json
[INFO] vis_file              : /home/robotics/UOS-RoboStack/submit_buffer3_search/algorithm_results_union_850_1400_1450_sweep/union_adaptive_first_850/vis/continuous_iid_012.png
[INFO] total_input_boxes     : 250
[INFO] output_boxes          : 90
[INFO] placed_count          : 90
[INFO] placed_volume         : 1.009921
[INFO] pallet_volume         : 1.500000
[INFO] max_top_height        : 1.223500
[INFO] utilization           : 0.6733
[INFO] utilization_percent   : 67.33%
[INFO] terminated            : True
[INFO] terminated_step       : 90
[INFO] finished_by_user      : False
[INFO] file_processing_time  : 8.872 sec
[VIS] matplotlib backend: agg
[VIS] saved figure: /home/robotics/UOS-RoboStack/submit_buffer3_search/algorithm_results_union_850_1400_1450_sweep/union_adaptive_first_850/vis/continuous_iid_013.png

[INFO] file_index            : 14/78
[INFO] input_file            : /home/robotics/UOS-RoboStack/submit_buffer3_search/algorithm_results_union_850_1400_1450_sweep/input_sequences/continuous_iid_013.json
[INFO] output_file           : /home/robotics/UOS-RoboStack/submit_buffer3_search/algorithm_results_union_850_1400_1450_sweep/union_adaptive_first_850/continuous_iid_013.json
[INFO] vis_file              : /home/robotics/UOS-RoboStack/submit_buffer3_search/algorithm_results_union_850_1400_1450_sweep/union_adaptive_first_850/vis/continuous_iid_013.png
[INFO] total_input_boxes     : 250
[INFO] output_boxes          : 78
[INFO] placed_count          : 78
[INFO] placed_volume         : 0.908264
[INFO] pallet_volume         : 1.500000
[INFO] max_top_height        : 1.181000
[INFO] utilization           : 0.6055
[INFO] utilization_percent   : 60.55%
[INFO] terminated            : True
[INFO] terminated_step       : 78
[INFO] finished_by_user      : False
[INFO] file_processing_time  : 7.243 sec
[VIS] matplotlib backend: agg
[VIS] saved figure: /home/robotics/UOS-RoboStack/submit_buffer3_search/algorithm_results_union_850_1400_1450_sweep/union_adaptive_first_850/vis/continuous_iid_014.png

[INFO] file_index            : 15/78
[INFO] input_file            : /home/robotics/UOS-RoboStack/submit_buffer3_search/algorithm_results_union_850_1400_1450_sweep/input_sequences/continuous_iid_014.json
[INFO] output_file           : /home/robotics/UOS-RoboStack/submit_buffer3_search/algorithm_results_union_850_1400_1450_sweep/union_adaptive_first_850/continuous_iid_014.json
[INFO] vis_file              : /home/robotics/UOS-RoboStack/submit_buffer3_search/algorithm_results_union_850_1400_1450_sweep/union_adaptive_first_850/vis/continuous_iid_014.png
[INFO] total_input_boxes     : 250
[INFO] output_boxes          : 69
[INFO] placed_count          : 69
[INFO] placed_volume         : 0.823014
[INFO] pallet_volume         : 1.500000
[INFO] max_top_height        : 1.167500
[INFO] utilization           : 0.5487
[INFO] utilization_percent   : 54.87%
[INFO] terminated            : True
[INFO] terminated_step       : 69
[INFO] finished_by_user      : False
[INFO] file_processing_time  : 5.564 sec
[VIS] matplotlib backend: agg
[VIS] saved figure: /home/robotics/UOS-RoboStack/submit_buffer3_search/algorithm_results_union_850_1400_1450_sweep/union_adaptive_first_850/vis/continuous_iid_015.png

[INFO] file_index            : 16/78
[INFO] input_file            : /home/robotics/UOS-RoboStack/submit_buffer3_search/algorithm_results_union_850_1400_1450_sweep/input_sequences/continuous_iid_015.json
[INFO] output_file           : /home/robotics/UOS-RoboStack/submit_buffer3_search/algorithm_results_union_850_1400_1450_sweep/union_adaptive_first_850/continuous_iid_015.json
[INFO] vis_file              : /home/robotics/UOS-RoboStack/submit_buffer3_search/algorithm_results_union_850_1400_1450_sweep/union_adaptive_first_850/vis/continuous_iid_015.png
[INFO] total_input_boxes     : 250
[INFO] output_boxes          : 89
[INFO] placed_count          : 89
[INFO] placed_volume         : 1.076856
[INFO] pallet_volume         : 1.500000
[INFO] max_top_height        : 1.246000
[INFO] utilization           : 0.7179
[INFO] utilization_percent   : 71.79%
[INFO] terminated            : True
[INFO] terminated_step       : 89
[INFO] finished_by_user      : False
[INFO] file_processing_time  : 8.822 sec
[VIS] matplotlib backend: agg
[VIS] saved figure: /home/robotics/UOS-RoboStack/submit_buffer3_search/algorithm_results_union_850_1400_1450_sweep/union_adaptive_first_850/vis/continuous_iid_016.png

[INFO] file_index            : 17/78
[INFO] input_file            : /home/robotics/UOS-RoboStack/submit_buffer3_search/algorithm_results_union_850_1400_1450_sweep/input_sequences/continuous_iid_016.json
[INFO] output_file           : /home/robotics/UOS-RoboStack/submit_buffer3_search/algorithm_results_union_850_1400_1450_sweep/union_adaptive_first_850/continuous_iid_016.json
[INFO] vis_file              : /home/robotics/UOS-RoboStack/submit_buffer3_search/algorithm_results_union_850_1400_1450_sweep/union_adaptive_first_850/vis/continuous_iid_016.png
[INFO] total_input_boxes     : 250
[INFO] output_boxes          : 78
[INFO] placed_count          : 78
[INFO] placed_volume         : 0.937527
[INFO] pallet_volume         : 1.500000
[INFO] max_top_height        : 1.248500
[INFO] utilization           : 0.6250
[INFO] utilization_percent   : 62.50%
[INFO] terminated            : True
[INFO] terminated_step       : 78
[INFO] finished_by_user      : False
[INFO] file_processing_time  : 6.488 sec
[VIS] matplotlib backend: agg
[VIS] saved figure: /home/robotics/UOS-RoboStack/submit_buffer3_search/algorithm_results_union_850_1400_1450_sweep/union_adaptive_first_850/vis/continuous_iid_017.png

[INFO] file_index            : 18/78
[INFO] input_file            : /home/robotics/UOS-RoboStack/submit_buffer3_search/algorithm_results_union_850_1400_1450_sweep/input_sequences/continuous_iid_017.json
[INFO] output_file           : /home/robotics/UOS-RoboStack/submit_buffer3_search/algorithm_results_union_850_1400_1450_sweep/union_adaptive_first_850/continuous_iid_017.json
[INFO] vis_file              : /home/robotics/UOS-RoboStack/submit_buffer3_search/algorithm_results_union_850_1400_1450_sweep/union_adaptive_first_850/vis/continuous_iid_017.png
[INFO] total_input_boxes     : 250
[INFO] output_boxes          : 82
[INFO] placed_count          : 82
[INFO] placed_volume         : 0.948773
[INFO] pallet_volume         : 1.500000
[INFO] max_top_height        : 1.222500
[INFO] utilization           : 0.6325
[INFO] utilization_percent   : 63.25%
[INFO] terminated            : True
[INFO] terminated_step       : 82
[INFO] finished_by_user      : False
[INFO] file_processing_time  : 8.135 sec
[VIS] matplotlib backend: agg
[VIS] saved figure: /home/robotics/UOS-RoboStack/submit_buffer3_search/algorithm_results_union_850_1400_1450_sweep/union_adaptive_first_850/vis/continuous_iid_018.png

[INFO] file_index            : 19/78
[INFO] input_file            : /home/robotics/UOS-RoboStack/submit_buffer3_search/algorithm_results_union_850_1400_1450_sweep/input_sequences/continuous_iid_018.json
[INFO] output_file           : /home/robotics/UOS-RoboStack/submit_buffer3_search/algorithm_results_union_850_1400_1450_sweep/union_adaptive_first_850/continuous_iid_018.json
[INFO] vis_file              : /home/robotics/UOS-RoboStack/submit_buffer3_search/algorithm_results_union_850_1400_1450_sweep/union_adaptive_first_850/vis/continuous_iid_018.png
[INFO] total_input_boxes     : 250
[INFO] output_boxes          : 81
[INFO] placed_count          : 81
[INFO] placed_volume         : 0.937907
[INFO] pallet_volume         : 1.500000
[INFO] max_top_height        : 1.243000
[INFO] utilization           : 0.6253
[INFO] utilization_percent   : 62.53%
[INFO] terminated            : True
[INFO] terminated_step       : 81
[INFO] finished_by_user      : False
[INFO] file_processing_time  : 6.550 sec
[VIS] matplotlib backend: agg
[VIS] saved figure: /home/robotics/UOS-RoboStack/submit_buffer3_search/algorithm_results_union_850_1400_1450_sweep/union_adaptive_first_850/vis/continuous_iid_019.png

[INFO] file_index            : 20/78
[INFO] input_file            : /home/robotics/UOS-RoboStack/submit_buffer3_search/algorithm_results_union_850_1400_1450_sweep/input_sequences/continuous_iid_019.json
[INFO] output_file           : /home/robotics/UOS-RoboStack/submit_buffer3_search/algorithm_results_union_850_1400_1450_sweep/union_adaptive_first_850/continuous_iid_019.json
[INFO] vis_file              : /home/robotics/UOS-RoboStack/submit_buffer3_search/algorithm_results_union_850_1400_1450_sweep/union_adaptive_first_850/vis/continuous_iid_019.png
[INFO] total_input_boxes     : 250
[INFO] output_boxes          : 87
[INFO] placed_count          : 87
[INFO] placed_volume         : 1.058818
[INFO] pallet_volume         : 1.500000
[INFO] max_top_height        : 1.235500
[INFO] utilization           : 0.7059
[INFO] utilization_percent   : 70.59%
[INFO] terminated            : True
[INFO] terminated_step       : 87
[INFO] finished_by_user      : False
[INFO] file_processing_time  : 6.849 sec
[VIS] matplotlib backend: agg
[VIS] saved figure: /home/robotics/UOS-RoboStack/submit_buffer3_search/algorithm_results_union_850_1400_1450_sweep/union_adaptive_first_850/vis/continuous_iid_020.png

[INFO] file_index            : 21/78
[INFO] input_file            : /home/robotics/UOS-RoboStack/submit_buffer3_search/algorithm_results_union_850_1400_1450_sweep/input_sequences/continuous_iid_020.json
[INFO] output_file           : /home/robotics/UOS-RoboStack/submit_buffer3_search/algorithm_results_union_850_1400_1450_sweep/union_adaptive_first_850/continuous_iid_020.json
[INFO] vis_file              : /home/robotics/UOS-RoboStack/submit_buffer3_search/algorithm_results_union_850_1400_1450_sweep/union_adaptive_first_850/vis/continuous_iid_020.png
[INFO] total_input_boxes     : 250
[INFO] output_boxes          : 85
[INFO] placed_count          : 85
[INFO] placed_volume         : 1.028778
[INFO] pallet_volume         : 1.500000
[INFO] max_top_height        : 1.224000
[INFO] utilization           : 0.6859
[INFO] utilization_percent   : 68.59%
[INFO] terminated            : True
[INFO] terminated_step       : 85
[INFO] finished_by_user      : False
[INFO] file_processing_time  : 7.898 sec
[VIS] matplotlib backend: agg
[VIS] saved figure: /home/robotics/UOS-RoboStack/submit_buffer3_search/algorithm_results_union_850_1400_1450_sweep/union_adaptive_first_850/vis/continuous_iid_021.png

[INFO] file_index            : 22/78
[INFO] input_file            : /home/robotics/UOS-RoboStack/submit_buffer3_search/algorithm_results_union_850_1400_1450_sweep/input_sequences/continuous_iid_021.json
[INFO] output_file           : /home/robotics/UOS-RoboStack/submit_buffer3_search/algorithm_results_union_850_1400_1450_sweep/union_adaptive_first_850/continuous_iid_021.json
[INFO] vis_file              : /home/robotics/UOS-RoboStack/submit_buffer3_search/algorithm_results_union_850_1400_1450_sweep/union_adaptive_first_850/vis/continuous_iid_021.png
[INFO] total_input_boxes     : 250
[INFO] output_boxes          : 87
[INFO] placed_count          : 87
[INFO] placed_volume         : 0.993115
[INFO] pallet_volume         : 1.500000
[INFO] max_top_height        : 1.204000
[INFO] utilization           : 0.6621
[INFO] utilization_percent   : 66.21%
[INFO] terminated            : True
[INFO] terminated_step       : 87
[INFO] finished_by_user      : False
[INFO] file_processing_time  : 10.088 sec
[VIS] matplotlib backend: agg
[VIS] saved figure: /home/robotics/UOS-RoboStack/submit_buffer3_search/algorithm_results_union_850_1400_1450_sweep/union_adaptive_first_850/vis/continuous_iid_022.png

[INFO] file_index            : 23/78
[INFO] input_file            : /home/robotics/UOS-RoboStack/submit_buffer3_search/algorithm_results_union_850_1400_1450_sweep/input_sequences/continuous_iid_022.json
[INFO] output_file           : /home/robotics/UOS-RoboStack/submit_buffer3_search/algorithm_results_union_850_1400_1450_sweep/union_adaptive_first_850/continuous_iid_022.json
[INFO] vis_file              : /home/robotics/UOS-RoboStack/submit_buffer3_search/algorithm_results_union_850_1400_1450_sweep/union_adaptive_first_850/vis/continuous_iid_022.png
[INFO] total_input_boxes     : 250
[INFO] output_boxes          : 87
[INFO] placed_count          : 87
[INFO] placed_volume         : 1.001169
[INFO] pallet_volume         : 1.500000
[INFO] max_top_height        : 1.201500
[INFO] utilization           : 0.6674
[INFO] utilization_percent   : 66.74%
[INFO] terminated            : True
[INFO] terminated_step       : 87
[INFO] finished_by_user      : False
[INFO] file_processing_time  : 18.971 sec
[VIS] matplotlib backend: agg
[VIS] saved figure: /home/robotics/UOS-RoboStack/submit_buffer3_search/algorithm_results_union_850_1400_1450_sweep/union_adaptive_first_850/vis/continuous_iid_023.png

[INFO] file_index            : 24/78
[INFO] input_file            : /home/robotics/UOS-RoboStack/submit_buffer3_search/algorithm_results_union_850_1400_1450_sweep/input_sequences/continuous_iid_023.json
[INFO] output_file           : /home/robotics/UOS-RoboStack/submit_buffer3_search/algorithm_results_union_850_1400_1450_sweep/union_adaptive_first_850/continuous_iid_023.json
[INFO] vis_file              : /home/robotics/UOS-RoboStack/submit_buffer3_search/algorithm_results_union_850_1400_1450_sweep/union_adaptive_first_850/vis/continuous_iid_023.png
[INFO] total_input_boxes     : 250
[INFO] output_boxes          : 92
[INFO] placed_count          : 92
[INFO] placed_volume         : 1.069739
[INFO] pallet_volume         : 1.500000
[INFO] max_top_height        : 1.242000
[INFO] utilization           : 0.7132
[INFO] utilization_percent   : 71.32%
[INFO] terminated            : True
[INFO] terminated_step       : 92
[INFO] finished_by_user      : False
[INFO] file_processing_time  : 8.595 sec
[VIS] matplotlib backend: agg
[VIS] saved figure: /home/robotics/UOS-RoboStack/submit_buffer3_search/algorithm_results_union_850_1400_1450_sweep/union_adaptive_first_850/vis/continuous_iid_024.png

[INFO] file_index            : 25/78
[INFO] input_file            : /home/robotics/UOS-RoboStack/submit_buffer3_search/algorithm_results_union_850_1400_1450_sweep/input_sequences/continuous_iid_024.json
[INFO] output_file           : /home/robotics/UOS-RoboStack/submit_buffer3_search/algorithm_results_union_850_1400_1450_sweep/union_adaptive_first_850/continuous_iid_024.json
[INFO] vis_file              : /home/robotics/UOS-RoboStack/submit_buffer3_search/algorithm_results_union_850_1400_1450_sweep/union_adaptive_first_850/vis/continuous_iid_024.png
[INFO] total_input_boxes     : 250
[INFO] output_boxes          : 79
[INFO] placed_count          : 79
[INFO] placed_volume         : 0.903732
[INFO] pallet_volume         : 1.500000
[INFO] max_top_height        : 1.240000
[INFO] utilization           : 0.6025
[INFO] utilization_percent   : 60.25%
[INFO] terminated            : True
[INFO] terminated_step       : 79
[INFO] finished_by_user      : False
[INFO] file_processing_time  : 7.496 sec
[VIS] matplotlib backend: agg
[VIS] saved figure: /home/robotics/UOS-RoboStack/submit_buffer3_search/algorithm_results_union_850_1400_1450_sweep/union_adaptive_first_850/vis/continuous_iid_025.png

[INFO] file_index            : 26/78
[INFO] input_file            : /home/robotics/UOS-RoboStack/submit_buffer3_search/algorithm_results_union_850_1400_1450_sweep/input_sequences/continuous_iid_025.json
[INFO] output_file           : /home/robotics/UOS-RoboStack/submit_buffer3_search/algorithm_results_union_850_1400_1450_sweep/union_adaptive_first_850/continuous_iid_025.json
[INFO] vis_file              : /home/robotics/UOS-RoboStack/submit_buffer3_search/algorithm_results_union_850_1400_1450_sweep/union_adaptive_first_850/vis/continuous_iid_025.png
[INFO] total_input_boxes     : 250
[INFO] output_boxes          : 87
[INFO] placed_count          : 87
[INFO] placed_volume         : 1.000956
[INFO] pallet_volume         : 1.500000
[INFO] max_top_height        : 1.228500
[INFO] utilization           : 0.6673
[INFO] utilization_percent   : 66.73%
[INFO] terminated            : True
[INFO] terminated_step       : 87
[INFO] finished_by_user      : False
[INFO] file_processing_time  : 9.064 sec
[VIS] matplotlib backend: agg
[VIS] saved figure: /home/robotics/UOS-RoboStack/submit_buffer3_search/algorithm_results_union_850_1400_1450_sweep/union_adaptive_first_850/vis/continuous_iid_026.png

[INFO] file_index            : 27/78
[INFO] input_file            : /home/robotics/UOS-RoboStack/submit_buffer3_search/algorithm_results_union_850_1400_1450_sweep/input_sequences/continuous_iid_026.json
[INFO] output_file           : /home/robotics/UOS-RoboStack/submit_buffer3_search/algorithm_results_union_850_1400_1450_sweep/union_adaptive_first_850/continuous_iid_026.json
[INFO] vis_file              : /home/robotics/UOS-RoboStack/submit_buffer3_search/algorithm_results_union_850_1400_1450_sweep/union_adaptive_first_850/vis/continuous_iid_026.png
[INFO] total_input_boxes     : 250
[INFO] output_boxes          : 80
[INFO] placed_count          : 80
[INFO] placed_volume         : 0.909323
[INFO] pallet_volume         : 1.500000
[INFO] max_top_height        : 1.237500
[INFO] utilization           : 0.6062
[INFO] utilization_percent   : 60.62%
[INFO] terminated            : True
[INFO] terminated_step       : 80
[INFO] finished_by_user      : False
[INFO] file_processing_time  : 6.442 sec
[VIS] matplotlib backend: agg
[VIS] saved figure: /home/robotics/UOS-RoboStack/submit_buffer3_search/algorithm_results_union_850_1400_1450_sweep/union_adaptive_first_850/vis/continuous_iid_027.png

[INFO] file_index            : 28/78
[INFO] input_file            : /home/robotics/UOS-RoboStack/submit_buffer3_search/algorithm_results_union_850_1400_1450_sweep/input_sequences/continuous_iid_027.json
[INFO] output_file           : /home/robotics/UOS-RoboStack/submit_buffer3_search/algorithm_results_union_850_1400_1450_sweep/union_adaptive_first_850/continuous_iid_027.json
[INFO] vis_file              : /home/robotics/UOS-RoboStack/submit_buffer3_search/algorithm_results_union_850_1400_1450_sweep/union_adaptive_first_850/vis/continuous_iid_027.png
[INFO] total_input_boxes     : 250
[INFO] output_boxes          : 91
[INFO] placed_count          : 91
[INFO] placed_volume         : 1.050920
[INFO] pallet_volume         : 1.500000
[INFO] max_top_height        : 1.249500
[INFO] utilization           : 0.7006
[INFO] utilization_percent   : 70.06%
[INFO] terminated            : True
[INFO] terminated_step       : 91
[INFO] finished_by_user      : False
[INFO] file_processing_time  : 7.912 sec
[VIS] matplotlib backend: agg
[VIS] saved figure: /home/robotics/UOS-RoboStack/submit_buffer3_search/algorithm_results_union_850_1400_1450_sweep/union_adaptive_first_850/vis/continuous_iid_028.png

[INFO] file_index            : 29/78
[INFO] input_file            : /home/robotics/UOS-RoboStack/submit_buffer3_search/algorithm_results_union_850_1400_1450_sweep/input_sequences/continuous_iid_028.json
[INFO] output_file           : /home/robotics/UOS-RoboStack/submit_buffer3_search/algorithm_results_union_850_1400_1450_sweep/union_adaptive_first_850/continuous_iid_028.json
[INFO] vis_file              : /home/robotics/UOS-RoboStack/submit_buffer3_search/algorithm_results_union_850_1400_1450_sweep/union_adaptive_first_850/vis/continuous_iid_028.png
[INFO] total_input_boxes     : 250
[INFO] output_boxes          : 84
[INFO] placed_count          : 84
[INFO] placed_volume         : 1.023576
[INFO] pallet_volume         : 1.500000
[INFO] max_top_height        : 1.229500
[INFO] utilization           : 0.6824
[INFO] utilization_percent   : 68.24%
[INFO] terminated            : True
[INFO] terminated_step       : 84
[INFO] finished_by_user      : False
[INFO] file_processing_time  : 6.635 sec
[VIS] matplotlib backend: agg
[VIS] saved figure: /home/robotics/UOS-RoboStack/submit_buffer3_search/algorithm_results_union_850_1400_1450_sweep/union_adaptive_first_850/vis/continuous_iid_029.png

[INFO] file_index            : 30/78
[INFO] input_file            : /home/robotics/UOS-RoboStack/submit_buffer3_search/algorithm_results_union_850_1400_1450_sweep/input_sequences/continuous_iid_029.json
[INFO] output_file           : /home/robotics/UOS-RoboStack/submit_buffer3_search/algorithm_results_union_850_1400_1450_sweep/union_adaptive_first_850/continuous_iid_029.json
[INFO] vis_file              : /home/robotics/UOS-RoboStack/submit_buffer3_search/algorithm_results_union_850_1400_1450_sweep/union_adaptive_first_850/vis/continuous_iid_029.png
[INFO] total_input_boxes     : 250
[INFO] output_boxes          : 94
[INFO] placed_count          : 94
[INFO] placed_volume         : 1.073888
[INFO] pallet_volume         : 1.500000
[INFO] max_top_height        : 1.245500
[INFO] utilization           : 0.7159
[INFO] utilization_percent   : 71.59%
[INFO] terminated            : True
[INFO] terminated_step       : 94
[INFO] finished_by_user      : False
[INFO] file_processing_time  : 16.582 sec
[VIS] matplotlib backend: agg
[VIS] saved figure: /home/robotics/UOS-RoboStack/submit_buffer3_search/algorithm_results_union_850_1400_1450_sweep/union_adaptive_first_850/vis/continuous_iid_030.png

[INFO] file_index            : 31/78
[INFO] input_file            : /home/robotics/UOS-RoboStack/submit_buffer3_search/algorithm_results_union_850_1400_1450_sweep/input_sequences/continuous_iid_030.json
[INFO] output_file           : /home/robotics/UOS-RoboStack/submit_buffer3_search/algorithm_results_union_850_1400_1450_sweep/union_adaptive_first_850/continuous_iid_030.json
[INFO] vis_file              : /home/robotics/UOS-RoboStack/submit_buffer3_search/algorithm_results_union_850_1400_1450_sweep/union_adaptive_first_850/vis/continuous_iid_030.png
[INFO] total_input_boxes     : 250
[INFO] output_boxes          : 93
[INFO] placed_count          : 93
[INFO] placed_volume         : 1.095513
[INFO] pallet_volume         : 1.500000
[INFO] max_top_height        : 1.241000
[INFO] utilization           : 0.7303
[INFO] utilization_percent   : 73.03%
[INFO] terminated            : True
[INFO] terminated_step       : 93
[INFO] finished_by_user      : False
[INFO] file_processing_time  : 7.377 sec
[VIS] matplotlib backend: agg
[VIS] saved figure: /home/robotics/UOS-RoboStack/submit_buffer3_search/algorithm_results_union_850_1400_1450_sweep/union_adaptive_first_850/vis/continuous_iid_031.png

[INFO] file_index            : 32/78
[INFO] input_file            : /home/robotics/UOS-RoboStack/submit_buffer3_search/algorithm_results_union_850_1400_1450_sweep/input_sequences/continuous_iid_031.json
[INFO] output_file           : /home/robotics/UOS-RoboStack/submit_buffer3_search/algorithm_results_union_850_1400_1450_sweep/union_adaptive_first_850/continuous_iid_031.json
[INFO] vis_file              : /home/robotics/UOS-RoboStack/submit_buffer3_search/algorithm_results_union_850_1400_1450_sweep/union_adaptive_first_850/vis/continuous_iid_031.png
[INFO] total_input_boxes     : 250
[INFO] output_boxes          : 80
[INFO] placed_count          : 80
[INFO] placed_volume         : 0.990074
[INFO] pallet_volume         : 1.500000
[INFO] max_top_height        : 1.225000
[INFO] utilization           : 0.6600
[INFO] utilization_percent   : 66.00%
[INFO] terminated            : True
[INFO] terminated_step       : 80
[INFO] finished_by_user      : False
[INFO] file_processing_time  : 6.782 sec
[VIS] matplotlib backend: agg
[VIS] saved figure: /home/robotics/UOS-RoboStack/submit_buffer3_search/algorithm_results_union_850_1400_1450_sweep/union_adaptive_first_850/vis/continuous_iid_032.png

[INFO] file_index            : 33/78
[INFO] input_file            : /home/robotics/UOS-RoboStack/submit_buffer3_search/algorithm_results_union_850_1400_1450_sweep/input_sequences/continuous_iid_032.json
[INFO] output_file           : /home/robotics/UOS-RoboStack/submit_buffer3_search/algorithm_results_union_850_1400_1450_sweep/union_adaptive_first_850/continuous_iid_032.json
[INFO] vis_file              : /home/robotics/UOS-RoboStack/submit_buffer3_search/algorithm_results_union_850_1400_1450_sweep/union_adaptive_first_850/vis/continuous_iid_032.png
[INFO] total_input_boxes     : 250
[INFO] output_boxes          : 79
[INFO] placed_count          : 79
[INFO] placed_volume         : 0.890830
[INFO] pallet_volume         : 1.500000
[INFO] max_top_height        : 1.160500
[INFO] utilization           : 0.5939
[INFO] utilization_percent   : 59.39%
[INFO] terminated            : True
[INFO] terminated_step       : 79
[INFO] finished_by_user      : False
[INFO] file_processing_time  : 8.072 sec
[VIS] matplotlib backend: agg
[VIS] saved figure: /home/robotics/UOS-RoboStack/submit_buffer3_search/algorithm_results_union_850_1400_1450_sweep/union_adaptive_first_850/vis/continuous_iid_033.png

[INFO] file_index            : 34/78
[INFO] input_file            : /home/robotics/UOS-RoboStack/submit_buffer3_search/algorithm_results_union_850_1400_1450_sweep/input_sequences/continuous_iid_033.json
[INFO] output_file           : /home/robotics/UOS-RoboStack/submit_buffer3_search/algorithm_results_union_850_1400_1450_sweep/union_adaptive_first_850/continuous_iid_033.json
[INFO] vis_file              : /home/robotics/UOS-RoboStack/submit_buffer3_search/algorithm_results_union_850_1400_1450_sweep/union_adaptive_first_850/vis/continuous_iid_033.png
[INFO] total_input_boxes     : 250
[INFO] output_boxes          : 90
[INFO] placed_count          : 90
[INFO] placed_volume         : 1.007076
[INFO] pallet_volume         : 1.500000
[INFO] max_top_height        : 1.247000
[INFO] utilization           : 0.6714
[INFO] utilization_percent   : 67.14%
[INFO] terminated            : True
[INFO] terminated_step       : 90
[INFO] finished_by_user      : False
[INFO] file_processing_time  : 16.648 sec
[VIS] matplotlib backend: agg
[VIS] saved figure: /home/robotics/UOS-RoboStack/submit_buffer3_search/algorithm_results_union_850_1400_1450_sweep/union_adaptive_first_850/vis/continuous_iid_034.png

[INFO] file_index            : 35/78
[INFO] input_file            : /home/robotics/UOS-RoboStack/submit_buffer3_search/algorithm_results_union_850_1400_1450_sweep/input_sequences/continuous_iid_034.json
[INFO] output_file           : /home/robotics/UOS-RoboStack/submit_buffer3_search/algorithm_results_union_850_1400_1450_sweep/union_adaptive_first_850/continuous_iid_034.json
[INFO] vis_file              : /home/robotics/UOS-RoboStack/submit_buffer3_search/algorithm_results_union_850_1400_1450_sweep/union_adaptive_first_850/vis/continuous_iid_034.png
[INFO] total_input_boxes     : 250
[INFO] output_boxes          : 76
[INFO] placed_count          : 76
[INFO] placed_volume         : 0.902042
[INFO] pallet_volume         : 1.500000
[INFO] max_top_height        : 1.242500
[INFO] utilization           : 0.6014
[INFO] utilization_percent   : 60.14%
[INFO] terminated            : True
[INFO] terminated_step       : 76
[INFO] finished_by_user      : False
[INFO] file_processing_time  : 10.783 sec
[VIS] matplotlib backend: agg
[VIS] saved figure: /home/robotics/UOS-RoboStack/submit_buffer3_search/algorithm_results_union_850_1400_1450_sweep/union_adaptive_first_850/vis/continuous_iid_035.png

[INFO] file_index            : 36/78
[INFO] input_file            : /home/robotics/UOS-RoboStack/submit_buffer3_search/algorithm_results_union_850_1400_1450_sweep/input_sequences/continuous_iid_035.json
[INFO] output_file           : /home/robotics/UOS-RoboStack/submit_buffer3_search/algorithm_results_union_850_1400_1450_sweep/union_adaptive_first_850/continuous_iid_035.json
[INFO] vis_file              : /home/robotics/UOS-RoboStack/submit_buffer3_search/algorithm_results_union_850_1400_1450_sweep/union_adaptive_first_850/vis/continuous_iid_035.png
[INFO] total_input_boxes     : 250
[INFO] output_boxes          : 77
[INFO] placed_count          : 77
[INFO] placed_volume         : 0.950732
[INFO] pallet_volume         : 1.500000
[INFO] max_top_height        : 1.193500
[INFO] utilization           : 0.6338
[INFO] utilization_percent   : 63.38%
[INFO] terminated            : True
[INFO] terminated_step       : 77
[INFO] finished_by_user      : False
[INFO] file_processing_time  : 6.368 sec
[VIS] matplotlib backend: agg
[VIS] saved figure: /home/robotics/UOS-RoboStack/submit_buffer3_search/algorithm_results_union_850_1400_1450_sweep/union_adaptive_first_850/vis/continuous_iid_036.png

[INFO] file_index            : 37/78
[INFO] input_file            : /home/robotics/UOS-RoboStack/submit_buffer3_search/algorithm_results_union_850_1400_1450_sweep/input_sequences/continuous_iid_036.json
[INFO] output_file           : /home/robotics/UOS-RoboStack/submit_buffer3_search/algorithm_results_union_850_1400_1450_sweep/union_adaptive_first_850/continuous_iid_036.json
[INFO] vis_file              : /home/robotics/UOS-RoboStack/submit_buffer3_search/algorithm_results_union_850_1400_1450_sweep/union_adaptive_first_850/vis/continuous_iid_036.png
[INFO] total_input_boxes     : 250
[INFO] output_boxes          : 85
[INFO] placed_count          : 85
[INFO] placed_volume         : 1.014978
[INFO] pallet_volume         : 1.500000
[INFO] max_top_height        : 1.225500
[INFO] utilization           : 0.6767
[INFO] utilization_percent   : 67.67%
[INFO] terminated            : True
[INFO] terminated_step       : 85
[INFO] finished_by_user      : False
[INFO] file_processing_time  : 6.437 sec
[VIS] matplotlib backend: agg
[VIS] saved figure: /home/robotics/UOS-RoboStack/submit_buffer3_search/algorithm_results_union_850_1400_1450_sweep/union_adaptive_first_850/vis/continuous_iid_037.png

[INFO] file_index            : 38/78
[INFO] input_file            : /home/robotics/UOS-RoboStack/submit_buffer3_search/algorithm_results_union_850_1400_1450_sweep/input_sequences/continuous_iid_037.json
[INFO] output_file           : /home/robotics/UOS-RoboStack/submit_buffer3_search/algorithm_results_union_850_1400_1450_sweep/union_adaptive_first_850/continuous_iid_037.json
[INFO] vis_file              : /home/robotics/UOS-RoboStack/submit_buffer3_search/algorithm_results_union_850_1400_1450_sweep/union_adaptive_first_850/vis/continuous_iid_037.png
[INFO] total_input_boxes     : 250
[INFO] output_boxes          : 86
[INFO] placed_count          : 86
[INFO] placed_volume         : 1.007844
[INFO] pallet_volume         : 1.500000
[INFO] max_top_height        : 1.221500
[INFO] utilization           : 0.6719
[INFO] utilization_percent   : 67.19%
[INFO] terminated            : True
[INFO] terminated_step       : 86
[INFO] finished_by_user      : False
[INFO] file_processing_time  : 7.663 sec
[VIS] matplotlib backend: agg
[VIS] saved figure: /home/robotics/UOS-RoboStack/submit_buffer3_search/algorithm_results_union_850_1400_1450_sweep/union_adaptive_first_850/vis/continuous_iid_038.png

[INFO] file_index            : 39/78
[INFO] input_file            : /home/robotics/UOS-RoboStack/submit_buffer3_search/algorithm_results_union_850_1400_1450_sweep/input_sequences/continuous_iid_038.json
[INFO] output_file           : /home/robotics/UOS-RoboStack/submit_buffer3_search/algorithm_results_union_850_1400_1450_sweep/union_adaptive_first_850/continuous_iid_038.json
[INFO] vis_file              : /home/robotics/UOS-RoboStack/submit_buffer3_search/algorithm_results_union_850_1400_1450_sweep/union_adaptive_first_850/vis/continuous_iid_038.png
[INFO] total_input_boxes     : 250
[INFO] output_boxes          : 85
[INFO] placed_count          : 85
[INFO] placed_volume         : 0.966877
[INFO] pallet_volume         : 1.500000
[INFO] max_top_height        : 1.210000
[INFO] utilization           : 0.6446
[INFO] utilization_percent   : 64.46%
[INFO] terminated            : True
[INFO] terminated_step       : 85
[INFO] finished_by_user      : False
[INFO] file_processing_time  : 7.447 sec
[VIS] matplotlib backend: agg
[VIS] saved figure: /home/robotics/UOS-RoboStack/submit_buffer3_search/algorithm_results_union_850_1400_1450_sweep/union_adaptive_first_850/vis/continuous_iid_039.png

[INFO] file_index            : 40/78
[INFO] input_file            : /home/robotics/UOS-RoboStack/submit_buffer3_search/algorithm_results_union_850_1400_1450_sweep/input_sequences/continuous_iid_039.json
[INFO] output_file           : /home/robotics/UOS-RoboStack/submit_buffer3_search/algorithm_results_union_850_1400_1450_sweep/union_adaptive_first_850/continuous_iid_039.json
[INFO] vis_file              : /home/robotics/UOS-RoboStack/submit_buffer3_search/algorithm_results_union_850_1400_1450_sweep/union_adaptive_first_850/vis/continuous_iid_039.png
[INFO] total_input_boxes     : 250
[INFO] output_boxes          : 77
[INFO] placed_count          : 77
[INFO] placed_volume         : 0.980321
[INFO] pallet_volume         : 1.500000
[INFO] max_top_height        : 1.211000
[INFO] utilization           : 0.6535
[INFO] utilization_percent   : 65.35%
[INFO] terminated            : True
[INFO] terminated_step       : 77
[INFO] finished_by_user      : False
[INFO] file_processing_time  : 5.681 sec
[VIS] matplotlib backend: agg
[VIS] saved figure: /home/robotics/UOS-RoboStack/submit_buffer3_search/algorithm_results_union_850_1400_1450_sweep/union_adaptive_first_850/vis/continuous_iid_040.png

[INFO] file_index            : 41/78
[INFO] input_file            : /home/robotics/UOS-RoboStack/submit_buffer3_search/algorithm_results_union_850_1400_1450_sweep/input_sequences/continuous_iid_040.json
[INFO] output_file           : /home/robotics/UOS-RoboStack/submit_buffer3_search/algorithm_results_union_850_1400_1450_sweep/union_adaptive_first_850/continuous_iid_040.json
[INFO] vis_file              : /home/robotics/UOS-RoboStack/submit_buffer3_search/algorithm_results_union_850_1400_1450_sweep/union_adaptive_first_850/vis/continuous_iid_040.png
[INFO] total_input_boxes     : 250
[INFO] output_boxes          : 90
[INFO] placed_count          : 90
[INFO] placed_volume         : 1.019070
[INFO] pallet_volume         : 1.500000
[INFO] max_top_height        : 1.249500
[INFO] utilization           : 0.6794
[INFO] utilization_percent   : 67.94%
[INFO] terminated            : True
[INFO] terminated_step       : 90
[INFO] finished_by_user      : False
[INFO] file_processing_time  : 6.910 sec
[VIS] matplotlib backend: agg
[VIS] saved figure: /home/robotics/UOS-RoboStack/submit_buffer3_search/algorithm_results_union_850_1400_1450_sweep/union_adaptive_first_850/vis/continuous_iid_041.png

[INFO] file_index            : 42/78
[INFO] input_file            : /home/robotics/UOS-RoboStack/submit_buffer3_search/algorithm_results_union_850_1400_1450_sweep/input_sequences/continuous_iid_041.json
[INFO] output_file           : /home/robotics/UOS-RoboStack/submit_buffer3_search/algorithm_results_union_850_1400_1450_sweep/union_adaptive_first_850/continuous_iid_041.json
[INFO] vis_file              : /home/robotics/UOS-RoboStack/submit_buffer3_search/algorithm_results_union_850_1400_1450_sweep/union_adaptive_first_850/vis/continuous_iid_041.png
[INFO] total_input_boxes     : 250
[INFO] output_boxes          : 90
[INFO] placed_count          : 90
[INFO] placed_volume         : 1.069533
[INFO] pallet_volume         : 1.500000
[INFO] max_top_height        : 1.249500
[INFO] utilization           : 0.7130
[INFO] utilization_percent   : 71.30%
[INFO] terminated            : True
[INFO] terminated_step       : 90
[INFO] finished_by_user      : False
[INFO] file_processing_time  : 8.100 sec
[VIS] matplotlib backend: agg
[VIS] saved figure: /home/robotics/UOS-RoboStack/submit_buffer3_search/algorithm_results_union_850_1400_1450_sweep/union_adaptive_first_850/vis/continuous_iid_042.png

[INFO] file_index            : 43/78
[INFO] input_file            : /home/robotics/UOS-RoboStack/submit_buffer3_search/algorithm_results_union_850_1400_1450_sweep/input_sequences/continuous_iid_042.json
[INFO] output_file           : /home/robotics/UOS-RoboStack/submit_buffer3_search/algorithm_results_union_850_1400_1450_sweep/union_adaptive_first_850/continuous_iid_042.json
[INFO] vis_file              : /home/robotics/UOS-RoboStack/submit_buffer3_search/algorithm_results_union_850_1400_1450_sweep/union_adaptive_first_850/vis/continuous_iid_042.png
[INFO] total_input_boxes     : 250
[INFO] output_boxes          : 73
[INFO] placed_count          : 73
[INFO] placed_volume         : 0.872272
[INFO] pallet_volume         : 1.500000
[INFO] max_top_height        : 1.246000
[INFO] utilization           : 0.5815
[INFO] utilization_percent   : 58.15%
[INFO] terminated            : True
[INFO] terminated_step       : 73
[INFO] finished_by_user      : False
[INFO] file_processing_time  : 6.255 sec
[VIS] matplotlib backend: agg
[VIS] saved figure: /home/robotics/UOS-RoboStack/submit_buffer3_search/algorithm_results_union_850_1400_1450_sweep/union_adaptive_first_850/vis/continuous_iid_043.png

[INFO] file_index            : 44/78
[INFO] input_file            : /home/robotics/UOS-RoboStack/submit_buffer3_search/algorithm_results_union_850_1400_1450_sweep/input_sequences/continuous_iid_043.json
[INFO] output_file           : /home/robotics/UOS-RoboStack/submit_buffer3_search/algorithm_results_union_850_1400_1450_sweep/union_adaptive_first_850/continuous_iid_043.json
[INFO] vis_file              : /home/robotics/UOS-RoboStack/submit_buffer3_search/algorithm_results_union_850_1400_1450_sweep/union_adaptive_first_850/vis/continuous_iid_043.png
[INFO] total_input_boxes     : 250
[INFO] output_boxes          : 87
[INFO] placed_count          : 87
[INFO] placed_volume         : 0.987515
[INFO] pallet_volume         : 1.500000
[INFO] max_top_height        : 1.230500
[INFO] utilization           : 0.6583
[INFO] utilization_percent   : 65.83%
[INFO] terminated            : True
[INFO] terminated_step       : 87
[INFO] finished_by_user      : False
[INFO] file_processing_time  : 7.672 sec
[VIS] matplotlib backend: agg
[VIS] saved figure: /home/robotics/UOS-RoboStack/submit_buffer3_search/algorithm_results_union_850_1400_1450_sweep/union_adaptive_first_850/vis/continuous_iid_044.png

[INFO] file_index            : 45/78
[INFO] input_file            : /home/robotics/UOS-RoboStack/submit_buffer3_search/algorithm_results_union_850_1400_1450_sweep/input_sequences/continuous_iid_044.json
[INFO] output_file           : /home/robotics/UOS-RoboStack/submit_buffer3_search/algorithm_results_union_850_1400_1450_sweep/union_adaptive_first_850/continuous_iid_044.json
[INFO] vis_file              : /home/robotics/UOS-RoboStack/submit_buffer3_search/algorithm_results_union_850_1400_1450_sweep/union_adaptive_first_850/vis/continuous_iid_044.png
[INFO] total_input_boxes     : 250
[INFO] output_boxes          : 91
[INFO] placed_count          : 91
[INFO] placed_volume         : 1.013875
[INFO] pallet_volume         : 1.500000
[INFO] max_top_height        : 1.244000
[INFO] utilization           : 0.6759
[INFO] utilization_percent   : 67.59%
[INFO] terminated            : True
[INFO] terminated_step       : 91
[INFO] finished_by_user      : False
[INFO] file_processing_time  : 8.180 sec
[VIS] matplotlib backend: agg
[VIS] saved figure: /home/robotics/UOS-RoboStack/submit_buffer3_search/algorithm_results_union_850_1400_1450_sweep/union_adaptive_first_850/vis/continuous_iid_045.png

[INFO] file_index            : 46/78
[INFO] input_file            : /home/robotics/UOS-RoboStack/submit_buffer3_search/algorithm_results_union_850_1400_1450_sweep/input_sequences/continuous_iid_045.json
[INFO] output_file           : /home/robotics/UOS-RoboStack/submit_buffer3_search/algorithm_results_union_850_1400_1450_sweep/union_adaptive_first_850/continuous_iid_045.json
[INFO] vis_file              : /home/robotics/UOS-RoboStack/submit_buffer3_search/algorithm_results_union_850_1400_1450_sweep/union_adaptive_first_850/vis/continuous_iid_045.png
[INFO] total_input_boxes     : 250
[INFO] output_boxes          : 84
[INFO] placed_count          : 84
[INFO] placed_volume         : 1.088763
[INFO] pallet_volume         : 1.500000
[INFO] max_top_height        : 1.243500
[INFO] utilization           : 0.7258
[INFO] utilization_percent   : 72.58%
[INFO] terminated            : True
[INFO] terminated_step       : 84
[INFO] finished_by_user      : False
[INFO] file_processing_time  : 5.996 sec
[VIS] matplotlib backend: agg
[VIS] saved figure: /home/robotics/UOS-RoboStack/submit_buffer3_search/algorithm_results_union_850_1400_1450_sweep/union_adaptive_first_850/vis/continuous_iid_046.png

[INFO] file_index            : 47/78
[INFO] input_file            : /home/robotics/UOS-RoboStack/submit_buffer3_search/algorithm_results_union_850_1400_1450_sweep/input_sequences/continuous_iid_046.json
[INFO] output_file           : /home/robotics/UOS-RoboStack/submit_buffer3_search/algorithm_results_union_850_1400_1450_sweep/union_adaptive_first_850/continuous_iid_046.json
[INFO] vis_file              : /home/robotics/UOS-RoboStack/submit_buffer3_search/algorithm_results_union_850_1400_1450_sweep/union_adaptive_first_850/vis/continuous_iid_046.png
[INFO] total_input_boxes     : 250
[INFO] output_boxes          : 87
[INFO] placed_count          : 87
[INFO] placed_volume         : 1.035781
[INFO] pallet_volume         : 1.500000
[INFO] max_top_height        : 1.213500
[INFO] utilization           : 0.6905
[INFO] utilization_percent   : 69.05%
[INFO] terminated            : True
[INFO] terminated_step       : 87
[INFO] finished_by_user      : False
[INFO] file_processing_time  : 6.901 sec
[VIS] matplotlib backend: agg
[VIS] saved figure: /home/robotics/UOS-RoboStack/submit_buffer3_search/algorithm_results_union_850_1400_1450_sweep/union_adaptive_first_850/vis/continuous_iid_047.png

[INFO] file_index            : 48/78
[INFO] input_file            : /home/robotics/UOS-RoboStack/submit_buffer3_search/algorithm_results_union_850_1400_1450_sweep/input_sequences/continuous_iid_047.json
[INFO] output_file           : /home/robotics/UOS-RoboStack/submit_buffer3_search/algorithm_results_union_850_1400_1450_sweep/union_adaptive_first_850/continuous_iid_047.json
[INFO] vis_file              : /home/robotics/UOS-RoboStack/submit_buffer3_search/algorithm_results_union_850_1400_1450_sweep/union_adaptive_first_850/vis/continuous_iid_047.png
[INFO] total_input_boxes     : 250
[INFO] output_boxes          : 89
[INFO] placed_count          : 89
[INFO] placed_volume         : 1.029396
[INFO] pallet_volume         : 1.500000
[INFO] max_top_height        : 1.247500
[INFO] utilization           : 0.6863
[INFO] utilization_percent   : 68.63%
[INFO] terminated            : True
[INFO] terminated_step       : 89
[INFO] finished_by_user      : False
[INFO] file_processing_time  : 8.011 sec
[VIS] matplotlib backend: agg
[VIS] saved figure: /home/robotics/UOS-RoboStack/submit_buffer3_search/algorithm_results_union_850_1400_1450_sweep/union_adaptive_first_850/vis/continuous_iid_048.png

[INFO] file_index            : 49/78
[INFO] input_file            : /home/robotics/UOS-RoboStack/submit_buffer3_search/algorithm_results_union_850_1400_1450_sweep/input_sequences/continuous_iid_048.json
[INFO] output_file           : /home/robotics/UOS-RoboStack/submit_buffer3_search/algorithm_results_union_850_1400_1450_sweep/union_adaptive_first_850/continuous_iid_048.json
[INFO] vis_file              : /home/robotics/UOS-RoboStack/submit_buffer3_search/algorithm_results_union_850_1400_1450_sweep/union_adaptive_first_850/vis/continuous_iid_048.png
[INFO] total_input_boxes     : 250
[INFO] output_boxes          : 85
[INFO] placed_count          : 85
[INFO] placed_volume         : 1.016907
[INFO] pallet_volume         : 1.500000
[INFO] max_top_height        : 1.249500
[INFO] utilization           : 0.6779
[INFO] utilization_percent   : 67.79%
[INFO] terminated            : True
[INFO] terminated_step       : 85
[INFO] finished_by_user      : False
[INFO] file_processing_time  : 8.148 sec
[VIS] matplotlib backend: agg
[VIS] saved figure: /home/robotics/UOS-RoboStack/submit_buffer3_search/algorithm_results_union_850_1400_1450_sweep/union_adaptive_first_850/vis/continuous_iid_049.png

[INFO] file_index            : 50/78
[INFO] input_file            : /home/robotics/UOS-RoboStack/submit_buffer3_search/algorithm_results_union_850_1400_1450_sweep/input_sequences/continuous_iid_049.json
[INFO] output_file           : /home/robotics/UOS-RoboStack/submit_buffer3_search/algorithm_results_union_850_1400_1450_sweep/union_adaptive_first_850/continuous_iid_049.json
[INFO] vis_file              : /home/robotics/UOS-RoboStack/submit_buffer3_search/algorithm_results_union_850_1400_1450_sweep/union_adaptive_first_850/vis/continuous_iid_049.png
[INFO] total_input_boxes     : 250
[INFO] output_boxes          : 88
[INFO] placed_count          : 88
[INFO] placed_volume         : 1.013491
[INFO] pallet_volume         : 1.500000
[INFO] max_top_height        : 1.214000
[INFO] utilization           : 0.6757
[INFO] utilization_percent   : 67.57%
[INFO] terminated            : True
[INFO] terminated_step       : 88
[INFO] finished_by_user      : False
[INFO] file_processing_time  : 7.704 sec
[VIS] matplotlib backend: agg
[VIS] saved figure: /home/robotics/UOS-RoboStack/submit_buffer3_search/algorithm_results_union_850_1400_1450_sweep/union_adaptive_first_850/vis/edge_geometry_000.png

[INFO] file_index            : 51/78
[INFO] input_file            : /home/robotics/UOS-RoboStack/submit_buffer3_search/algorithm_results_union_850_1400_1450_sweep/input_sequences/edge_geometry_000.json
[INFO] output_file           : /home/robotics/UOS-RoboStack/submit_buffer3_search/algorithm_results_union_850_1400_1450_sweep/union_adaptive_first_850/edge_geometry_000.json
[INFO] vis_file              : /home/robotics/UOS-RoboStack/submit_buffer3_search/algorithm_results_union_850_1400_1450_sweep/union_adaptive_first_850/vis/edge_geometry_000.png
[INFO] total_input_boxes     : 250
[INFO] output_boxes          : 94
[INFO] placed_count          : 94
[INFO] placed_volume         : 1.046408
[INFO] pallet_volume         : 1.500000
[INFO] max_top_height        : 1.234000
[INFO] utilization           : 0.6976
[INFO] utilization_percent   : 69.76%
[INFO] terminated            : True
[INFO] terminated_step       : 94
[INFO] finished_by_user      : False
[INFO] file_processing_time  : 17.018 sec
[VIS] matplotlib backend: agg
[VIS] saved figure: /home/robotics/UOS-RoboStack/submit_buffer3_search/algorithm_results_union_850_1400_1450_sweep/union_adaptive_first_850/vis/edge_geometry_001.png

[INFO] file_index            : 52/78
[INFO] input_file            : /home/robotics/UOS-RoboStack/submit_buffer3_search/algorithm_results_union_850_1400_1450_sweep/input_sequences/edge_geometry_001.json
[INFO] output_file           : /home/robotics/UOS-RoboStack/submit_buffer3_search/algorithm_results_union_850_1400_1450_sweep/union_adaptive_first_850/edge_geometry_001.json
[INFO] vis_file              : /home/robotics/UOS-RoboStack/submit_buffer3_search/algorithm_results_union_850_1400_1450_sweep/union_adaptive_first_850/vis/edge_geometry_001.png
[INFO] total_input_boxes     : 250
[INFO] output_boxes          : 77
[INFO] placed_count          : 77
[INFO] placed_volume         : 0.895743
[INFO] pallet_volume         : 1.500000
[INFO] max_top_height        : 1.177000
[INFO] utilization           : 0.5972
[INFO] utilization_percent   : 59.72%
[INFO] terminated            : True
[INFO] terminated_step       : 77
[INFO] finished_by_user      : False
[INFO] file_processing_time  : 7.988 sec
[VIS] matplotlib backend: agg
[VIS] saved figure: /home/robotics/UOS-RoboStack/submit_buffer3_search/algorithm_results_union_850_1400_1450_sweep/union_adaptive_first_850/vis/edge_geometry_002.png

[INFO] file_index            : 53/78
[INFO] input_file            : /home/robotics/UOS-RoboStack/submit_buffer3_search/algorithm_results_union_850_1400_1450_sweep/input_sequences/edge_geometry_002.json
[INFO] output_file           : /home/robotics/UOS-RoboStack/submit_buffer3_search/algorithm_results_union_850_1400_1450_sweep/union_adaptive_first_850/edge_geometry_002.json
[INFO] vis_file              : /home/robotics/UOS-RoboStack/submit_buffer3_search/algorithm_results_union_850_1400_1450_sweep/union_adaptive_first_850/vis/edge_geometry_002.png
[INFO] total_input_boxes     : 250
[INFO] output_boxes          : 77
[INFO] placed_count          : 77
[INFO] placed_volume         : 0.921980
[INFO] pallet_volume         : 1.500000
[INFO] max_top_height        : 1.249500
[INFO] utilization           : 0.6147
[INFO] utilization_percent   : 61.47%
[INFO] terminated            : True
[INFO] terminated_step       : 77
[INFO] finished_by_user      : False
[INFO] file_processing_time  : 6.434 sec
[VIS] matplotlib backend: agg
[VIS] saved figure: /home/robotics/UOS-RoboStack/submit_buffer3_search/algorithm_results_union_850_1400_1450_sweep/union_adaptive_first_850/vis/edge_geometry_003.png

[INFO] file_index            : 54/78
[INFO] input_file            : /home/robotics/UOS-RoboStack/submit_buffer3_search/algorithm_results_union_850_1400_1450_sweep/input_sequences/edge_geometry_003.json
[INFO] output_file           : /home/robotics/UOS-RoboStack/submit_buffer3_search/algorithm_results_union_850_1400_1450_sweep/union_adaptive_first_850/edge_geometry_003.json
[INFO] vis_file              : /home/robotics/UOS-RoboStack/submit_buffer3_search/algorithm_results_union_850_1400_1450_sweep/union_adaptive_first_850/vis/edge_geometry_003.png
[INFO] total_input_boxes     : 250
[INFO] output_boxes          : 69
[INFO] placed_count          : 69
[INFO] placed_volume         : 0.851661
[INFO] pallet_volume         : 1.500000
[INFO] max_top_height        : 1.218000
[INFO] utilization           : 0.5678
[INFO] utilization_percent   : 56.78%
[INFO] terminated            : True
[INFO] terminated_step       : 69
[INFO] finished_by_user      : False
[INFO] file_processing_time  : 5.264 sec
[VIS] matplotlib backend: agg
[VIS] saved figure: /home/robotics/UOS-RoboStack/submit_buffer3_search/algorithm_results_union_850_1400_1450_sweep/union_adaptive_first_850/vis/edge_geometry_004.png

[INFO] file_index            : 55/78
[INFO] input_file            : /home/robotics/UOS-RoboStack/submit_buffer3_search/algorithm_results_union_850_1400_1450_sweep/input_sequences/edge_geometry_004.json
[INFO] output_file           : /home/robotics/UOS-RoboStack/submit_buffer3_search/algorithm_results_union_850_1400_1450_sweep/union_adaptive_first_850/edge_geometry_004.json
[INFO] vis_file              : /home/robotics/UOS-RoboStack/submit_buffer3_search/algorithm_results_union_850_1400_1450_sweep/union_adaptive_first_850/vis/edge_geometry_004.png
[INFO] total_input_boxes     : 250
[INFO] output_boxes          : 66
[INFO] placed_count          : 66
[INFO] placed_volume         : 0.839198
[INFO] pallet_volume         : 1.500000
[INFO] max_top_height        : 1.216500
[INFO] utilization           : 0.5595
[INFO] utilization_percent   : 55.95%
[INFO] terminated            : True
[INFO] terminated_step       : 66
[INFO] finished_by_user      : False
[INFO] file_processing_time  : 4.757 sec
[VIS] matplotlib backend: agg
[VIS] saved figure: /home/robotics/UOS-RoboStack/submit_buffer3_search/algorithm_results_union_850_1400_1450_sweep/union_adaptive_first_850/vis/edge_geometry_005.png

[INFO] file_index            : 56/78
[INFO] input_file            : /home/robotics/UOS-RoboStack/submit_buffer3_search/algorithm_results_union_850_1400_1450_sweep/input_sequences/edge_geometry_005.json
[INFO] output_file           : /home/robotics/UOS-RoboStack/submit_buffer3_search/algorithm_results_union_850_1400_1450_sweep/union_adaptive_first_850/edge_geometry_005.json
[INFO] vis_file              : /home/robotics/UOS-RoboStack/submit_buffer3_search/algorithm_results_union_850_1400_1450_sweep/union_adaptive_first_850/vis/edge_geometry_005.png
[INFO] total_input_boxes     : 250
[INFO] output_boxes          : 88
[INFO] placed_count          : 88
[INFO] placed_volume         : 0.969887
[INFO] pallet_volume         : 1.500000
[INFO] max_top_height        : 1.206000
[INFO] utilization           : 0.6466
[INFO] utilization_percent   : 64.66%
[INFO] terminated            : True
[INFO] terminated_step       : 88
[INFO] finished_by_user      : False
[INFO] file_processing_time  : 6.916 sec
[VIS] matplotlib backend: agg
[VIS] saved figure: /home/robotics/UOS-RoboStack/submit_buffer3_search/algorithm_results_union_850_1400_1450_sweep/union_adaptive_first_850/vis/edge_geometry_006.png

[INFO] file_index            : 57/78
[INFO] input_file            : /home/robotics/UOS-RoboStack/submit_buffer3_search/algorithm_results_union_850_1400_1450_sweep/input_sequences/edge_geometry_006.json
[INFO] output_file           : /home/robotics/UOS-RoboStack/submit_buffer3_search/algorithm_results_union_850_1400_1450_sweep/union_adaptive_first_850/edge_geometry_006.json
[INFO] vis_file              : /home/robotics/UOS-RoboStack/submit_buffer3_search/algorithm_results_union_850_1400_1450_sweep/union_adaptive_first_850/vis/edge_geometry_006.png
[INFO] total_input_boxes     : 250
[INFO] output_boxes          : 81
[INFO] placed_count          : 81
[INFO] placed_volume         : 0.904002
[INFO] pallet_volume         : 1.500000
[INFO] max_top_height        : 1.165000
[INFO] utilization           : 0.6027
[INFO] utilization_percent   : 60.27%
[INFO] terminated            : True
[INFO] terminated_step       : 81
[INFO] finished_by_user      : False
[INFO] file_processing_time  : 8.040 sec
[VIS] matplotlib backend: agg
[VIS] saved figure: /home/robotics/UOS-RoboStack/submit_buffer3_search/algorithm_results_union_850_1400_1450_sweep/union_adaptive_first_850/vis/edge_geometry_007.png

[INFO] file_index            : 58/78
[INFO] input_file            : /home/robotics/UOS-RoboStack/submit_buffer3_search/algorithm_results_union_850_1400_1450_sweep/input_sequences/edge_geometry_007.json
[INFO] output_file           : /home/robotics/UOS-RoboStack/submit_buffer3_search/algorithm_results_union_850_1400_1450_sweep/union_adaptive_first_850/edge_geometry_007.json
[INFO] vis_file              : /home/robotics/UOS-RoboStack/submit_buffer3_search/algorithm_results_union_850_1400_1450_sweep/union_adaptive_first_850/vis/edge_geometry_007.png
[INFO] total_input_boxes     : 250
[INFO] output_boxes          : 86
[INFO] placed_count          : 86
[INFO] placed_volume         : 1.027855
[INFO] pallet_volume         : 1.500000
[INFO] max_top_height        : 1.201500
[INFO] utilization           : 0.6852
[INFO] utilization_percent   : 68.52%
[INFO] terminated            : True
[INFO] terminated_step       : 86
[INFO] finished_by_user      : False
[INFO] file_processing_time  : 6.449 sec
[VIS] matplotlib backend: agg
[VIS] saved figure: /home/robotics/UOS-RoboStack/submit_buffer3_search/algorithm_results_union_850_1400_1450_sweep/union_adaptive_first_850/vis/edge_geometry_008.png

[INFO] file_index            : 59/78
[INFO] input_file            : /home/robotics/UOS-RoboStack/submit_buffer3_search/algorithm_results_union_850_1400_1450_sweep/input_sequences/edge_geometry_008.json
[INFO] output_file           : /home/robotics/UOS-RoboStack/submit_buffer3_search/algorithm_results_union_850_1400_1450_sweep/union_adaptive_first_850/edge_geometry_008.json
[INFO] vis_file              : /home/robotics/UOS-RoboStack/submit_buffer3_search/algorithm_results_union_850_1400_1450_sweep/union_adaptive_first_850/vis/edge_geometry_008.png
[INFO] total_input_boxes     : 250
[INFO] output_boxes          : 81
[INFO] placed_count          : 81
[INFO] placed_volume         : 0.969468
[INFO] pallet_volume         : 1.500000
[INFO] max_top_height        : 1.216500
[INFO] utilization           : 0.6463
[INFO] utilization_percent   : 64.63%
[INFO] terminated            : True
[INFO] terminated_step       : 81
[INFO] finished_by_user      : False
[INFO] file_processing_time  : 8.395 sec
[VIS] matplotlib backend: agg
[VIS] saved figure: /home/robotics/UOS-RoboStack/submit_buffer3_search/algorithm_results_union_850_1400_1450_sweep/union_adaptive_first_850/vis/edge_geometry_009.png

[INFO] file_index            : 60/78
[INFO] input_file            : /home/robotics/UOS-RoboStack/submit_buffer3_search/algorithm_results_union_850_1400_1450_sweep/input_sequences/edge_geometry_009.json
[INFO] output_file           : /home/robotics/UOS-RoboStack/submit_buffer3_search/algorithm_results_union_850_1400_1450_sweep/union_adaptive_first_850/edge_geometry_009.json
[INFO] vis_file              : /home/robotics/UOS-RoboStack/submit_buffer3_search/algorithm_results_union_850_1400_1450_sweep/union_adaptive_first_850/vis/edge_geometry_009.png
[INFO] total_input_boxes     : 250
[INFO] output_boxes          : 83
[INFO] placed_count          : 83
[INFO] placed_volume         : 0.995695
[INFO] pallet_volume         : 1.500000
[INFO] max_top_height        : 1.221500
[INFO] utilization           : 0.6638
[INFO] utilization_percent   : 66.38%
[INFO] terminated            : True
[INFO] terminated_step       : 83
[INFO] finished_by_user      : False
[INFO] file_processing_time  : 5.912 sec
[VIS] matplotlib backend: agg
[VIS] saved figure: /home/robotics/UOS-RoboStack/submit_buffer3_search/algorithm_results_union_850_1400_1450_sweep/union_adaptive_first_850/vis/large_heavy_000.png

[INFO] file_index            : 61/78
[INFO] input_file            : /home/robotics/UOS-RoboStack/submit_buffer3_search/algorithm_results_union_850_1400_1450_sweep/input_sequences/large_heavy_000.json
[INFO] output_file           : /home/robotics/UOS-RoboStack/submit_buffer3_search/algorithm_results_union_850_1400_1450_sweep/union_adaptive_first_850/large_heavy_000.json
[INFO] vis_file              : /home/robotics/UOS-RoboStack/submit_buffer3_search/algorithm_results_union_850_1400_1450_sweep/union_adaptive_first_850/vis/large_heavy_000.png
[INFO] total_input_boxes     : 250
[INFO] output_boxes          : 49
[INFO] placed_count          : 49
[INFO] placed_volume         : 0.961010
[INFO] pallet_volume         : 1.500000
[INFO] max_top_height        : 1.175000
[INFO] utilization           : 0.6407
[INFO] utilization_percent   : 64.07%
[INFO] terminated            : True
[INFO] terminated_step       : 49
[INFO] finished_by_user      : False
[INFO] file_processing_time  : 2.854 sec
[VIS] matplotlib backend: agg
[VIS] saved figure: /home/robotics/UOS-RoboStack/submit_buffer3_search/algorithm_results_union_850_1400_1450_sweep/union_adaptive_first_850/vis/large_heavy_001.png

[INFO] file_index            : 62/78
[INFO] input_file            : /home/robotics/UOS-RoboStack/submit_buffer3_search/algorithm_results_union_850_1400_1450_sweep/input_sequences/large_heavy_001.json
[INFO] output_file           : /home/robotics/UOS-RoboStack/submit_buffer3_search/algorithm_results_union_850_1400_1450_sweep/union_adaptive_first_850/large_heavy_001.json
[INFO] vis_file              : /home/robotics/UOS-RoboStack/submit_buffer3_search/algorithm_results_union_850_1400_1450_sweep/union_adaptive_first_850/vis/large_heavy_001.png
[INFO] total_input_boxes     : 250
[INFO] output_boxes          : 54
[INFO] placed_count          : 54
[INFO] placed_volume         : 1.058237
[INFO] pallet_volume         : 1.500000
[INFO] max_top_height        : 1.242000
[INFO] utilization           : 0.7055
[INFO] utilization_percent   : 70.55%
[INFO] terminated            : True
[INFO] terminated_step       : 54
[INFO] finished_by_user      : False
[INFO] file_processing_time  : 3.057 sec
[VIS] matplotlib backend: agg
[VIS] saved figure: /home/robotics/UOS-RoboStack/submit_buffer3_search/algorithm_results_union_850_1400_1450_sweep/union_adaptive_first_850/vis/large_heavy_002.png

[INFO] file_index            : 63/78
[INFO] input_file            : /home/robotics/UOS-RoboStack/submit_buffer3_search/algorithm_results_union_850_1400_1450_sweep/input_sequences/large_heavy_002.json
[INFO] output_file           : /home/robotics/UOS-RoboStack/submit_buffer3_search/algorithm_results_union_850_1400_1450_sweep/union_adaptive_first_850/large_heavy_002.json
[INFO] vis_file              : /home/robotics/UOS-RoboStack/submit_buffer3_search/algorithm_results_union_850_1400_1450_sweep/union_adaptive_first_850/vis/large_heavy_002.png
[INFO] total_input_boxes     : 250
[INFO] output_boxes          : 41
[INFO] placed_count          : 41
[INFO] placed_volume         : 0.800604
[INFO] pallet_volume         : 1.500000
[INFO] max_top_height        : 1.180000
[INFO] utilization           : 0.5337
[INFO] utilization_percent   : 53.37%
[INFO] terminated            : True
[INFO] terminated_step       : 41
[INFO] finished_by_user      : False
[INFO] file_processing_time  : 1.972 sec
[VIS] matplotlib backend: agg
[VIS] saved figure: /home/robotics/UOS-RoboStack/submit_buffer3_search/algorithm_results_union_850_1400_1450_sweep/union_adaptive_first_850/vis/large_heavy_003.png

[INFO] file_index            : 64/78
[INFO] input_file            : /home/robotics/UOS-RoboStack/submit_buffer3_search/algorithm_results_union_850_1400_1450_sweep/input_sequences/large_heavy_003.json
[INFO] output_file           : /home/robotics/UOS-RoboStack/submit_buffer3_search/algorithm_results_union_850_1400_1450_sweep/union_adaptive_first_850/large_heavy_003.json
[INFO] vis_file              : /home/robotics/UOS-RoboStack/submit_buffer3_search/algorithm_results_union_850_1400_1450_sweep/union_adaptive_first_850/vis/large_heavy_003.png
[INFO] total_input_boxes     : 250
[INFO] output_boxes          : 60
[INFO] placed_count          : 60
[INFO] placed_volume         : 1.158985
[INFO] pallet_volume         : 1.500000
[INFO] max_top_height        : 1.225500
[INFO] utilization           : 0.7727
[INFO] utilization_percent   : 77.27%
[INFO] terminated            : True
[INFO] terminated_step       : 60
[INFO] finished_by_user      : False
[INFO] file_processing_time  : 3.608 sec
[VIS] matplotlib backend: agg
[VIS] saved figure: /home/robotics/UOS-RoboStack/submit_buffer3_search/algorithm_results_union_850_1400_1450_sweep/union_adaptive_first_850/vis/large_heavy_004.png

[INFO] file_index            : 65/78
[INFO] input_file            : /home/robotics/UOS-RoboStack/submit_buffer3_search/algorithm_results_union_850_1400_1450_sweep/input_sequences/large_heavy_004.json
[INFO] output_file           : /home/robotics/UOS-RoboStack/submit_buffer3_search/algorithm_results_union_850_1400_1450_sweep/union_adaptive_first_850/large_heavy_004.json
[INFO] vis_file              : /home/robotics/UOS-RoboStack/submit_buffer3_search/algorithm_results_union_850_1400_1450_sweep/union_adaptive_first_850/vis/large_heavy_004.png
[INFO] total_input_boxes     : 250
[INFO] output_boxes          : 54
[INFO] placed_count          : 54
[INFO] placed_volume         : 1.069614
[INFO] pallet_volume         : 1.500000
[INFO] max_top_height        : 1.210000
[INFO] utilization           : 0.7131
[INFO] utilization_percent   : 71.31%
[INFO] terminated            : True
[INFO] terminated_step       : 54
[INFO] finished_by_user      : False
[INFO] file_processing_time  : 3.107 sec
[VIS] matplotlib backend: agg
[VIS] saved figure: /home/robotics/UOS-RoboStack/submit_buffer3_search/algorithm_results_union_850_1400_1450_sweep/union_adaptive_first_850/vis/large_heavy_005.png

[INFO] file_index            : 66/78
[INFO] input_file            : /home/robotics/UOS-RoboStack/submit_buffer3_search/algorithm_results_union_850_1400_1450_sweep/input_sequences/large_heavy_005.json
[INFO] output_file           : /home/robotics/UOS-RoboStack/submit_buffer3_search/algorithm_results_union_850_1400_1450_sweep/union_adaptive_first_850/large_heavy_005.json
[INFO] vis_file              : /home/robotics/UOS-RoboStack/submit_buffer3_search/algorithm_results_union_850_1400_1450_sweep/union_adaptive_first_850/vis/large_heavy_005.png
[INFO] total_input_boxes     : 250
[INFO] output_boxes          : 57
[INFO] placed_count          : 57
[INFO] placed_volume         : 1.096830
[INFO] pallet_volume         : 1.500000
[INFO] max_top_height        : 1.222000
[INFO] utilization           : 0.7312
[INFO] utilization_percent   : 73.12%
[INFO] terminated            : True
[INFO] terminated_step       : 57
[INFO] finished_by_user      : False
[INFO] file_processing_time  : 3.252 sec
[VIS] matplotlib backend: agg
[VIS] saved figure: /home/robotics/UOS-RoboStack/submit_buffer3_search/algorithm_results_union_850_1400_1450_sweep/union_adaptive_first_850/vis/small_dense_000.png

[INFO] file_index            : 67/78
[INFO] input_file            : /home/robotics/UOS-RoboStack/submit_buffer3_search/algorithm_results_union_850_1400_1450_sweep/input_sequences/small_dense_000.json
[INFO] output_file           : /home/robotics/UOS-RoboStack/submit_buffer3_search/algorithm_results_union_850_1400_1450_sweep/union_adaptive_first_850/small_dense_000.json
[INFO] vis_file              : /home/robotics/UOS-RoboStack/submit_buffer3_search/algorithm_results_union_850_1400_1450_sweep/union_adaptive_first_850/vis/small_dense_000.png
[INFO] total_input_boxes     : 250
[INFO] output_boxes          : 130
[INFO] placed_count          : 130
[INFO] placed_volume         : 0.846175
[INFO] pallet_volume         : 1.500000
[INFO] max_top_height        : 1.163000
[INFO] utilization           : 0.5641
[INFO] utilization_percent   : 56.41%
[INFO] terminated            : False
[INFO] terminated_step       : None
[INFO] finished_by_user      : True
[INFO] file_processing_time  : 26.268 sec
[VIS] matplotlib backend: agg
[VIS] saved figure: /home/robotics/UOS-RoboStack/submit_buffer3_search/algorithm_results_union_850_1400_1450_sweep/union_adaptive_first_850/vis/small_dense_001.png

[INFO] file_index            : 68/78
[INFO] input_file            : /home/robotics/UOS-RoboStack/submit_buffer3_search/algorithm_results_union_850_1400_1450_sweep/input_sequences/small_dense_001.json
[INFO] output_file           : /home/robotics/UOS-RoboStack/submit_buffer3_search/algorithm_results_union_850_1400_1450_sweep/union_adaptive_first_850/small_dense_001.json
[INFO] vis_file              : /home/robotics/UOS-RoboStack/submit_buffer3_search/algorithm_results_union_850_1400_1450_sweep/union_adaptive_first_850/vis/small_dense_001.png
[INFO] total_input_boxes     : 250
[INFO] output_boxes          : 130
[INFO] placed_count          : 130
[INFO] placed_volume         : 0.822846
[INFO] pallet_volume         : 1.500000
[INFO] max_top_height        : 1.157500
[INFO] utilization           : 0.5486
[INFO] utilization_percent   : 54.86%
[INFO] terminated            : False
[INFO] terminated_step       : None
[INFO] finished_by_user      : True
[INFO] file_processing_time  : 31.574 sec
[VIS] matplotlib backend: agg
[VIS] saved figure: /home/robotics/UOS-RoboStack/submit_buffer3_search/algorithm_results_union_850_1400_1450_sweep/union_adaptive_first_850/vis/small_dense_002.png

[INFO] file_index            : 69/78
[INFO] input_file            : /home/robotics/UOS-RoboStack/submit_buffer3_search/algorithm_results_union_850_1400_1450_sweep/input_sequences/small_dense_002.json
[INFO] output_file           : /home/robotics/UOS-RoboStack/submit_buffer3_search/algorithm_results_union_850_1400_1450_sweep/union_adaptive_first_850/small_dense_002.json
[INFO] vis_file              : /home/robotics/UOS-RoboStack/submit_buffer3_search/algorithm_results_union_850_1400_1450_sweep/union_adaptive_first_850/vis/small_dense_002.png
[INFO] total_input_boxes     : 250
[INFO] output_boxes          : 130
[INFO] placed_count          : 130
[INFO] placed_volume         : 0.812132
[INFO] pallet_volume         : 1.500000
[INFO] max_top_height        : 1.128000
[INFO] utilization           : 0.5414
[INFO] utilization_percent   : 54.14%
[INFO] terminated            : False
[INFO] terminated_step       : None
[INFO] finished_by_user      : True
[INFO] file_processing_time  : 28.015 sec
[VIS] matplotlib backend: agg
[VIS] saved figure: /home/robotics/UOS-RoboStack/submit_buffer3_search/algorithm_results_union_850_1400_1450_sweep/union_adaptive_first_850/vis/small_dense_003.png

[INFO] file_index            : 70/78
[INFO] input_file            : /home/robotics/UOS-RoboStack/submit_buffer3_search/algorithm_results_union_850_1400_1450_sweep/input_sequences/small_dense_003.json
[INFO] output_file           : /home/robotics/UOS-RoboStack/submit_buffer3_search/algorithm_results_union_850_1400_1450_sweep/union_adaptive_first_850/small_dense_003.json
[INFO] vis_file              : /home/robotics/UOS-RoboStack/submit_buffer3_search/algorithm_results_union_850_1400_1450_sweep/union_adaptive_first_850/vis/small_dense_003.png
[INFO] total_input_boxes     : 250
[INFO] output_boxes          : 130
[INFO] placed_count          : 130
[INFO] placed_volume         : 0.841071
[INFO] pallet_volume         : 1.500000
[INFO] max_top_height        : 1.145000
[INFO] utilization           : 0.5607
[INFO] utilization_percent   : 56.07%
[INFO] terminated            : False
[INFO] terminated_step       : None
[INFO] finished_by_user      : True
[INFO] file_processing_time  : 31.814 sec
[VIS] matplotlib backend: agg
[VIS] saved figure: /home/robotics/UOS-RoboStack/submit_buffer3_search/algorithm_results_union_850_1400_1450_sweep/union_adaptive_first_850/vis/small_dense_004.png

[INFO] file_index            : 71/78
[INFO] input_file            : /home/robotics/UOS-RoboStack/submit_buffer3_search/algorithm_results_union_850_1400_1450_sweep/input_sequences/small_dense_004.json
[INFO] output_file           : /home/robotics/UOS-RoboStack/submit_buffer3_search/algorithm_results_union_850_1400_1450_sweep/union_adaptive_first_850/small_dense_004.json
[INFO] vis_file              : /home/robotics/UOS-RoboStack/submit_buffer3_search/algorithm_results_union_850_1400_1450_sweep/union_adaptive_first_850/vis/small_dense_004.png
[INFO] total_input_boxes     : 250
[INFO] output_boxes          : 130
[INFO] placed_count          : 130
[INFO] placed_volume         : 0.847488
[INFO] pallet_volume         : 1.500000
[INFO] max_top_height        : 1.203000
[INFO] utilization           : 0.5650
[INFO] utilization_percent   : 56.50%
[INFO] terminated            : False
[INFO] terminated_step       : None
[INFO] finished_by_user      : True
[INFO] file_processing_time  : 29.860 sec
[VIS] matplotlib backend: agg
[VIS] saved figure: /home/robotics/UOS-RoboStack/submit_buffer3_search/algorithm_results_union_850_1400_1450_sweep/union_adaptive_first_850/vis/small_dense_005.png

[INFO] file_index            : 72/78
[INFO] input_file            : /home/robotics/UOS-RoboStack/submit_buffer3_search/algorithm_results_union_850_1400_1450_sweep/input_sequences/small_dense_005.json
[INFO] output_file           : /home/robotics/UOS-RoboStack/submit_buffer3_search/algorithm_results_union_850_1400_1450_sweep/union_adaptive_first_850/small_dense_005.json
[INFO] vis_file              : /home/robotics/UOS-RoboStack/submit_buffer3_search/algorithm_results_union_850_1400_1450_sweep/union_adaptive_first_850/vis/small_dense_005.png
[INFO] total_input_boxes     : 250
[INFO] output_boxes          : 130
[INFO] placed_count          : 130
[INFO] placed_volume         : 0.810936
[INFO] pallet_volume         : 1.500000
[INFO] max_top_height        : 1.228500
[INFO] utilization           : 0.5406
[INFO] utilization_percent   : 54.06%
[INFO] terminated            : False
[INFO] terminated_step       : None
[INFO] finished_by_user      : True
[INFO] file_processing_time  : 24.641 sec
[VIS] matplotlib backend: agg
[VIS] saved figure: /home/robotics/UOS-RoboStack/submit_buffer3_search/algorithm_results_union_850_1400_1450_sweep/union_adaptive_first_850/vis/switch_5sku_000.png

[INFO] file_index            : 73/78
[INFO] input_file            : /home/robotics/UOS-RoboStack/submit_buffer3_search/algorithm_results_union_850_1400_1450_sweep/input_sequences/switch_5sku_000.json
[INFO] output_file           : /home/robotics/UOS-RoboStack/submit_buffer3_search/algorithm_results_union_850_1400_1450_sweep/union_adaptive_first_850/switch_5sku_000.json
[INFO] vis_file              : /home/robotics/UOS-RoboStack/submit_buffer3_search/algorithm_results_union_850_1400_1450_sweep/union_adaptive_first_850/vis/switch_5sku_000.png
[INFO] total_input_boxes     : 250
[INFO] output_boxes          : 76
[INFO] placed_count          : 76
[INFO] placed_volume         : 0.997915
[INFO] pallet_volume         : 1.500000
[INFO] max_top_height        : 1.229500
[INFO] utilization           : 0.6653
[INFO] utilization_percent   : 66.53%
[INFO] terminated            : True
[INFO] terminated_step       : 76
[INFO] finished_by_user      : False
[INFO] file_processing_time  : 5.950 sec
[VIS] matplotlib backend: agg
[VIS] saved figure: /home/robotics/UOS-RoboStack/submit_buffer3_search/algorithm_results_union_850_1400_1450_sweep/union_adaptive_first_850/vis/switch_5sku_001.png

[INFO] file_index            : 74/78
[INFO] input_file            : /home/robotics/UOS-RoboStack/submit_buffer3_search/algorithm_results_union_850_1400_1450_sweep/input_sequences/switch_5sku_001.json
[INFO] output_file           : /home/robotics/UOS-RoboStack/submit_buffer3_search/algorithm_results_union_850_1400_1450_sweep/union_adaptive_first_850/switch_5sku_001.json
[INFO] vis_file              : /home/robotics/UOS-RoboStack/submit_buffer3_search/algorithm_results_union_850_1400_1450_sweep/union_adaptive_first_850/vis/switch_5sku_001.png
[INFO] total_input_boxes     : 250
[INFO] output_boxes          : 70
[INFO] placed_count          : 70
[INFO] placed_volume         : 0.862037
[INFO] pallet_volume         : 1.500000
[INFO] max_top_height        : 1.089000
[INFO] utilization           : 0.5747
[INFO] utilization_percent   : 57.47%
[INFO] terminated            : True
[INFO] terminated_step       : 70
[INFO] finished_by_user      : False
[INFO] file_processing_time  : 4.630 sec
[VIS] matplotlib backend: agg
[VIS] saved figure: /home/robotics/UOS-RoboStack/submit_buffer3_search/algorithm_results_union_850_1400_1450_sweep/union_adaptive_first_850/vis/switch_5sku_002.png

[INFO] file_index            : 75/78
[INFO] input_file            : /home/robotics/UOS-RoboStack/submit_buffer3_search/algorithm_results_union_850_1400_1450_sweep/input_sequences/switch_5sku_002.json
[INFO] output_file           : /home/robotics/UOS-RoboStack/submit_buffer3_search/algorithm_results_union_850_1400_1450_sweep/union_adaptive_first_850/switch_5sku_002.json
[INFO] vis_file              : /home/robotics/UOS-RoboStack/submit_buffer3_search/algorithm_results_union_850_1400_1450_sweep/union_adaptive_first_850/vis/switch_5sku_002.png
[INFO] total_input_boxes     : 250
[INFO] output_boxes          : 86
[INFO] placed_count          : 86
[INFO] placed_volume         : 1.118023
[INFO] pallet_volume         : 1.500000
[INFO] max_top_height        : 1.250000
[INFO] utilization           : 0.7453
[INFO] utilization_percent   : 74.53%
[INFO] terminated            : True
[INFO] terminated_step       : 86
[INFO] finished_by_user      : False
[INFO] file_processing_time  : 6.580 sec
[VIS] matplotlib backend: agg
[VIS] saved figure: /home/robotics/UOS-RoboStack/submit_buffer3_search/algorithm_results_union_850_1400_1450_sweep/union_adaptive_first_850/vis/switch_5sku_003.png

[INFO] file_index            : 76/78
[INFO] input_file            : /home/robotics/UOS-RoboStack/submit_buffer3_search/algorithm_results_union_850_1400_1450_sweep/input_sequences/switch_5sku_003.json
[INFO] output_file           : /home/robotics/UOS-RoboStack/submit_buffer3_search/algorithm_results_union_850_1400_1450_sweep/union_adaptive_first_850/switch_5sku_003.json
[INFO] vis_file              : /home/robotics/UOS-RoboStack/submit_buffer3_search/algorithm_results_union_850_1400_1450_sweep/union_adaptive_first_850/vis/switch_5sku_003.png
[INFO] total_input_boxes     : 250
[INFO] output_boxes          : 76
[INFO] placed_count          : 76
[INFO] placed_volume         : 0.985198
[INFO] pallet_volume         : 1.500000
[INFO] max_top_height        : 1.197500
[INFO] utilization           : 0.6568
[INFO] utilization_percent   : 65.68%
[INFO] terminated            : True
[INFO] terminated_step       : 76
[INFO] finished_by_user      : False
[INFO] file_processing_time  : 4.984 sec
[VIS] matplotlib backend: agg
[VIS] saved figure: /home/robotics/UOS-RoboStack/submit_buffer3_search/algorithm_results_union_850_1400_1450_sweep/union_adaptive_first_850/vis/switch_5sku_004.png

[INFO] file_index            : 77/78
[INFO] input_file            : /home/robotics/UOS-RoboStack/submit_buffer3_search/algorithm_results_union_850_1400_1450_sweep/input_sequences/switch_5sku_004.json
[INFO] output_file           : /home/robotics/UOS-RoboStack/submit_buffer3_search/algorithm_results_union_850_1400_1450_sweep/union_adaptive_first_850/switch_5sku_004.json
[INFO] vis_file              : /home/robotics/UOS-RoboStack/submit_buffer3_search/algorithm_results_union_850_1400_1450_sweep/union_adaptive_first_850/vis/switch_5sku_004.png
[INFO] total_input_boxes     : 250
[INFO] output_boxes          : 77
[INFO] placed_count          : 77
[INFO] placed_volume         : 0.994378
[INFO] pallet_volume         : 1.500000
[INFO] max_top_height        : 1.240000
[INFO] utilization           : 0.6629
[INFO] utilization_percent   : 66.29%
[INFO] terminated            : True
[INFO] terminated_step       : 77
[INFO] finished_by_user      : False
[INFO] file_processing_time  : 4.443 sec
[VIS] matplotlib backend: agg
[VIS] saved figure: /home/robotics/UOS-RoboStack/submit_buffer3_search/algorithm_results_union_850_1400_1450_sweep/union_adaptive_first_850/vis/switch_5sku_005.png

[INFO] file_index            : 78/78
[INFO] input_file            : /home/robotics/UOS-RoboStack/submit_buffer3_search/algorithm_results_union_850_1400_1450_sweep/input_sequences/switch_5sku_005.json
[INFO] output_file           : /home/robotics/UOS-RoboStack/submit_buffer3_search/algorithm_results_union_850_1400_1450_sweep/union_adaptive_first_850/switch_5sku_005.json
[INFO] vis_file              : /home/robotics/UOS-RoboStack/submit_buffer3_search/algorithm_results_union_850_1400_1450_sweep/union_adaptive_first_850/vis/switch_5sku_005.png
[INFO] total_input_boxes     : 250
[INFO] output_boxes          : 79
[INFO] placed_count          : 79
[INFO] placed_volume         : 1.021694
[INFO] pallet_volume         : 1.500000
[INFO] max_top_height        : 1.221500
[INFO] utilization           : 0.6811
[INFO] utilization_percent   : 68.11%
[INFO] terminated            : True
[INFO] terminated_step       : 79
[INFO] finished_by_user      : False
[INFO] file_processing_time  : 5.525 sec

===================================================
[INFO] ALL FILES SUMMARY
===================================================
[INFO] total_input_files      : 78
[INFO] total_input_boxes      : 19500
[INFO] total_output_boxes     : 6578
[INFO] total_placed_volume    : 76.031789
[INFO] files_processing_time  : 706.382 sec
[INFO] total_processing_time  : 706.401 sec
