[INFO] input_path            : /home/robotics/UOS-RoboStack/submit_buffer3_search/box_sequence1
[INFO] output_dir            : /home/robotics/UOS-RoboStack/submit_buffer3_search/algorithm_results_order_sweep/adaptive_1400-best-1450
[INFO] buffer_size           : 0
[INFO] pallet_length         : 1.2
[INFO] pallet_width          : 1.0
[INFO] pallet_height         : 1.25
[INFO] allow_rotation        : True
[INFO] total_input_files     : 50
[VIS] matplotlib backend: agg
[VIS] saved figure: /home/robotics/UOS-RoboStack/submit_buffer3_search/algorithm_results_order_sweep/adaptive_1400-best-1450/vis/random_spec_000.png

[INFO] file_index            : 1/50
[INFO] input_file            : /home/robotics/UOS-RoboStack/submit_buffer3_search/box_sequence1/random_spec_000.json
[INFO] output_file           : /home/robotics/UOS-RoboStack/submit_buffer3_search/algorithm_results_order_sweep/adaptive_1400-best-1450/random_spec_000.json
[INFO] vis_file              : /home/robotics/UOS-RoboStack/submit_buffer3_search/algorithm_results_order_sweep/adaptive_1400-best-1450/vis/random_spec_000.png
[INFO] total_input_boxes     : 250
[INFO] output_boxes          : 84
[INFO] placed_count          : 84
[INFO] placed_volume         : 1.016789
[INFO] pallet_volume         : 1.500000
[INFO] max_top_height        : 1.239000
[INFO] utilization           : 0.6779
[INFO] utilization_percent   : 67.79%
[INFO] terminated            : True
[INFO] terminated_step       : 84
[INFO] finished_by_user      : False
[INFO] file_processing_time  : 6.291 sec
[VIS] matplotlib backend: agg
[VIS] saved figure: /home/robotics/UOS-RoboStack/submit_buffer3_search/algorithm_results_order_sweep/adaptive_1400-best-1450/vis/random_spec_001.png

[INFO] file_index            : 2/50
[INFO] input_file            : /home/robotics/UOS-RoboStack/submit_buffer3_search/box_sequence1/random_spec_001.json
[INFO] output_file           : /home/robotics/UOS-RoboStack/submit_buffer3_search/algorithm_results_order_sweep/adaptive_1400-best-1450/random_spec_001.json
[INFO] vis_file              : /home/robotics/UOS-RoboStack/submit_buffer3_search/algorithm_results_order_sweep/adaptive_1400-best-1450/vis/random_spec_001.png
[INFO] total_input_boxes     : 250
[INFO] output_boxes          : 82
[INFO] placed_count          : 82
[INFO] placed_volume         : 0.957926
[INFO] pallet_volume         : 1.500000
[INFO] max_top_height        : 1.245500
[INFO] utilization           : 0.6386
[INFO] utilization_percent   : 63.86%
[INFO] terminated            : True
[INFO] terminated_step       : 82
[INFO] finished_by_user      : False
[INFO] file_processing_time  : 7.246 sec
[VIS] matplotlib backend: agg
[VIS] saved figure: /home/robotics/UOS-RoboStack/submit_buffer3_search/algorithm_results_order_sweep/adaptive_1400-best-1450/vis/random_spec_002.png

[INFO] file_index            : 3/50
[INFO] input_file            : /home/robotics/UOS-RoboStack/submit_buffer3_search/box_sequence1/random_spec_002.json
[INFO] output_file           : /home/robotics/UOS-RoboStack/submit_buffer3_search/algorithm_results_order_sweep/adaptive_1400-best-1450/random_spec_002.json
[INFO] vis_file              : /home/robotics/UOS-RoboStack/submit_buffer3_search/algorithm_results_order_sweep/adaptive_1400-best-1450/vis/random_spec_002.png
[INFO] total_input_boxes     : 250
[INFO] output_boxes          : 87
[INFO] placed_count          : 87
[INFO] placed_volume         : 0.982474
[INFO] pallet_volume         : 1.500000
[INFO] max_top_height        : 1.223500
[INFO] utilization           : 0.6550
[INFO] utilization_percent   : 65.50%
[INFO] terminated            : True
[INFO] terminated_step       : 87
[INFO] finished_by_user      : False
[INFO] file_processing_time  : 6.183 sec
[VIS] matplotlib backend: agg
[VIS] saved figure: /home/robotics/UOS-RoboStack/submit_buffer3_search/algorithm_results_order_sweep/adaptive_1400-best-1450/vis/random_spec_003.png

[INFO] file_index            : 4/50
[INFO] input_file            : /home/robotics/UOS-RoboStack/submit_buffer3_search/box_sequence1/random_spec_003.json
[INFO] output_file           : /home/robotics/UOS-RoboStack/submit_buffer3_search/algorithm_results_order_sweep/adaptive_1400-best-1450/random_spec_003.json
[INFO] vis_file              : /home/robotics/UOS-RoboStack/submit_buffer3_search/algorithm_results_order_sweep/adaptive_1400-best-1450/vis/random_spec_003.png
[INFO] total_input_boxes     : 250
[INFO] output_boxes          : 87
[INFO] placed_count          : 87
[INFO] placed_volume         : 1.034743
[INFO] pallet_volume         : 1.500000
[INFO] max_top_height        : 1.221500
[INFO] utilization           : 0.6898
[INFO] utilization_percent   : 68.98%
[INFO] terminated            : True
[INFO] terminated_step       : 87
[INFO] finished_by_user      : False
[INFO] file_processing_time  : 7.178 sec
[VIS] matplotlib backend: agg
[VIS] saved figure: /home/robotics/UOS-RoboStack/submit_buffer3_search/algorithm_results_order_sweep/adaptive_1400-best-1450/vis/random_spec_004.png

[INFO] file_index            : 5/50
[INFO] input_file            : /home/robotics/UOS-RoboStack/submit_buffer3_search/box_sequence1/random_spec_004.json
[INFO] output_file           : /home/robotics/UOS-RoboStack/submit_buffer3_search/algorithm_results_order_sweep/adaptive_1400-best-1450/random_spec_004.json
[INFO] vis_file              : /home/robotics/UOS-RoboStack/submit_buffer3_search/algorithm_results_order_sweep/adaptive_1400-best-1450/vis/random_spec_004.png
[INFO] total_input_boxes     : 250
[INFO] output_boxes          : 85
[INFO] placed_count          : 85
[INFO] placed_volume         : 0.959757
[INFO] pallet_volume         : 1.500000
[INFO] max_top_height        : 1.243500
[INFO] utilization           : 0.6398
[INFO] utilization_percent   : 63.98%
[INFO] terminated            : True
[INFO] terminated_step       : 85
[INFO] finished_by_user      : False
[INFO] file_processing_time  : 6.165 sec
[VIS] matplotlib backend: agg
[VIS] saved figure: /home/robotics/UOS-RoboStack/submit_buffer3_search/algorithm_results_order_sweep/adaptive_1400-best-1450/vis/random_spec_005.png

[INFO] file_index            : 6/50
[INFO] input_file            : /home/robotics/UOS-RoboStack/submit_buffer3_search/box_sequence1/random_spec_005.json
[INFO] output_file           : /home/robotics/UOS-RoboStack/submit_buffer3_search/algorithm_results_order_sweep/adaptive_1400-best-1450/random_spec_005.json
[INFO] vis_file              : /home/robotics/UOS-RoboStack/submit_buffer3_search/algorithm_results_order_sweep/adaptive_1400-best-1450/vis/random_spec_005.png
[INFO] total_input_boxes     : 250
[INFO] output_boxes          : 81
[INFO] placed_count          : 81
[INFO] placed_volume         : 0.940874
[INFO] pallet_volume         : 1.500000
[INFO] max_top_height        : 1.236500
[INFO] utilization           : 0.6272
[INFO] utilization_percent   : 62.72%
[INFO] terminated            : True
[INFO] terminated_step       : 81
[INFO] finished_by_user      : False
[INFO] file_processing_time  : 7.542 sec
[VIS] matplotlib backend: agg
[VIS] saved figure: /home/robotics/UOS-RoboStack/submit_buffer3_search/algorithm_results_order_sweep/adaptive_1400-best-1450/vis/random_spec_006.png

[INFO] file_index            : 7/50
[INFO] input_file            : /home/robotics/UOS-RoboStack/submit_buffer3_search/box_sequence1/random_spec_006.json
[INFO] output_file           : /home/robotics/UOS-RoboStack/submit_buffer3_search/algorithm_results_order_sweep/adaptive_1400-best-1450/random_spec_006.json
[INFO] vis_file              : /home/robotics/UOS-RoboStack/submit_buffer3_search/algorithm_results_order_sweep/adaptive_1400-best-1450/vis/random_spec_006.png
[INFO] total_input_boxes     : 250
[INFO] output_boxes          : 84
[INFO] placed_count          : 84
[INFO] placed_volume         : 1.021139
[INFO] pallet_volume         : 1.500000
[INFO] max_top_height        : 1.243500
[INFO] utilization           : 0.6808
[INFO] utilization_percent   : 68.08%
[INFO] terminated            : True
[INFO] terminated_step       : 84
[INFO] finished_by_user      : False
[INFO] file_processing_time  : 6.846 sec
[VIS] matplotlib backend: agg
[VIS] saved figure: /home/robotics/UOS-RoboStack/submit_buffer3_search/algorithm_results_order_sweep/adaptive_1400-best-1450/vis/random_spec_007.png

[INFO] file_index            : 8/50
[INFO] input_file            : /home/robotics/UOS-RoboStack/submit_buffer3_search/box_sequence1/random_spec_007.json
[INFO] output_file           : /home/robotics/UOS-RoboStack/submit_buffer3_search/algorithm_results_order_sweep/adaptive_1400-best-1450/random_spec_007.json
[INFO] vis_file              : /home/robotics/UOS-RoboStack/submit_buffer3_search/algorithm_results_order_sweep/adaptive_1400-best-1450/vis/random_spec_007.png
[INFO] total_input_boxes     : 250
[INFO] output_boxes          : 84
[INFO] placed_count          : 84
[INFO] placed_volume         : 0.988150
[INFO] pallet_volume         : 1.500000
[INFO] max_top_height        : 1.239000
[INFO] utilization           : 0.6588
[INFO] utilization_percent   : 65.88%
[INFO] terminated            : True
[INFO] terminated_step       : 84
[INFO] finished_by_user      : False
[INFO] file_processing_time  : 5.918 sec
[VIS] matplotlib backend: agg
[VIS] saved figure: /home/robotics/UOS-RoboStack/submit_buffer3_search/algorithm_results_order_sweep/adaptive_1400-best-1450/vis/random_spec_008.png

[INFO] file_index            : 9/50
[INFO] input_file            : /home/robotics/UOS-RoboStack/submit_buffer3_search/box_sequence1/random_spec_008.json
[INFO] output_file           : /home/robotics/UOS-RoboStack/submit_buffer3_search/algorithm_results_order_sweep/adaptive_1400-best-1450/random_spec_008.json
[INFO] vis_file              : /home/robotics/UOS-RoboStack/submit_buffer3_search/algorithm_results_order_sweep/adaptive_1400-best-1450/vis/random_spec_008.png
[INFO] total_input_boxes     : 250
[INFO] output_boxes          : 86
[INFO] placed_count          : 86
[INFO] placed_volume         : 0.966534
[INFO] pallet_volume         : 1.500000
[INFO] max_top_height        : 1.234000
[INFO] utilization           : 0.6444
[INFO] utilization_percent   : 64.44%
[INFO] terminated            : True
[INFO] terminated_step       : 86
[INFO] finished_by_user      : False
[INFO] file_processing_time  : 14.611 sec
[VIS] matplotlib backend: agg
[VIS] saved figure: /home/robotics/UOS-RoboStack/submit_buffer3_search/algorithm_results_order_sweep/adaptive_1400-best-1450/vis/random_spec_009.png

[INFO] file_index            : 10/50
[INFO] input_file            : /home/robotics/UOS-RoboStack/submit_buffer3_search/box_sequence1/random_spec_009.json
[INFO] output_file           : /home/robotics/UOS-RoboStack/submit_buffer3_search/algorithm_results_order_sweep/adaptive_1400-best-1450/random_spec_009.json
[INFO] vis_file              : /home/robotics/UOS-RoboStack/submit_buffer3_search/algorithm_results_order_sweep/adaptive_1400-best-1450/vis/random_spec_009.png
[INFO] total_input_boxes     : 250
[INFO] output_boxes          : 91
[INFO] placed_count          : 91
[INFO] placed_volume         : 1.021408
[INFO] pallet_volume         : 1.500000
[INFO] max_top_height        : 1.233000
[INFO] utilization           : 0.6809
[INFO] utilization_percent   : 68.09%
[INFO] terminated            : True
[INFO] terminated_step       : 91
[INFO] finished_by_user      : False
[INFO] file_processing_time  : 6.783 sec
[VIS] matplotlib backend: agg
[VIS] saved figure: /home/robotics/UOS-RoboStack/submit_buffer3_search/algorithm_results_order_sweep/adaptive_1400-best-1450/vis/random_spec_010.png

[INFO] file_index            : 11/50
[INFO] input_file            : /home/robotics/UOS-RoboStack/submit_buffer3_search/box_sequence1/random_spec_010.json
[INFO] output_file           : /home/robotics/UOS-RoboStack/submit_buffer3_search/algorithm_results_order_sweep/adaptive_1400-best-1450/random_spec_010.json
[INFO] vis_file              : /home/robotics/UOS-RoboStack/submit_buffer3_search/algorithm_results_order_sweep/adaptive_1400-best-1450/vis/random_spec_010.png
[INFO] total_input_boxes     : 250
[INFO] output_boxes          : 90
[INFO] placed_count          : 90
[INFO] placed_volume         : 1.062104
[INFO] pallet_volume         : 1.500000
[INFO] max_top_height        : 1.242000
[INFO] utilization           : 0.7081
[INFO] utilization_percent   : 70.81%
[INFO] terminated            : True
[INFO] terminated_step       : 90
[INFO] finished_by_user      : False
[INFO] file_processing_time  : 6.651 sec
[VIS] matplotlib backend: agg
[VIS] saved figure: /home/robotics/UOS-RoboStack/submit_buffer3_search/algorithm_results_order_sweep/adaptive_1400-best-1450/vis/random_spec_011.png

[INFO] file_index            : 12/50
[INFO] input_file            : /home/robotics/UOS-RoboStack/submit_buffer3_search/box_sequence1/random_spec_011.json
[INFO] output_file           : /home/robotics/UOS-RoboStack/submit_buffer3_search/algorithm_results_order_sweep/adaptive_1400-best-1450/random_spec_011.json
[INFO] vis_file              : /home/robotics/UOS-RoboStack/submit_buffer3_search/algorithm_results_order_sweep/adaptive_1400-best-1450/vis/random_spec_011.png
[INFO] total_input_boxes     : 250
[INFO] output_boxes          : 91
[INFO] placed_count          : 91
[INFO] placed_volume         : 1.042591
[INFO] pallet_volume         : 1.500000
[INFO] max_top_height        : 1.249000
[INFO] utilization           : 0.6951
[INFO] utilization_percent   : 69.51%
[INFO] terminated            : True
[INFO] terminated_step       : 91
[INFO] finished_by_user      : False
[INFO] file_processing_time  : 6.761 sec
[VIS] matplotlib backend: agg
[VIS] saved figure: /home/robotics/UOS-RoboStack/submit_buffer3_search/algorithm_results_order_sweep/adaptive_1400-best-1450/vis/random_spec_012.png

[INFO] file_index            : 13/50
[INFO] input_file            : /home/robotics/UOS-RoboStack/submit_buffer3_search/box_sequence1/random_spec_012.json
[INFO] output_file           : /home/robotics/UOS-RoboStack/submit_buffer3_search/algorithm_results_order_sweep/adaptive_1400-best-1450/random_spec_012.json
[INFO] vis_file              : /home/robotics/UOS-RoboStack/submit_buffer3_search/algorithm_results_order_sweep/adaptive_1400-best-1450/vis/random_spec_012.png
[INFO] total_input_boxes     : 250
[INFO] output_boxes          : 89
[INFO] placed_count          : 89
[INFO] placed_volume         : 1.045451
[INFO] pallet_volume         : 1.500000
[INFO] max_top_height        : 1.209000
[INFO] utilization           : 0.6970
[INFO] utilization_percent   : 69.70%
[INFO] terminated            : True
[INFO] terminated_step       : 89
[INFO] finished_by_user      : False
[INFO] file_processing_time  : 6.669 sec
[VIS] matplotlib backend: agg
[VIS] saved figure: /home/robotics/UOS-RoboStack/submit_buffer3_search/algorithm_results_order_sweep/adaptive_1400-best-1450/vis/random_spec_013.png

[INFO] file_index            : 14/50
[INFO] input_file            : /home/robotics/UOS-RoboStack/submit_buffer3_search/box_sequence1/random_spec_013.json
[INFO] output_file           : /home/robotics/UOS-RoboStack/submit_buffer3_search/algorithm_results_order_sweep/adaptive_1400-best-1450/random_spec_013.json
[INFO] vis_file              : /home/robotics/UOS-RoboStack/submit_buffer3_search/algorithm_results_order_sweep/adaptive_1400-best-1450/vis/random_spec_013.png
[INFO] total_input_boxes     : 250
[INFO] output_boxes          : 87
[INFO] placed_count          : 87
[INFO] placed_volume         : 1.032359
[INFO] pallet_volume         : 1.500000
[INFO] max_top_height        : 1.244500
[INFO] utilization           : 0.6882
[INFO] utilization_percent   : 68.82%
[INFO] terminated            : True
[INFO] terminated_step       : 87
[INFO] finished_by_user      : False
[INFO] file_processing_time  : 6.158 sec
[VIS] matplotlib backend: agg
[VIS] saved figure: /home/robotics/UOS-RoboStack/submit_buffer3_search/algorithm_results_order_sweep/adaptive_1400-best-1450/vis/random_spec_014.png

[INFO] file_index            : 15/50
[INFO] input_file            : /home/robotics/UOS-RoboStack/submit_buffer3_search/box_sequence1/random_spec_014.json
[INFO] output_file           : /home/robotics/UOS-RoboStack/submit_buffer3_search/algorithm_results_order_sweep/adaptive_1400-best-1450/random_spec_014.json
[INFO] vis_file              : /home/robotics/UOS-RoboStack/submit_buffer3_search/algorithm_results_order_sweep/adaptive_1400-best-1450/vis/random_spec_014.png
[INFO] total_input_boxes     : 250
[INFO] output_boxes          : 91
[INFO] placed_count          : 91
[INFO] placed_volume         : 1.051166
[INFO] pallet_volume         : 1.500000
[INFO] max_top_height        : 1.193500
[INFO] utilization           : 0.7008
[INFO] utilization_percent   : 70.08%
[INFO] terminated            : True
[INFO] terminated_step       : 91
[INFO] finished_by_user      : False
[INFO] file_processing_time  : 7.360 sec
[VIS] matplotlib backend: agg
[VIS] saved figure: /home/robotics/UOS-RoboStack/submit_buffer3_search/algorithm_results_order_sweep/adaptive_1400-best-1450/vis/random_spec_015.png

[INFO] file_index            : 16/50
[INFO] input_file            : /home/robotics/UOS-RoboStack/submit_buffer3_search/box_sequence1/random_spec_015.json
[INFO] output_file           : /home/robotics/UOS-RoboStack/submit_buffer3_search/algorithm_results_order_sweep/adaptive_1400-best-1450/random_spec_015.json
[INFO] vis_file              : /home/robotics/UOS-RoboStack/submit_buffer3_search/algorithm_results_order_sweep/adaptive_1400-best-1450/vis/random_spec_015.png
[INFO] total_input_boxes     : 250
[INFO] output_boxes          : 87
[INFO] placed_count          : 87
[INFO] placed_volume         : 1.025185
[INFO] pallet_volume         : 1.500000
[INFO] max_top_height        : 1.243500
[INFO] utilization           : 0.6835
[INFO] utilization_percent   : 68.35%
[INFO] terminated            : True
[INFO] terminated_step       : 87
[INFO] finished_by_user      : False
[INFO] file_processing_time  : 8.298 sec
[VIS] matplotlib backend: agg
[VIS] saved figure: /home/robotics/UOS-RoboStack/submit_buffer3_search/algorithm_results_order_sweep/adaptive_1400-best-1450/vis/random_spec_016.png

[INFO] file_index            : 17/50
[INFO] input_file            : /home/robotics/UOS-RoboStack/submit_buffer3_search/box_sequence1/random_spec_016.json
[INFO] output_file           : /home/robotics/UOS-RoboStack/submit_buffer3_search/algorithm_results_order_sweep/adaptive_1400-best-1450/random_spec_016.json
[INFO] vis_file              : /home/robotics/UOS-RoboStack/submit_buffer3_search/algorithm_results_order_sweep/adaptive_1400-best-1450/vis/random_spec_016.png
[INFO] total_input_boxes     : 250
[INFO] output_boxes          : 83
[INFO] placed_count          : 83
[INFO] placed_volume         : 0.951970
[INFO] pallet_volume         : 1.500000
[INFO] max_top_height        : 1.233500
[INFO] utilization           : 0.6346
[INFO] utilization_percent   : 63.46%
[INFO] terminated            : True
[INFO] terminated_step       : 83
[INFO] finished_by_user      : False
[INFO] file_processing_time  : 7.052 sec
[VIS] matplotlib backend: agg
[VIS] saved figure: /home/robotics/UOS-RoboStack/submit_buffer3_search/algorithm_results_order_sweep/adaptive_1400-best-1450/vis/random_spec_017.png

[INFO] file_index            : 18/50
[INFO] input_file            : /home/robotics/UOS-RoboStack/submit_buffer3_search/box_sequence1/random_spec_017.json
[INFO] output_file           : /home/robotics/UOS-RoboStack/submit_buffer3_search/algorithm_results_order_sweep/adaptive_1400-best-1450/random_spec_017.json
[INFO] vis_file              : /home/robotics/UOS-RoboStack/submit_buffer3_search/algorithm_results_order_sweep/adaptive_1400-best-1450/vis/random_spec_017.png
[INFO] total_input_boxes     : 250
[INFO] output_boxes          : 88
[INFO] placed_count          : 88
[INFO] placed_volume         : 0.963753
[INFO] pallet_volume         : 1.500000
[INFO] max_top_height        : 1.199500
[INFO] utilization           : 0.6425
[INFO] utilization_percent   : 64.25%
[INFO] terminated            : True
[INFO] terminated_step       : 88
[INFO] finished_by_user      : False
[INFO] file_processing_time  : 7.635 sec
[VIS] matplotlib backend: agg
[VIS] saved figure: /home/robotics/UOS-RoboStack/submit_buffer3_search/algorithm_results_order_sweep/adaptive_1400-best-1450/vis/random_spec_018.png

[INFO] file_index            : 19/50
[INFO] input_file            : /home/robotics/UOS-RoboStack/submit_buffer3_search/box_sequence1/random_spec_018.json
[INFO] output_file           : /home/robotics/UOS-RoboStack/submit_buffer3_search/algorithm_results_order_sweep/adaptive_1400-best-1450/random_spec_018.json
[INFO] vis_file              : /home/robotics/UOS-RoboStack/submit_buffer3_search/algorithm_results_order_sweep/adaptive_1400-best-1450/vis/random_spec_018.png
[INFO] total_input_boxes     : 250
[INFO] output_boxes          : 91
[INFO] placed_count          : 91
[INFO] placed_volume         : 1.054471
[INFO] pallet_volume         : 1.500000
[INFO] max_top_height        : 1.225500
[INFO] utilization           : 0.7030
[INFO] utilization_percent   : 70.30%
[INFO] terminated            : True
[INFO] terminated_step       : 91
[INFO] finished_by_user      : False
[INFO] file_processing_time  : 7.795 sec
[VIS] matplotlib backend: agg
[VIS] saved figure: /home/robotics/UOS-RoboStack/submit_buffer3_search/algorithm_results_order_sweep/adaptive_1400-best-1450/vis/random_spec_019.png

[INFO] file_index            : 20/50
[INFO] input_file            : /home/robotics/UOS-RoboStack/submit_buffer3_search/box_sequence1/random_spec_019.json
[INFO] output_file           : /home/robotics/UOS-RoboStack/submit_buffer3_search/algorithm_results_order_sweep/adaptive_1400-best-1450/random_spec_019.json
[INFO] vis_file              : /home/robotics/UOS-RoboStack/submit_buffer3_search/algorithm_results_order_sweep/adaptive_1400-best-1450/vis/random_spec_019.png
[INFO] total_input_boxes     : 250
[INFO] output_boxes          : 85
[INFO] placed_count          : 85
[INFO] placed_volume         : 0.992805
[INFO] pallet_volume         : 1.500000
[INFO] max_top_height        : 1.249500
[INFO] utilization           : 0.6619
[INFO] utilization_percent   : 66.19%
[INFO] terminated            : True
[INFO] terminated_step       : 85
[INFO] finished_by_user      : False
[INFO] file_processing_time  : 7.101 sec
[VIS] matplotlib backend: agg
[VIS] saved figure: /home/robotics/UOS-RoboStack/submit_buffer3_search/algorithm_results_order_sweep/adaptive_1400-best-1450/vis/random_spec_020.png

[INFO] file_index            : 21/50
[INFO] input_file            : /home/robotics/UOS-RoboStack/submit_buffer3_search/box_sequence1/random_spec_020.json
[INFO] output_file           : /home/robotics/UOS-RoboStack/submit_buffer3_search/algorithm_results_order_sweep/adaptive_1400-best-1450/random_spec_020.json
[INFO] vis_file              : /home/robotics/UOS-RoboStack/submit_buffer3_search/algorithm_results_order_sweep/adaptive_1400-best-1450/vis/random_spec_020.png
[INFO] total_input_boxes     : 250
[INFO] output_boxes          : 83
[INFO] placed_count          : 83
[INFO] placed_volume         : 0.924922
[INFO] pallet_volume         : 1.500000
[INFO] max_top_height        : 1.213500
[INFO] utilization           : 0.6166
[INFO] utilization_percent   : 61.66%
[INFO] terminated            : True
[INFO] terminated_step       : 83
[INFO] finished_by_user      : False
[INFO] file_processing_time  : 13.769 sec
[VIS] matplotlib backend: agg
[VIS] saved figure: /home/robotics/UOS-RoboStack/submit_buffer3_search/algorithm_results_order_sweep/adaptive_1400-best-1450/vis/random_spec_021.png

[INFO] file_index            : 22/50
[INFO] input_file            : /home/robotics/UOS-RoboStack/submit_buffer3_search/box_sequence1/random_spec_021.json
[INFO] output_file           : /home/robotics/UOS-RoboStack/submit_buffer3_search/algorithm_results_order_sweep/adaptive_1400-best-1450/random_spec_021.json
[INFO] vis_file              : /home/robotics/UOS-RoboStack/submit_buffer3_search/algorithm_results_order_sweep/adaptive_1400-best-1450/vis/random_spec_021.png
[INFO] total_input_boxes     : 250
[INFO] output_boxes          : 79
[INFO] placed_count          : 79
[INFO] placed_volume         : 0.901808
[INFO] pallet_volume         : 1.500000
[INFO] max_top_height        : 1.242500
[INFO] utilization           : 0.6012
[INFO] utilization_percent   : 60.12%
[INFO] terminated            : True
[INFO] terminated_step       : 79
[INFO] finished_by_user      : False
[INFO] file_processing_time  : 11.756 sec
[VIS] matplotlib backend: agg
[VIS] saved figure: /home/robotics/UOS-RoboStack/submit_buffer3_search/algorithm_results_order_sweep/adaptive_1400-best-1450/vis/random_spec_022.png

[INFO] file_index            : 23/50
[INFO] input_file            : /home/robotics/UOS-RoboStack/submit_buffer3_search/box_sequence1/random_spec_022.json
[INFO] output_file           : /home/robotics/UOS-RoboStack/submit_buffer3_search/algorithm_results_order_sweep/adaptive_1400-best-1450/random_spec_022.json
[INFO] vis_file              : /home/robotics/UOS-RoboStack/submit_buffer3_search/algorithm_results_order_sweep/adaptive_1400-best-1450/vis/random_spec_022.png
[INFO] total_input_boxes     : 250
[INFO] output_boxes          : 87
[INFO] placed_count          : 87
[INFO] placed_volume         : 0.968919
[INFO] pallet_volume         : 1.500000
[INFO] max_top_height        : 1.179500
[INFO] utilization           : 0.6459
[INFO] utilization_percent   : 64.59%
[INFO] terminated            : True
[INFO] terminated_step       : 87
[INFO] finished_by_user      : False
[INFO] file_processing_time  : 6.956 sec
[VIS] matplotlib backend: agg
[VIS] saved figure: /home/robotics/UOS-RoboStack/submit_buffer3_search/algorithm_results_order_sweep/adaptive_1400-best-1450/vis/random_spec_023.png

[INFO] file_index            : 24/50
[INFO] input_file            : /home/robotics/UOS-RoboStack/submit_buffer3_search/box_sequence1/random_spec_023.json
[INFO] output_file           : /home/robotics/UOS-RoboStack/submit_buffer3_search/algorithm_results_order_sweep/adaptive_1400-best-1450/random_spec_023.json
[INFO] vis_file              : /home/robotics/UOS-RoboStack/submit_buffer3_search/algorithm_results_order_sweep/adaptive_1400-best-1450/vis/random_spec_023.png
[INFO] total_input_boxes     : 250
[INFO] output_boxes          : 88
[INFO] placed_count          : 88
[INFO] placed_volume         : 1.007762
[INFO] pallet_volume         : 1.500000
[INFO] max_top_height        : 1.250000
[INFO] utilization           : 0.6718
[INFO] utilization_percent   : 67.18%
[INFO] terminated            : True
[INFO] terminated_step       : 88
[INFO] finished_by_user      : False
[INFO] file_processing_time  : 7.572 sec
[VIS] matplotlib backend: agg
[VIS] saved figure: /home/robotics/UOS-RoboStack/submit_buffer3_search/algorithm_results_order_sweep/adaptive_1400-best-1450/vis/random_spec_024.png

[INFO] file_index            : 25/50
[INFO] input_file            : /home/robotics/UOS-RoboStack/submit_buffer3_search/box_sequence1/random_spec_024.json
[INFO] output_file           : /home/robotics/UOS-RoboStack/submit_buffer3_search/algorithm_results_order_sweep/adaptive_1400-best-1450/random_spec_024.json
[INFO] vis_file              : /home/robotics/UOS-RoboStack/submit_buffer3_search/algorithm_results_order_sweep/adaptive_1400-best-1450/vis/random_spec_024.png
[INFO] total_input_boxes     : 250
[INFO] output_boxes          : 83
[INFO] placed_count          : 83
[INFO] placed_volume         : 0.965369
[INFO] pallet_volume         : 1.500000
[INFO] max_top_height        : 1.231000
[INFO] utilization           : 0.6436
[INFO] utilization_percent   : 64.36%
[INFO] terminated            : True
[INFO] terminated_step       : 83
[INFO] finished_by_user      : False
[INFO] file_processing_time  : 7.464 sec
[VIS] matplotlib backend: agg
[VIS] saved figure: /home/robotics/UOS-RoboStack/submit_buffer3_search/algorithm_results_order_sweep/adaptive_1400-best-1450/vis/random_spec_025.png

[INFO] file_index            : 26/50
[INFO] input_file            : /home/robotics/UOS-RoboStack/submit_buffer3_search/box_sequence1/random_spec_025.json
[INFO] output_file           : /home/robotics/UOS-RoboStack/submit_buffer3_search/algorithm_results_order_sweep/adaptive_1400-best-1450/random_spec_025.json
[INFO] vis_file              : /home/robotics/UOS-RoboStack/submit_buffer3_search/algorithm_results_order_sweep/adaptive_1400-best-1450/vis/random_spec_025.png
[INFO] total_input_boxes     : 250
[INFO] output_boxes          : 78
[INFO] placed_count          : 78
[INFO] placed_volume         : 0.856202
[INFO] pallet_volume         : 1.500000
[INFO] max_top_height        : 1.248000
[INFO] utilization           : 0.5708
[INFO] utilization_percent   : 57.08%
[INFO] terminated            : True
[INFO] terminated_step       : 78
[INFO] finished_by_user      : False
[INFO] file_processing_time  : 6.264 sec
