[reward-sweep] warm-start profile=smooth_low run=reward_sweep_smoke_smooth_low seed=0 Tue Jul  7 11:36:48 AM KST 2026
Loading user config located at: '/home/user/isaacsim/kit/data/Kit/Isaac-Sim/5.1/user.config.json'
[Info] [carb] Logging to file: /home/user/isaacsim/kit/logs/Kit/Isaac-Sim/5.1/kit_20260707_113648.log
2026-07-07T02:36:49Z [142ms] [Warning] [carb.omniclient.plugin]  77: OmniHub: ThreadId(03) Hub encountered error. Trying to reconnect to Hub. retry_reason="Hub failed to launch: Io(\"child exited with exit status: 1 without writing file \\\"/tmp/hub-user-B365DB5F.config.json\\\"\")"
2026-07-07T02:36:49Z [213ms] [Warning] [carb.omniclient.plugin]  77: OmniHub: ThreadId(03) Hub encountered error. Trying to reconnect to Hub. retry_reason="Hub failed to launch: Io(\"child exited with exit status: 1 without writing file \\\"/tmp/hub-user-B365DB5F.config.json\\\"\")"
2026-07-07T02:36:49Z [295ms] [Warning] [carb.omniclient.plugin]  77: OmniHub: ThreadId(03) Hub encountered error. Trying to reconnect to Hub. retry_reason="Hub failed to launch: Io(\"child exited with exit status: 1 without writing file \\\"/tmp/hub-user-B365DB5F.config.json\\\"\")"
2026-07-07T02:36:49Z [386ms] [Warning] [carb.omniclient.plugin]  77: OmniHub: ThreadId(03) Hub encountered error. Trying to reconnect to Hub. retry_reason="Hub failed to launch: Io(\"child exited with exit status: 1 without writing file \\\"/tmp/hub-user-B365DB5F.config.json\\\"\")"
2026-07-07T02:36:49Z [488ms] [Warning] [carb.omniclient.plugin]  77: OmniHub: ThreadId(03) Hub encountered error. Trying to reconnect to Hub. retry_reason="Hub failed to launch: Io(\"child exited with exit status: 1 without writing file \\\"/tmp/hub-user-B365DB5F.config.json\\\"\")"
2026-07-07T02:36:49Z [599ms] [Warning] [carb.omniclient.plugin]  77: OmniHub: ThreadId(03) Hub encountered error. Trying to reconnect to Hub. retry_reason="Hub failed to launch: Io(\"child exited with exit status: 1 without writing file \\\"/tmp/hub-user-B365DB5F.config.json\\\"\")"
2026-07-07T02:36:49Z [720ms] [Warning] [carb.omniclient.plugin]  77: OmniHub: ThreadId(03) Hub encountered error. Trying to reconnect to Hub. retry_reason="Hub failed to launch: Io(\"child exited with exit status: 1 without writing file \\\"/tmp/hub-user-B365DB5F.config.json\\\"\")"
2026-07-07T02:36:49Z [852ms] [Warning] [carb.omniclient.plugin]  77: OmniHub: ThreadId(03) Hub encountered error. Trying to reconnect to Hub. retry_reason="Hub failed to launch: Io(\"child exited with exit status: 1 without writing file \\\"/tmp/hub-user-B365DB5F.config.json\\\"\")"
2026-07-07T02:36:49Z [993ms] [Warning] [carb.omniclient.plugin]  77: OmniHub: ThreadId(03) Hub encountered error. Trying to reconnect to Hub. retry_reason="Hub failed to launch: Io(\"child exited with exit status: 1 without writing file \\\"/tmp/hub-user-B365DB5F.config.json\\\"\")"
2026-07-07T02:36:50Z [1,145ms] [Warning] [carb.omniclient.plugin]  77: OmniHub: ThreadId(03) Hub encountered error. Trying to reconnect to Hub. retry_reason="Hub failed to launch: Io(\"child exited with exit status: 1 without writing file \\\"/tmp/hub-user-B365DB5F.config.json\\\"\")"
2026-07-07T02:36:50Z [1,305ms] [Warning] [carb.omniclient.plugin]  77: OmniHub: ThreadId(03) Hub encountered error. Trying to reconnect to Hub. retry_reason="Hub failed to launch: Io(\"child exited with exit status: 1 without writing file \\\"/tmp/hub-user-B365DB5F.config.json\\\"\")"
2026-07-07T02:36:50Z [1,476ms] [Warning] [carb.omniclient.plugin]  77: OmniHub: ThreadId(03) Hub encountered error. Trying to reconnect to Hub. retry_reason="Hub failed to launch: Io(\"child exited with exit status: 1 without writing file \\\"/tmp/hub-user-B365DB5F.config.json\\\"\")"
2026-07-07T02:36:50Z [1,658ms] [Warning] [carb.omniclient.plugin]  77: OmniHub: ThreadId(03) Hub encountered error. Trying to reconnect to Hub. retry_reason="Hub failed to launch: Io(\"child exited with exit status: 1 without writing file \\\"/tmp/hub-user-B365DB5F.config.json\\\"\")"
2026-07-07T02:36:50Z [1,849ms] [Warning] [carb.omniclient.plugin]  77: OmniHub: ThreadId(03) Hub encountered error. Trying to reconnect to Hub. retry_reason="Hub failed to launch: Io(\"child exited with exit status: 1 without writing file \\\"/tmp/hub-user-B365DB5F.config.json\\\"\")"
2026-07-07T02:36:51Z [2,051ms] [Warning] [carb.omniclient.plugin]  77: OmniHub: ThreadId(03) Hub encountered error. Trying to reconnect to Hub. retry_reason="Hub failed to launch: Io(\"child exited with exit status: 1 without writing file \\\"/tmp/hub-user-B365DB5F.config.json\\\"\")"
2026-07-07T02:36:51Z [2,262ms] [Warning] [carb.omniclient.plugin]  77: OmniHub: ThreadId(03) Hub encountered error. Trying to reconnect to Hub. retry_reason="Hub failed to launch: Io(\"child exited with exit status: 1 without writing file \\\"/tmp/hub-user-B365DB5F.config.json\\\"\")"
2026-07-07T02:36:51Z [2,484ms] [Warning] [carb.omniclient.plugin]  77: OmniHub: ThreadId(03) Hub encountered error. Trying to reconnect to Hub. retry_reason="Hub failed to launch: Io(\"child exited with exit status: 1 without writing file \\\"/tmp/hub-user-B365DB5F.config.json\\\"\")"
2026-07-07T02:36:51Z [2,714ms] [Warning] [carb.omniclient.plugin]  77: OmniHub: ThreadId(03) Hub encountered error. Trying to reconnect to Hub. retry_reason="Hub failed to launch: Io(\"child exited with exit status: 1 without writing file \\\"/tmp/hub-user-B365DB5F.config.json\\\"\")"
2026-07-07T02:36:51Z [2,956ms] [Warning] [carb.omniclient.plugin]  77: OmniHub: ThreadId(03) Hub encountered error. Trying to reconnect to Hub. retry_reason="Hub failed to launch: Io(\"child exited with exit status: 1 without writing file \\\"/tmp/hub-user-B365DB5F.config.json\\\"\")"
2026-07-07T02:36:52Z [3,206ms] [Warning] [carb.omniclient.plugin]  77: OmniHub: ThreadId(03) Hub encountered error. Trying to reconnect to Hub. retry_reason="Hub failed to launch: Io(\"child exited with exit status: 1 without writing file \\\"/tmp/hub-user-B365DB5F.config.json\\\"\")"
2026-07-07T02:36:52Z [3,468ms] [Warning] [carb.omniclient.plugin]  77: OmniHub: ThreadId(03) Hub encountered error. Trying to reconnect to Hub. retry_reason="Hub failed to launch: Io(\"child exited with exit status: 1 without writing file \\\"/tmp/hub-user-B365DB5F.config.json\\\"\")"
2026-07-07T02:36:52Z [3,738ms] [Warning] [carb.omniclient.plugin]  77: OmniHub: ThreadId(03) Hub encountered error. Trying to reconnect to Hub. retry_reason="Hub failed to launch: Io(\"child exited with exit status: 1 without writing file \\\"/tmp/hub-user-B365DB5F.config.json\\\"\")"
2026-07-07T02:36:52Z [4,020ms] [Warning] [carb.omniclient.plugin]  77: OmniHub: ThreadId(03) Hub encountered error. Trying to reconnect to Hub. retry_reason="Hub failed to launch: Io(\"child exited with exit status: 1 without writing file \\\"/tmp/hub-user-B365DB5F.config.json\\\"\")"
2026-07-07T02:36:53Z [4,311ms] [Warning] [carb.omniclient.plugin]  77: OmniHub: ThreadId(03) Hub encountered error. Trying to reconnect to Hub. retry_reason="Hub failed to launch: Io(\"child exited with exit status: 1 without writing file \\\"/tmp/hub-user-B365DB5F.config.json\\\"\")"
2026-07-07T02:36:53Z [4,613ms] [Warning] [carb.omniclient.plugin]  77: OmniHub: ThreadId(03) Hub encountered error. Trying to reconnect to Hub. retry_reason="Hub failed to launch: Io(\"child exited with exit status: 1 without writing file \\\"/tmp/hub-user-B365DB5F.config.json\\\"\")"
2026-07-07T02:36:53Z [4,924ms] [Warning] [carb.omniclient.plugin]  77: OmniHub: ThreadId(03) Hub encountered error. Trying to reconnect to Hub. retry_reason="Hub failed to launch: Io(\"child exited with exit status: 1 without writing file \\\"/tmp/hub-user-B365DB5F.config.json\\\"\")"
2026-07-07T02:36:54Z [5,246ms] [Warning] [carb.omniclient.plugin]  77: OmniHub: ThreadId(03) Hub encountered error. Trying to reconnect to Hub. retry_reason="Hub failed to launch: Io(\"child exited with exit status: 1 without writing file \\\"/tmp/hub-user-B365DB5F.config.json\\\"\")"
2026-07-07T02:36:54Z [5,577ms] [Warning] [carb.omniclient.plugin]  77: OmniHub: ThreadId(03) Hub encountered error. Trying to reconnect to Hub. retry_reason="Hub failed to launch: Io(\"child exited with exit status: 1 without writing file \\\"/tmp/hub-user-B365DB5F.config.json\\\"\")"
2026-07-07T02:36:54Z [5,918ms] [Warning] [carb.omniclient.plugin]  77: OmniHub: ThreadId(03) Hub encountered error. Trying to reconnect to Hub. retry_reason="Hub failed to launch: Io(\"child exited with exit status: 1 without writing file \\\"/tmp/hub-user-B365DB5F.config.json\\\"\")"
2026-07-07T02:36:55Z [6,270ms] [Warning] [carb.omniclient.plugin]  77: OmniHub: ThreadId(03) Hub encountered error. Trying to reconnect to Hub. retry_reason="Hub failed to launch: Io(\"child exited with exit status: 1 without writing file \\\"/tmp/hub-user-B365DB5F.config.json\\\"\")"
2026-07-07T02:36:55Z [6,630ms] [Warning] [carb.omniclient.plugin]  77: OmniHub: ThreadId(03) Hub encountered error. Trying to reconnect to Hub. retry_reason="Hub failed to launch: Io(\"child exited with exit status: 1 without writing file \\\"/tmp/hub-user-B365DB5F.config.json\\\"\")"
2026-07-07T02:36:55Z [7,002ms] [Warning] [carb.omniclient.plugin]  77: OmniHub: ThreadId(03) Hub encountered error. Trying to reconnect to Hub. retry_reason="Hub failed to launch: Io(\"child exited with exit status: 1 without writing file \\\"/tmp/hub-user-B365DB5F.config.json\\\"\")"
2026-07-07T02:36:56Z [7,384ms] [Warning] [carb.omniclient.plugin]  77: OmniHub: ThreadId(03) Hub encountered error. Trying to reconnect to Hub. retry_reason="Hub failed to launch: Io(\"child exited with exit status: 1 without writing file \\\"/tmp/hub-user-B365DB5F.config.json\\\"\")"
2026-07-07T02:36:56Z [7,774ms] [Warning] [carb.omniclient.plugin]  77: OmniHub: ThreadId(03) Hub encountered error. Trying to reconnect to Hub. retry_reason="Hub failed to launch: Io(\"child exited with exit status: 1 without writing file \\\"/tmp/hub-user-B365DB5F.config.json\\\"\")"
2026-07-07T02:36:57Z [8,176ms] [Warning] [carb.omniclient.plugin]  77: OmniHub: ThreadId(03) Hub encountered error. Trying to reconnect to Hub. retry_reason="Hub failed to launch: Io(\"child exited with exit status: 1 without writing file \\\"/tmp/hub-user-B365DB5F.config.json\\\"\")"
2026-07-07T02:36:57Z [8,588ms] [Warning] [carb.omniclient.plugin]  77: OmniHub: ThreadId(03) Hub encountered error. Trying to reconnect to Hub. retry_reason="Hub failed to launch: Io(\"child exited with exit status: 1 without writing file \\\"/tmp/hub-user-B365DB5F.config.json\\\"\")"
2026-07-07T02:36:57Z [9,008ms] [Warning] [carb.omniclient.plugin]  77: OmniHub: ThreadId(03) Hub encountered error. Trying to reconnect to Hub. retry_reason="Hub failed to launch: Io(\"child exited with exit status: 1 without writing file \\\"/tmp/hub-user-B365DB5F.config.json\\\"\")"
2026-07-07T02:36:58Z [9,440ms] [Warning] [carb.omniclient.plugin]  77: OmniHub: ThreadId(03) Hub encountered error. Trying to reconnect to Hub. retry_reason="Hub failed to launch: Io(\"child exited with exit status: 1 without writing file \\\"/tmp/hub-user-B365DB5F.config.json\\\"\")"
2026-07-07T02:36:58Z [9,880ms] [Warning] [carb.omniclient.plugin]  77: OmniHub: ThreadId(03) Hub encountered error. Trying to reconnect to Hub. retry_reason="Hub failed to launch: Io(\"child exited with exit status: 1 without writing file \\\"/tmp/hub-user-B365DB5F.config.json\\\"\")"
2026-07-07T02:36:59Z [10,338ms] [Error] [omni.datastore] Failed to acquire exclusive lock to data store (256>=256)
2026-07-07T02:36:59Z [10,338ms] [Error] [omni.datastore] Failed to create local file data store at '/home/user/isaacsim/kit/cache/DerivedDataCache'
2026-07-07T02:36:59Z [10,360ms] [Warning] [omni.platforminfo.plugin] failed to open the default display.  Can't verify X Server version.
2026-07-07T02:36:59Z [10,361ms] [Warning] [omni.usd_config.extension] Enable omni.materialx.libs extension to use MaterialX
2026-07-07T02:36:59Z [10,652ms] [Warning] [carb] Acquiring non optional plugin interface which is not listed as dependency: [omni::physx::IPhysxBenchmarks v1.0] (plugin: <default plugin>), by client: omni.physics.physx.plugin. Add it to CARB_PLUGIN_IMPL_DEPS() macro of a client.
2026-07-07T02:36:59Z [10,749ms] [Warning] [omni.isaac.dynamic_control] omni.isaac.dynamic_control is deprecated as of Isaac Sim 4.5. No action is needed from end-users.
2026-07-07T02:36:59Z [10,763ms] [Error] [omni.physx.tensors.plugin] CUDA error: no CUDA-capable device is detected: ../../../extensions/runtime/source/omni.physx.tensors/plugins/gpu/CudaCommon.h: 111
2026-07-07T02:36:59Z [10,763ms] [Error] [omni.physx.tensors.plugin] Failed to create primary CUDA context
Warp CUDA error 100: no CUDA-capable device is detected (in function init_cuda_driver, /builds/omniverse/warp/warp/native/cuda_util.cpp:266)
Warp CUDA error 3: initialization error (in function cuda_device_get_count, /builds/omniverse/warp/warp/native/warp.cu:1769)
2026-07-07T02:37:01Z [12,113ms] [Warning] [matplotlib] /home/user/.config/matplotlib is not a writable directory
2026-07-07T02:37:01Z [12,114ms] [Warning] [matplotlib] Matplotlib created a temporary cache directory at /tmp/matplotlib-8yv741rm because there was an issue with the default path (/home/user/.config/matplotlib); it is highly recommended to set the MPLCONFIGDIR environment variable to a writable directory, in particular to speed up the import of Matplotlib and to better support multiprocessing.
2026-07-07T02:37:01Z [12,151ms] [Error] [omni.kit.app.plugin] failed to open file '/home/user/isaacsim/kit/data/Kit/Isaac-Sim/5.1/user.config.json' - unable to save the dictionary
2026-07-07T02:37:01Z [12,172ms] [Error] [omni.gpucompute-cuda.plugin] CUDA error in createContext: no CUDA-capable device is detected: ../../../source/plugins/omni.gpucompute-cuda/GpuCompute-Cuda.cpp: 179 (device 1599579920)
2026-07-07T02:37:01Z [12,188ms] [Error] [carb.cudainterop.plugin] Could not initialize NVML: return code 9 (NVML_ERROR_DRIVER_NOT_LOADED: NVIDIA driver is not loaded.)
2026-07-07T02:37:01Z [12,190ms] [Error] [carb.cudainterop.plugin] Could not initialize NVML: return code 9 (NVML_ERROR_DRIVER_NOT_LOADED: NVIDIA driver is not loaded.)

|---------------------------------------------------------------------------------------------|
| Driver Version: 0             | Graphics API: Vulkan
|=============================================================================================|
| GPU | Name                             | Active | LDA | GPU Memory | Vendor-ID | LUID       |
|     |                                  |        |     |            | Device-ID | UUID       |
|     |                                  |        |     |            | Bus-ID    |            |
|=============================================================================================|
| OS: 22.04.5 LTS (Jammy Jellyfish) ubuntu, Version: 22.04.5, Kernel: 6.8.0-124-generic
| Processor: AMD Ryzen 9 9950X3D 16-Core Processor
| Cores: 16 | Logical Cores: 32
|---------------------------------------------------------------------------------------------|
| Total Memory (MB): 126429 | Free Memory: 119903
| Total Page/Swap (MB): 2047 | Free Page/Swap: 842
|---------------------------------------------------------------------------------------------|
2026-07-07T02:37:01Z [12,534ms] [Error] [gpu.foundation.plugin] No device could be created. Some known system issues:
- The driver is not installed properly and requires a clean re-install.
- Your GPUs do not support RayTracing: DXR or Vulkan ray_tracing, or hardware is excluded due to performance.
- The driver cannot enumerate any GPU: driver, display, TCC mode or a docker issue. For Vulkan, test it with Vulkaninfo tool from Vulkan SDK, instead of nvidia-smi.
- For Ubuntu, it requires server-xorg-core 1.20.7+ and a display to work without --no-window.
- For Linux dockers, the setup is not complete. Install the latest driver, xServer and NVIDIA container runtime.

2026-07-07T02:37:01Z [12,535ms] [Error] [gpu.foundation.plugin] Invalid getDeviceInfo parameters.
2026-07-07T02:37:01Z [12,536ms] [Warning] [omni.physx.foundation.plugin] PhysXFoundation: Couldn't get driver version, failed to getDeviceInfo
2026-07-07T02:37:01Z [12,536ms] [Warning] [omni.physx.foundation.plugin] PhysXFoundation: Unable to get IGpuFoundation, GpuDevices or Graphics!
2026-07-07T02:37:01Z [12,538ms] [Error] [carb.cudainterop.plugin] CUDA error 100: cudaErrorNoDevice - no CUDA-capable device is detected)
2026-07-07T02:37:01Z [12,538ms] [Error] [carb.cudainterop.plugin] Failed to get the CUDA device.
2026-07-07T02:37:01Z [12,538ms] [Error] [carb.cudainterop.plugin] CUDA error 100: cudaErrorNoDevice - no CUDA-capable device is detected)
2026-07-07T02:37:01Z [12,538ms] [Error] [carb.cudainterop.plugin] Failed to set the CUDA device: 0
2026-07-07T02:37:01Z [12,538ms] [Error] [omni.physx.plugin] No CUDA devices found
2026-07-07T02:37:01Z [12,538ms] [Error] [omni.physx.plugin] Unable to create PxCudaContextManager!
2026-07-07T02:37:01Z [12,538ms] [Warning] [omni.kvdb.plugin] Disabling key-value database because another kit process is locking it
2026-07-07T02:37:01Z [12,548ms] [Error] [omni.kit.app.plugin] failed to open file '/home/user/isaacsim/kit/data/Kit/Isaac-Sim/5.1/user.config.json' - unable to save the dictionary
Gym has been unmaintained since 2022 and does not support NumPy 2.0 amongst other critical functionality.
Please upgrade to Gymnasium, the maintained drop-in replacement of Gym, or contact the authors of your software and request that they upgrade.
See the migration guide at https://gymnasium.farama.org/introduction/migration_guide/ for additional information.
Traceback (most recent call last):
  File "/home/user/Documents/assignment2_project/isaaclab_pallet/scripts/train_pallet_gat.py", line 490, in <module>
    main()
  File "/home/user/Documents/assignment2_project/isaaclab_pallet/scripts/train_pallet_gat.py", line 311, in main
    env = PalletPackingEnv(cfg)
          ^^^^^^^^^^^^^^^^^^^^^
  File "/home/user/Documents/assignment2_project/isaaclab_pallet/pallet_packing_env.py", line 287, in __init__
    super().__init__(cfg, render_mode, **kwargs)
  File "/home/user/IsaacLab/source/isaaclab/isaaclab/envs/direct_rl_env.py", line 106, in __init__
    self.sim: SimulationContext = SimulationContext(self.cfg.sim)
                                  ^^^^^^^^^^^^^^^^^^^^^^^^^^^^^^^
  File "/home/user/IsaacLab/source/isaaclab/isaaclab/sim/simulation_context.py", line 241, in __init__
    self._gravity_tensor = torch.tensor(self.cfg.gravity, dtype=torch.float32, device=self.cfg.device)
                           ^^^^^^^^^^^^^^^^^^^^^^^^^^^^^^^^^^^^^^^^^^^^^^^^^^^^^^^^^^^^^^^^^^^^^^^^^^^
  File "/home/user/miniconda3/envs/env_isaaclab/lib/python3.11/site-packages/torch/cuda/__init__.py", line 372, in _lazy_init
    torch._C._cuda_init()
RuntimeError: No CUDA GPUs are available
[INFO][AppLauncher]: Using device: cuda:0
[INFO][AppLauncher]: Loading experience file: /home/user/IsaacLab/apps/isaaclab.python.headless.kit

[36m======================================================================================[0m
[36m[1m[INFO][IsaacLab]: Logging to file: /tmp/isaaclab/logs/isaaclab_2026-07-07_11-37-01.log[0m
[36m======================================================================================[0m

[reward-sweep] profile=smooth_low exited code=1 Tue Jul  7 11:37:01 AM KST 2026
