[reward-sweep] warm-start profile=floor_low run=reward_sweep_floor_low seed=0 Tue Jun 30 12:12:54 AM KST 2026
Gym has been unmaintained since 2022 and does not support NumPy 2.0 amongst other critical functionality.
Please upgrade to Gymnasium, the maintained drop-in replacement of Gym, or contact the authors of your software and request that they upgrade.
See the migration guide at https://gymnasium.farama.org/introduction/migration_guide/ for additional information.
[INFO][AppLauncher]: Using device: cuda:0
[INFO][AppLauncher]: Loading experience file: /home/user/IsaacLab/apps/isaaclab.python.headless.kit

[36m======================================================================================[0m
[36m[1m[INFO][IsaacLab]: Logging to file: /tmp/isaaclab/logs/isaaclab_2026-06-30_00-12-57.log[0m
[36m======================================================================================[0m

[33m00:12:57 [simulation_context.py] WARNING: The `enable_external_forces_every_iteration` parameter in the PhysxCfg is set to False. If you are experiencing noisy velocities, consider enabling this flag. You may need to slightly increase the number of velocity iterations (setting it to 1 or 2 rather than 0), together with this flag, to improve the accuracy of velocity updates.[0m
[INFO]: Base environment:
	Environment device    : cuda:0
	Environment seed      : None
	Physics step-size     : 0.008333333333333333
	Rendering step-size   : 0.16666666666666666
	Environment step-size : 0.16666666666666666
[33m00:13:02 [interactive_scene.py] WARNING: Collision filtering can only be automatically enabled when replicate_physics=True and using GPU simulation. Please call scene.filter_collisions(global_prim_paths) to filter collisions across environments.[0m
Loading user config located at: '/home/user/isaacsim/kit/data/Kit/Isaac-Sim/5.1/user.config.json'
[Info] [carb] Logging to file: /home/user/isaacsim/kit/logs/Kit/Isaac-Sim/5.1/kit_20260630_001254.log
2026-06-29T15:12:54Z [160ms] [Warning] [omni.platforminfo.plugin] failed to open the default display.  Can't verify X Server version.
2026-06-29T15:12:54Z [162ms] [Warning] [omni.usd_config.extension] Enable omni.materialx.libs extension to use MaterialX
2026-06-29T15:12:54Z [404ms] [Warning] [carb] Acquiring non optional plugin interface which is not listed as dependency: [omni::physx::IPhysxBenchmarks v1.0] (plugin: <default plugin>), by client: omni.physics.physx.plugin. Add it to CARB_PLUGIN_IMPL_DEPS() macro of a client.
2026-06-29T15:12:55Z [499ms] [Warning] [omni.isaac.dynamic_control] omni.isaac.dynamic_control is deprecated as of Isaac Sim 4.5. No action is needed from end-users.
2026-06-29T15:12:56Z [2,065ms] [Warning] [gpu.foundation.plugin] Skipping unsupported non-NVIDIA GPU: AMD Unknown (RADV RAPHAEL_MENDOCINO)
2026-06-29T15:12:56Z [2,065ms] [Warning] [gpu.foundation.plugin] Skipping unsupported non-NVIDIA GPU: AMD Unknown (RADV RAPHAEL_MENDOCINO)

|---------------------------------------------------------------------------------------------|
| Driver Version: 580.159.03    | Graphics API: Vulkan
|=============================================================================================|
| GPU | Name                             | Active | LDA | GPU Memory | Vendor-ID | LUID       |
|     |                                  |        |     |            | Device-ID | UUID       |
|     |                                  |        |     |            | Bus-ID    |            |
|---------------------------------------------------------------------------------------------|
| 0   | NVIDIA RTX PRO 6000 Blackwell .. | Yes: 0 |     | 97887   MB | 10de      | 0          |
|     |                                  |        |     |            | 2bb1      | 25b334fd.. |
|     |                                  |        |     |            | 1         |            |
|---------------------------------------------------------------------------------------------|
| 1   | AMD Unknown (RADV RAPHAEL_MEND.. |        |     | 43508   MB | 1002      | 0          |
|     |                                  |        |     |            | 13c0      | 00000000.. |
|     |                                  |        |     |            | 79        |            |
|=============================================================================================|
| OS: 22.04.5 LTS (Jammy Jellyfish) ubuntu, Version: 22.04.5, Kernel: 6.8.0-124-generic
| Processor: AMD Ryzen 9 9950X3D 16-Core Processor
| Cores: 16 | Logical Cores: 32
|---------------------------------------------------------------------------------------------|
| Total Memory (MB): 126429 | Free Memory: 117949
| Total Page/Swap (MB): 2047 | Free Page/Swap: 2047
|---------------------------------------------------------------------------------------------|
2026-06-29T15:12:56Z [2,243ms] [Warning] [omni.kvdb.plugin] Disabling key-value database because another kit process is locking it
2026-06-29T15:12:57Z [2,505ms] [Warning] [isaaclab.envs.direct_rl_env] Seed not set for the environment. The environment creation may not be deterministic.
[reward-sweep] profile=floor_low exited code=0 Tue Jun 30 11:09:31 AM KST 2026
[reward-sweep] warm-start profile=floor_low run=reward_sweep_floor_low seed=0 Tue Jun 30 11:32:44 AM KST 2026
Loading user config located at: '/home/user/isaacsim/kit/data/Kit/Isaac-Sim/5.1/user.config.json'
[Info] [carb] Logging to file: /home/user/isaacsim/kit/logs/Kit/Isaac-Sim/5.1/kit_20260630_113244.log
2026-06-30T02:32:45Z [164ms] [Warning] [omni.platforminfo.plugin] failed to open the default display.  Can't verify X Server version.
2026-06-30T02:32:45Z [166ms] [Warning] [omni.usd_config.extension] Enable omni.materialx.libs extension to use MaterialX
2026-06-30T02:32:45Z [407ms] [Warning] [carb] Acquiring non optional plugin interface which is not listed as dependency: [omni::physx::IPhysxBenchmarks v1.0] (plugin: <default plugin>), by client: omni.physics.physx.plugin. Add it to CARB_PLUGIN_IMPL_DEPS() macro of a client.
2026-06-30T02:32:45Z [501ms] [Warning] [omni.isaac.dynamic_control] omni.isaac.dynamic_control is deprecated as of Isaac Sim 4.5. No action is needed from end-users.
2026-06-30T02:32:45Z [676ms] [Error] [omni.ext._impl.custom_importer] Failed to import python module isaacsim.core.simulation_manager. Error: libcusparseLt.so.0: cannot open shared object file: No such file or directory. Traceback:
Traceback (most recent call last):
  File "/home/user/IsaacLab/_isaac_sim/kit/kernel/py/omni/ext/_impl/custom_importer.py", line 85, in import_module
    return importlib.import_module(name)
           ^^^^^^^^^^^^^^^^^^^^^^^^^^^^^
  File "/home/user/miniconda3/envs/env_isaaclab/lib/python3.11/importlib/__init__.py", line 126, in import_module
    return _bootstrap._gcd_import(name[level:], package, level)
           ^^^^^^^^^^^^^^^^^^^^^^^^^^^^^^^^^^^^^^^^^^^^^^^^^^^^
  File "<frozen importlib._bootstrap>", line 1204, in _gcd_import
  File "<frozen importlib._bootstrap>", line 1176, in _find_and_load
  File "<frozen importlib._bootstrap>", line 1147, in _find_and_load_unlocked
  File "<frozen importlib._bootstrap>", line 690, in _load_unlocked
  File "<frozen importlib._bootstrap_external>", line 940, in exec_module
  File "<frozen importlib._bootstrap>", line 241, in _call_with_frames_removed
  File "/home/user/isaacsim/exts/isaacsim.core.simulation_manager/isaacsim/core/simulation_manager/__init__.py", line 15, in <module>
    from .impl.extension import Extension
  File "/home/user/isaacsim/exts/isaacsim.core.simulation_manager/isaacsim/core/simulation_manager/impl/__init__.py", line 15, in <module>
    from .extension import *
  File "/home/user/isaacsim/exts/isaacsim.core.simulation_manager/isaacsim/core/simulation_manager/impl/extension.py", line 21, in <module>
    from .simulation_manager import SimulationManager
  File "/home/user/isaacsim/exts/isaacsim.core.simulation_manager/isaacsim/core/simulation_manager/impl/simulation_manager.py", line 20, in <module>
    import isaacsim.core.utils.torch as torch_utils
  File "/home/user/isaacsim/exts/isaacsim.core.utils/isaacsim/core/utils/torch/__init__.py", line 15, in <module>
    from .maths import *
  File "/home/user/isaacsim/exts/isaacsim.core.utils/isaacsim/core/utils/torch/maths.py", line 19, in <module>
    import torch
  File "/home/user/miniconda3/envs/env_isaaclab/lib/python3.11/site-packages/torch/__init__.py", line 409, in <module>
    from torch._C import *  # noqa: F403
    ^^^^^^^^^^^^^^^^^^^^^^
ImportError: libcusparseLt.so.0: cannot open shared object file: No such file or directory

2026-06-30T02:32:45Z [676ms] [Error] [carb.scripting-python.plugin] Exception: Extension python module: 'isaacsim.core.simulation_manager' in '/home/user/isaacsim/exts/isaacsim.core.simulation_manager' failed to load.

At:
  /home/user/IsaacLab/_isaac_sim/kit/kernel/py/omni/ext/_impl/_internal.py(222): startup
  /home/user/IsaacLab/_isaac_sim/kit/kernel/py/omni/ext/_impl/_internal.py(337): startup_extension
  PythonExtension.cpp::startup()(2): <module>
  /home/user/IsaacLab/_isaac_sim/exts/isaacsim.simulation_app/isaacsim/simulation_app/simulation_app.py(534): _start_app
  /home/user/IsaacLab/_isaac_sim/exts/isaacsim.simulation_app/isaacsim/simulation_app/simulation_app.py(270): __init__
  /home/user/IsaacLab/source/isaaclab/isaaclab/app/app_launcher.py(823): _create_app
  /home/user/IsaacLab/source/isaaclab/isaaclab/app/app_launcher.py(131): __init__
  /home/user/Documents/assignment2_project/isaaclab_pallet/scripts/train_pallet_gat.py(57): <module>

2026-06-30T02:32:45Z [676ms] [Error] [omni.ext.plugin] [ext: isaacsim.core.simulation_manager-1.4.4] Failed to startup python extension.
2026-06-30T02:32:45Z [704ms] [Error] [omni.ext._impl.custom_importer] Failed to import python module isaacsim.core.prims. Error: libcusparseLt.so.0: cannot open shared object file: No such file or directory. Traceback:
Traceback (most recent call last):
  File "/home/user/IsaacLab/_isaac_sim/kit/kernel/py/omni/ext/_impl/custom_importer.py", line 85, in import_module
    return importlib.import_module(name)
           ^^^^^^^^^^^^^^^^^^^^^^^^^^^^^
  File "/home/user/miniconda3/envs/env_isaaclab/lib/python3.11/importlib/__init__.py", line 126, in import_module
    return _bootstrap._gcd_import(name[level:], package, level)
           ^^^^^^^^^^^^^^^^^^^^^^^^^^^^^^^^^^^^^^^^^^^^^^^^^^^^
  File "<frozen importlib._bootstrap>", line 1204, in _gcd_import
  File "<frozen importlib._bootstrap>", line 1176, in _find_and_load
  File "<frozen importlib._bootstrap>", line 1147, in _find_and_load_unlocked
  File "<frozen importlib._bootstrap>", line 690, in _load_unlocked
  File "<frozen importlib._bootstrap_external>", line 940, in exec_module
  File "<frozen importlib._bootstrap>", line 241, in _call_with_frames_removed
  File "/home/user/isaacsim/exts/isaacsim.core.prims/isaacsim/core/prims/__init__.py", line 16, in <module>
    from .impl import *
  File "/home/user/isaacsim/exts/isaacsim.core.prims/isaacsim/core/prims/impl/__init__.py", line 16, in <module>
    from .articulation import Articulation
  File "/home/user/isaacsim/exts/isaacsim.core.prims/isaacsim/core/prims/impl/articulation.py", line 27, in <module>
    import torch
  File "/home/user/miniconda3/envs/env_isaaclab/lib/python3.11/site-packages/torch/__init__.py", line 409, in <module>
    from torch._C import *  # noqa: F403
    ^^^^^^^^^^^^^^^^^^^^^^
ImportError: libcusparseLt.so.0: cannot open shared object file: No such file or directory

2026-06-30T02:32:45Z [704ms] [Error] [carb.scripting-python.plugin] Exception: Extension python module: 'isaacsim.core.prims' in '/home/user/isaacsim/exts/isaacsim.core.prims' failed to load.

At:
  /home/user/IsaacLab/_isaac_sim/kit/kernel/py/omni/ext/_impl/_internal.py(222): startup
  /home/user/IsaacLab/_isaac_sim/kit/kernel/py/omni/ext/_impl/_internal.py(337): startup_extension
  PythonExtension.cpp::startup()(2): <module>
  /home/user/IsaacLab/_isaac_sim/exts/isaacsim.simulation_app/isaacsim/simulation_app/simulation_app.py(534): _start_app
  /home/user/IsaacLab/_isaac_sim/exts/isaacsim.simulation_app/isaacsim/simulation_app/simulation_app.py(270): __init__
  /home/user/IsaacLab/source/isaaclab/isaaclab/app/app_launcher.py(823): _create_app
  /home/user/IsaacLab/source/isaaclab/isaaclab/app/app_launcher.py(131): __init__
  /home/user/Documents/assignment2_project/isaaclab_pallet/scripts/train_pallet_gat.py(57): <module>

2026-06-30T02:32:45Z [704ms] [Error] [omni.ext.plugin] [ext: isaacsim.core.prims-0.6.1] Failed to startup python extension.
2026-06-30T02:32:45Z [727ms] [Error] [omni.ext._impl.custom_importer] Failed to import python module isaacsim.core.api. Error: libcusparseLt.so.0: cannot open shared object file: No such file or directory. Traceback:
Traceback (most recent call last):
  File "/home/user/IsaacLab/_isaac_sim/kit/kernel/py/omni/ext/_impl/custom_importer.py", line 85, in import_module
    return importlib.import_module(name)
           ^^^^^^^^^^^^^^^^^^^^^^^^^^^^^
  File "/home/user/miniconda3/envs/env_isaaclab/lib/python3.11/importlib/__init__.py", line 126, in import_module
    return _bootstrap._gcd_import(name[level:], package, level)
           ^^^^^^^^^^^^^^^^^^^^^^^^^^^^^^^^^^^^^^^^^^^^^^^^^^^^
  File "<frozen importlib._bootstrap>", line 1204, in _gcd_import
  File "<frozen importlib._bootstrap>", line 1176, in _find_and_load
  File "<frozen importlib._bootstrap>", line 1147, in _find_and_load_unlocked
  File "<frozen importlib._bootstrap>", line 690, in _load_unlocked
  File "<frozen importlib._bootstrap_external>", line 940, in exec_module
  File "<frozen importlib._bootstrap>", line 241, in _call_with_frames_removed
  File "/home/user/isaacsim/exts/isaacsim.core.api/isaacsim/core/api/__init__.py", line 17, in <module>
    from isaacsim.core.api.physics_context.physics_context import PhysicsContext
  File "/home/user/isaacsim/exts/isaacsim.core.api/isaacsim/core/api/physics_context/__init__.py", line 15, in <module>
    from isaacsim.core.api.physics_context.physics_context import PhysicsContext
  File "/home/user/isaacsim/exts/isaacsim.core.api/isaacsim/core/api/physics_context/physics_context.py", line 20, in <module>
    from isaacsim.core.simulation_manager import SimulationManager
  File "/home/user/isaacsim/exts/isaacsim.core.simulation_manager/isaacsim/core/simulation_manager/__init__.py", line 15, in <module>
    from .impl.extension import Extension
  File "/home/user/isaacsim/exts/isaacsim.core.simulation_manager/isaacsim/core/simulation_manager/impl/__init__.py", line 15, in <module>
    from .extension import *
  File "/home/user/isaacsim/exts/isaacsim.core.simulation_manager/isaacsim/core/simulation_manager/impl/extension.py", line 21, in <module>
    from .simulation_manager import SimulationManager
  File "/home/user/isaacsim/exts/isaacsim.core.simulation_manager/isaacsim/core/simulation_manager/impl/simulation_manager.py", line 20, in <module>
    import isaacsim.core.utils.torch as torch_utils
  File "/home/user/isaacsim/exts/isaacsim.core.utils/isaacsim/core/utils/torch/__init__.py", line 15, in <module>
    from .maths import *
  File "/home/user/isaacsim/exts/isaacsim.core.utils/isaacsim/core/utils/torch/maths.py", line 19, in <module>
    import torch
  File "/home/user/miniconda3/envs/env_isaaclab/lib/python3.11/site-packages/torch/__init__.py", line 409, in <module>
    from torch._C import *  # noqa: F403
    ^^^^^^^^^^^^^^^^^^^^^^
ImportError: libcusparseLt.so.0: cannot open shared object file: No such file or directory

2026-06-30T02:32:45Z [727ms] [Error] [carb.scripting-python.plugin] Exception: Extension python module: 'isaacsim.core.api' in '/home/user/isaacsim/exts/isaacsim.core.api' failed to load.

At:
  /home/user/IsaacLab/_isaac_sim/kit/kernel/py/omni/ext/_impl/_internal.py(222): startup
  /home/user/IsaacLab/_isaac_sim/kit/kernel/py/omni/ext/_impl/_internal.py(337): startup_extension
  PythonExtension.cpp::startup()(2): <module>
  /home/user/IsaacLab/_isaac_sim/exts/isaacsim.simulation_app/isaacsim/simulation_app/simulation_app.py(534): _start_app
  /home/user/IsaacLab/_isaac_sim/exts/isaacsim.simulation_app/isaacsim/simulation_app/simulation_app.py(270): __init__
  /home/user/IsaacLab/source/isaaclab/isaaclab/app/app_launcher.py(823): _create_app
  /home/user/IsaacLab/source/isaaclab/isaaclab/app/app_launcher.py(131): __init__
  /home/user/Documents/assignment2_project/isaaclab_pallet/scripts/train_pallet_gat.py(57): <module>

2026-06-30T02:32:45Z [727ms] [Error] [omni.ext.plugin] [ext: isaacsim.core.api-4.8.0] Failed to startup python extension.
2026-06-30T02:32:45Z [851ms] [Error] [omni.ext._impl.custom_importer] Failed to import python module isaacsim.core.cloner. Error: libcusparseLt.so.0: cannot open shared object file: No such file or directory. Traceback:
Traceback (most recent call last):
  File "/home/user/IsaacLab/_isaac_sim/kit/kernel/py/omni/ext/_impl/custom_importer.py", line 85, in import_module
    return importlib.import_module(name)
           ^^^^^^^^^^^^^^^^^^^^^^^^^^^^^
  File "/home/user/miniconda3/envs/env_isaaclab/lib/python3.11/importlib/__init__.py", line 126, in import_module
    return _bootstrap._gcd_import(name[level:], package, level)
           ^^^^^^^^^^^^^^^^^^^^^^^^^^^^^^^^^^^^^^^^^^^^^^^^^^^^
  File "<frozen importlib._bootstrap>", line 1204, in _gcd_import
  File "<frozen importlib._bootstrap>", line 1176, in _find_and_load
  File "<frozen importlib._bootstrap>", line 1147, in _find_and_load_unlocked
  File "<frozen importlib._bootstrap>", line 690, in _load_unlocked
  File "<frozen importlib._bootstrap_external>", line 940, in exec_module
  File "<frozen importlib._bootstrap>", line 241, in _call_with_frames_removed
  File "/home/user/isaacsim/exts/isaacsim.core.cloner/isaacsim/core/cloner/__init__.py", line 16, in <module>
    from .impl.cloner import *
  File "/home/user/isaacsim/exts/isaacsim.core.cloner/isaacsim/core/cloner/impl/cloner.py", line 21, in <module>
    import torch
  File "/home/user/miniconda3/envs/env_isaaclab/lib/python3.11/site-packages/torch/__init__.py", line 409, in <module>
    from torch._C import *  # noqa: F403
    ^^^^^^^^^^^^^^^^^^^^^^
ImportError: libcusparseLt.so.0: cannot open shared object file: No such file or directory

2026-06-30T02:32:45Z [851ms] [Error] [carb.scripting-python.plugin] Exception: Extension python module: 'isaacsim.core.cloner' in '/home/user/isaacsim/exts/isaacsim.core.cloner' failed to load.

At:
  /home/user/IsaacLab/_isaac_sim/kit/kernel/py/omni/ext/_impl/_internal.py(222): startup
  /home/user/IsaacLab/_isaac_sim/kit/kernel/py/omni/ext/_impl/_internal.py(337): startup_extension
  PythonExtension.cpp::startup()(2): <module>
  /home/user/IsaacLab/_isaac_sim/exts/isaacsim.simulation_app/isaacsim/simulation_app/simulation_app.py(534): _start_app
  /home/user/IsaacLab/_isaac_sim/exts/isaacsim.simulation_app/isaacsim/simulation_app/simulation_app.py(270): __init__
  /home/user/IsaacLab/source/isaaclab/isaaclab/app/app_launcher.py(823): _create_app
  /home/user/IsaacLab/source/isaaclab/isaaclab/app/app_launcher.py(131): __init__
  /home/user/Documents/assignment2_project/isaaclab_pallet/scripts/train_pallet_gat.py(57): <module>

2026-06-30T02:32:45Z [851ms] [Error] [omni.ext.plugin] [ext: isaacsim.core.cloner-1.4.10] Failed to startup python extension.
2026-06-30T02:32:45Z [890ms] [Error] [omni.ext._impl.custom_importer] Failed to import python module isaaclab_assets. Error: libcusparseLt.so.0: cannot open shared object file: No such file or directory. Traceback:
Traceback (most recent call last):
  File "/home/user/IsaacLab/_isaac_sim/kit/kernel/py/omni/ext/_impl/custom_importer.py", line 85, in import_module
    return importlib.import_module(name)
           ^^^^^^^^^^^^^^^^^^^^^^^^^^^^^
  File "/home/user/miniconda3/envs/env_isaaclab/lib/python3.11/importlib/__init__.py", line 126, in import_module
    return _bootstrap._gcd_import(name[level:], package, level)
           ^^^^^^^^^^^^^^^^^^^^^^^^^^^^^^^^^^^^^^^^^^^^^^^^^^^^
  File "<frozen importlib._bootstrap>", line 1204, in _gcd_import
  File "<frozen importlib._bootstrap>", line 1176, in _find_and_load
  File "<frozen importlib._bootstrap>", line 1147, in _find_and_load_unlocked
  File "<frozen importlib._bootstrap>", line 690, in _load_unlocked
  File "<frozen importlib._bootstrap_external>", line 940, in exec_module
  File "<frozen importlib._bootstrap>", line 241, in _call_with_frames_removed
  File "/home/user/IsaacLab/source/isaaclab_assets/isaaclab_assets/__init__.py", line 23, in <module>
    from .robots import *
  File "/home/user/IsaacLab/source/isaaclab_assets/isaaclab_assets/robots/__init__.py", line 10, in <module>
    from .agibot import *
  File "/home/user/IsaacLab/source/isaaclab_assets/isaaclab_assets/robots/agibot.py", line 15, in <module>
    import isaaclab.sim as sim_utils
  File "/home/user/IsaacLab/source/isaaclab/isaaclab/sim/__init__.py", line 29, in <module>
    from .converters import *  # noqa: F401, F403
    ^^^^^^^^^^^^^^^^^^^^^^^^^
  File "/home/user/IsaacLab/source/isaaclab/isaaclab/sim/converters/__init__.py", line 19, in <module>
    from .asset_converter_base import AssetConverterBase
  File "/home/user/IsaacLab/source/isaaclab/isaaclab/sim/converters/asset_converter_base.py", line 14, in <module>
    from isaaclab.sim.converters.asset_converter_base_cfg import AssetConverterBaseCfg
  File "/home/user/IsaacLab/source/isaaclab/isaaclab/sim/converters/asset_converter_base_cfg.py", line 8, in <module>
    from isaaclab.utils import configclass
  File "/home/user/IsaacLab/source/isaaclab/isaaclab/utils/__init__.py", line 8, in <module>
    from .array import *
  File "/home/user/IsaacLab/source/isaaclab/isaaclab/utils/array.py", line 14, in <module>
    import torch
  File "/home/user/miniconda3/envs/env_isaaclab/lib/python3.11/site-packages/torch/__init__.py", line 409, in <module>
    from torch._C import *  # noqa: F403
    ^^^^^^^^^^^^^^^^^^^^^^
ImportError: libcusparseLt.so.0: cannot open shared object file: No such file or directory

2026-06-30T02:32:45Z [890ms] [Error] [carb.scripting-python.plugin] Exception: Extension python module: 'isaaclab_assets' in '/home/user/IsaacLab/source/isaaclab_assets' failed to load.

At:
  /home/user/IsaacLab/_isaac_sim/kit/kernel/py/omni/ext/_impl/_internal.py(222): startup
  /home/user/IsaacLab/_isaac_sim/kit/kernel/py/omni/ext/_impl/_internal.py(337): startup_extension
  PythonExtension.cpp::startup()(2): <module>
  /home/user/IsaacLab/_isaac_sim/exts/isaacsim.simulation_app/isaacsim/simulation_app/simulation_app.py(534): _start_app
  /home/user/IsaacLab/_isaac_sim/exts/isaacsim.simulation_app/isaacsim/simulation_app/simulation_app.py(270): __init__
  /home/user/IsaacLab/source/isaaclab/isaaclab/app/app_launcher.py(823): _create_app
  /home/user/IsaacLab/source/isaaclab/isaaclab/app/app_launcher.py(131): __init__
  /home/user/Documents/assignment2_project/isaaclab_pallet/scripts/train_pallet_gat.py(57): <module>

2026-06-30T02:32:45Z [890ms] [Error] [omni.ext.plugin] [ext: isaaclab_assets-0.2.4] Failed to startup python extension.
2026-06-30T02:32:45Z [932ms] [Error] [omni.ext._impl.custom_importer] Failed to import python module isaaclab_tasks. Error: libcusparseLt.so.0: cannot open shared object file: No such file or directory. Traceback:
Traceback (most recent call last):
  File "/home/user/IsaacLab/_isaac_sim/kit/kernel/py/omni/ext/_impl/custom_importer.py", line 85, in import_module
    return importlib.import_module(name)
           ^^^^^^^^^^^^^^^^^^^^^^^^^^^^^
  File "/home/user/miniconda3/envs/env_isaaclab/lib/python3.11/importlib/__init__.py", line 126, in import_module
    return _bootstrap._gcd_import(name[level:], package, level)
           ^^^^^^^^^^^^^^^^^^^^^^^^^^^^^^^^^^^^^^^^^^^^^^^^^^^^
  File "<frozen importlib._bootstrap>", line 1204, in _gcd_import
  File "<frozen importlib._bootstrap>", line 1176, in _find_and_load
  File "<frozen importlib._bootstrap>", line 1147, in _find_and_load_unlocked
  File "<frozen importlib._bootstrap>", line 690, in _load_unlocked
  File "<frozen importlib._bootstrap_external>", line 940, in exec_module
  File "<frozen importlib._bootstrap>", line 241, in _call_with_frames_removed
  File "/home/user/IsaacLab/source/isaaclab_tasks/isaaclab_tasks/__init__.py", line 33, in <module>
    from .utils import import_packages
  File "/home/user/IsaacLab/source/isaaclab_tasks/isaaclab_tasks/utils/__init__.py", line 9, in <module>
    from .parse_cfg import get_checkpoint_path, load_cfg_from_registry, parse_env_cfg
  File "/home/user/IsaacLab/source/isaaclab_tasks/isaaclab_tasks/utils/parse_cfg.py", line 17, in <module>
    from isaaclab.envs import DirectRLEnvCfg, ManagerBasedRLEnvCfg
  File "/home/user/IsaacLab/source/isaaclab/isaaclab/envs/__init__.py", line 45, in <module>
    from . import mdp, ui
  File "/home/user/IsaacLab/source/isaaclab/isaaclab/envs/mdp/__init__.py", line 18, in <module>
    from .actions import *  # noqa: F401, F403
    ^^^^^^^^^^^^^^^^^^^^^^
  File "/home/user/IsaacLab/source/isaaclab/isaaclab/envs/mdp/actions/__init__.py", line 8, in <module>
    from .actions_cfg import *
  File "/home/user/IsaacLab/source/isaaclab/isaaclab/envs/mdp/actions/actions_cfg.py", line 8, in <module>
    from isaaclab.controllers import DifferentialIKControllerCfg, OperationalSpaceControllerCfg
  File "/home/user/IsaacLab/source/isaaclab/isaaclab/controllers/__init__.py", line 14, in <module>
    from .differential_ik import DifferentialIKController
  File "/home/user/IsaacLab/source/isaaclab/isaaclab/controllers/differential_ik.py", line 10, in <module>
    import torch
  File "/home/user/miniconda3/envs/env_isaaclab/lib/python3.11/site-packages/torch/__init__.py", line 409, in <module>
    from torch._C import *  # noqa: F403
    ^^^^^^^^^^^^^^^^^^^^^^
ImportError: libcusparseLt.so.0: cannot open shared object file: No such file or directory

2026-06-30T02:32:45Z [932ms] [Error] [carb.scripting-python.plugin] Exception: Extension python module: 'isaaclab_tasks' in '/home/user/IsaacLab/source/isaaclab_tasks' failed to load.

At:
  /home/user/IsaacLab/_isaac_sim/kit/kernel/py/omni/ext/_impl/_internal.py(222): startup
  /home/user/IsaacLab/_isaac_sim/kit/kernel/py/omni/ext/_impl/_internal.py(337): startup_extension
  PythonExtension.cpp::startup()(2): <module>
  /home/user/IsaacLab/_isaac_sim/exts/isaacsim.simulation_app/isaacsim/simulation_app/simulation_app.py(534): _start_app
  /home/user/IsaacLab/_isaac_sim/exts/isaacsim.simulation_app/isaacsim/simulation_app/simulation_app.py(270): __init__
  /home/user/IsaacLab/source/isaaclab/isaaclab/app/app_launcher.py(823): _create_app
  /home/user/IsaacLab/source/isaaclab/isaaclab/app/app_launcher.py(131): __init__
  /home/user/Documents/assignment2_project/isaaclab_pallet/scripts/train_pallet_gat.py(57): <module>

2026-06-30T02:32:45Z [932ms] [Error] [omni.ext.plugin] [ext: isaaclab_tasks-0.11.16] Failed to startup python extension.
[INFO][AppLauncher]: Using device: cuda:0
[INFO][AppLauncher]: Loading experience file: /home/user/IsaacLab/apps/isaaclab.python.headless.kit
2026-06-30T02:32:45Z [1,151ms] [Warning] [gpu.foundation.plugin] Skipping unsupported non-NVIDIA GPU: AMD Unknown (RADV RAPHAEL_MENDOCINO)
2026-06-30T02:32:45Z [1,151ms] [Warning] [gpu.foundation.plugin] Skipping unsupported non-NVIDIA GPU: AMD Unknown (RADV RAPHAEL_MENDOCINO)

|---------------------------------------------------------------------------------------------|
| Driver Version: 580.159.03    | Graphics API: Vulkan
|=============================================================================================|
| GPU | Name                             | Active | LDA | GPU Memory | Vendor-ID | LUID       |
|     |                                  |        |     |            | Device-ID | UUID       |
|     |                                  |        |     |            | Bus-ID    |            |
|---------------------------------------------------------------------------------------------|
| 0   | NVIDIA RTX PRO 6000 Blackwell .. | Yes: 0 |     | 97887   MB | 10de      | 0          |
|     |                                  |        |     |            | 2bb1      | 25b334fd.. |
|     |                                  |        |     |            | 1         |            |
|---------------------------------------------------------------------------------------------|
| 1   | AMD Unknown (RADV RAPHAEL_MEND.. |        |     | 43508   MB | 1002      | 0          |
|     |                                  |        |     |            | 13c0      | 00000000.. |
|     |                                  |        |     |            | 79        |            |
|=============================================================================================|
| OS: 22.04.5 LTS (Jammy Jellyfish) ubuntu, Version: 22.04.5, Kernel: 6.8.0-124-generic
| Processor: AMD Ryzen 9 9950X3D 16-Core Processor
| Cores: 16 | Logical Cores: 32
|---------------------------------------------------------------------------------------------|
| Total Memory (MB): 126429 | Free Memory: 119375
| Total Page/Swap (MB): 2047 | Free Page/Swap: 2046
|---------------------------------------------------------------------------------------------|
Traceback (most recent call last):
  File "/home/user/Documents/assignment2_project/isaaclab_pallet/scripts/train_pallet_gat.py", line 62, in <module>
    import torch  # noqa: E402
    ^^^^^^^^^^^^
  File "/home/user/miniconda3/envs/env_isaaclab/lib/python3.11/site-packages/torch/__init__.py", line 409, in <module>
    from torch._C import *  # noqa: F403
    ^^^^^^^^^^^^^^^^^^^^^^
ImportError: libcusparseLt.so.0: cannot open shared object file: No such file or directory
2026-06-30T02:32:46Z [1,397ms] [Warning] [omni.physx.plugin] USD stage detach not called, holding a loose ptr to a stage!
2026-06-30T02:32:46Z [1,557ms] [Warning] [carb] Recursive unloadAllPlugins() detected!
[reward-sweep] profile=floor_low exited code=0 Tue Jun 30 11:32:46 AM KST 2026
