[Info] [carb] Logging to file: /home/user/isaacsim/kit/logs/Kit/Isaac-Sim Python/5.1/kit_20260704_221144.log
[0.035s] [ext: omni.kit.async_engine-0.0.3] startup
[0.164s] [ext: omni.metrics.core-0.0.3] startup
[0.164s] [ext: omni.client.lib-1.1.0] startup
[0.176s] [ext: omni.blobkey-1.1.2] startup
[0.177s] [ext: omni.stats-1.0.1] startup
[0.177s] [ext: omni.datastore-0.0.0] startup
[0.182s] [ext: omni.client-1.3.0] startup
[0.235s] [ext: omni.ujitso.default-1.0.0] startup
[0.237s] [ext: omni.hsscclient-1.1.2] startup
[0.239s] [ext: omni.gpu_foundation.shadercache.vulkan-1.0.0] startup
[0.241s] [ext: omni.assets.plugins-0.0.0] startup
[0.242s] [ext: omni.gpu_foundation-0.0.0] startup
[0.248s] [ext: carb.windowing.plugins-1.0.0] startup
2026-07-04T13:11:44Z [234ms] [Warning] [carb.windowing-glfw.plugin] GLFW initialization failed.
2026-07-04T13:11:44Z [234ms] [Warning] [carb] Failed to startup plugin carb.windowing-glfw.plugin (interfaces: [carb::windowing::IGLContext v1.0],[carb::windowing::IWindowing v1.5]) (impl: carb.windowing-glfw.plugin)
[0.249s] [ext: omni.kit.renderer.init-0.0.0] startup
2026-07-04T13:11:44Z [248ms] [Warning] [omni.platforminfo.plugin] failed to open the default display.  Can't verify X Server version.
2026-07-04T13:11:45Z [800ms] [Warning] [gpu.foundation.plugin] Skipping unsupported non-NVIDIA GPU: AMD Unknown (RADV RAPHAEL_MENDOCINO)
2026-07-04T13:11:45Z [800ms] [Warning] [gpu.foundation.plugin] Skipping unsupported non-NVIDIA GPU: AMD Unknown (RADV RAPHAEL_MENDOCINO)

|---------------------------------------------------------------------------------------------|
| Driver Version: 580.159.03    | Graphics API: Vulkan
|=============================================================================================|
| GPU | Name                             | Active | LDA | GPU Memory | Vendor-ID | LUID       |
|     |                                  |        |     |            | Device-ID | UUID       |
|     |                                  |        |     |            | Bus-ID    |            |
|---------------------------------------------------------------------------------------------|
| 0   | NVIDIA RTX PRO 6000 Blackwell .. | Yes: 0 |     | 97887   MB | 10de      | 0          |
|     |                                  |        |     |            | 2bb1      | 25b334fd.. |
|     |                                  |        |     |            | 1         |            |
|---------------------------------------------------------------------------------------------|
| 1   | AMD Unknown (RADV RAPHAEL_MEND.. |        |     | 43508   MB | 1002      | 0          |
|     |                                  |        |     |            | 13c0      | 00000000.. |
|     |                                  |        |     |            | 79        |            |
|=============================================================================================|
| OS: 22.04.5 LTS (Jammy Jellyfish) ubuntu, Version: 22.04.5, Kernel: 6.8.0-124-generic
| Processor: AMD Ryzen 9 9950X3D 16-Core Processor
| Cores: 16 | Logical Cores: 32
|---------------------------------------------------------------------------------------------|
| Total Memory (MB): 126429 | Free Memory: 108046
| Total Page/Swap (MB): 2047 | Free Page/Swap: 1328
|---------------------------------------------------------------------------------------------|
[1.527s] [ext: omni.kit.pipapi-0.0.0] startup
[1.528s] [ext: omni.kit.pip_archive-0.0.0] startup
[1.529s] [ext: omni.pip.compute-1.6.3] startup
[1.529s] [ext: omni.materialx.libs-1.0.7] startup
[1.534s] [ext: omni.pip.cloud-1.4.3] startup
[1.538s] [ext: omni.isaac.core_archive-3.0.0] startup
[1.538s] [ext: omni.usd.config-1.0.6] startup
[1.540s] [ext: omni.gpucompute.plugins-0.0.0] startup
[1.541s] [ext: omni.usd.libs-1.0.1] startup
[1.600s] [ext: omni.kit.telemetry-0.5.2] startup
[1.624s] [ext: omni.mdl-56.0.3] startup
[1.687s] [ext: omni.iray.libs-0.0.0] startup
[1.691s] [ext: omni.mdl.neuraylib-0.2.12] startup
[1.693s] [ext: omni.kit.usd.mdl-1.1.5] startup
[1.780s] [ext: omni.isaac.ml_archive-3.0.4] startup
[1.780s] [ext: omni.kit.loop-isaac-1.3.7] startup
[1.781s] [ext: omni.kit.test-2.0.1] startup
[1.816s] [ext: omni.appwindow-1.1.10] startup
2026-07-04T13:11:46Z [1,802ms] [Warning] [carb.windowing-glfw.plugin] GLFW initialization failed.
2026-07-04T13:11:46Z [1,802ms] [Warning] [carb] Failed to startup plugin carb.windowing-glfw.plugin (interfaces: [carb::windowing::IGLContext v1.0],[carb::windowing::IWindowing v1.5]) (impl: carb.windowing-glfw.plugin)
[1.818s] [ext: omni.kit.renderer.core-1.1.0] startup
2026-07-04T13:11:46Z [1,841ms] [Warning] [carb.windowing-glfw.plugin] GLFW initialization failed.
2026-07-04T13:11:46Z [1,841ms] [Warning] [carb] Failed to startup plugin carb.windowing-glfw.plugin (interfaces: [carb::windowing::IGLContext v1.0],[carb::windowing::IWindowing v1.5]) (impl: carb.windowing-glfw.plugin)
2026-07-04T13:11:46Z [1,853ms] [Warning] [carb.windowing-glfw.plugin] GLFW initialization failed.
2026-07-04T13:11:46Z [1,853ms] [Warning] [carb] Failed to startup plugin carb.windowing-glfw.plugin (interfaces: [carb::windowing::IGLContext v1.0],[carb::windowing::IWindowing v1.5]) (impl: carb.windowing-glfw.plugin)
[1.871s] [ext: omni.kit.renderer.capture-0.0.0] startup
[1.873s] [ext: omni.kit.renderer.imgui-2.0.5] startup
2026-07-04T13:11:46Z [1,860ms] [Warning] [carb.windowing-glfw.plugin] GLFW initialization failed.
2026-07-04T13:11:46Z [1,861ms] [Warning] [carb] Failed to startup plugin carb.windowing-glfw.plugin (interfaces: [carb::windowing::IGLContext v1.0],[carb::windowing::IWindowing v1.5]) (impl: carb.windowing-glfw.plugin)
2026-07-04T13:11:46Z [1,862ms] [Warning] [carb.windowing-glfw.plugin] GLFW initialization failed.
2026-07-04T13:11:46Z [1,862ms] [Warning] [carb] Failed to startup plugin carb.windowing-glfw.plugin (interfaces: [carb::windowing::IGLContext v1.0],[carb::windowing::IWindowing v1.5]) (impl: carb.windowing-glfw.plugin)
2026-07-04T13:11:46Z [1,862ms] [Warning] [carb.windowing-glfw.plugin] GLFW initialization failed.
2026-07-04T13:11:46Z [1,862ms] [Warning] [carb] Failed to startup plugin carb.windowing-glfw.plugin (interfaces: [carb::windowing::IGLContext v1.0],[carb::windowing::IWindowing v1.5]) (impl: carb.windowing-glfw.plugin)
[1.941s] [ext: omni.ui-2.27.1] startup
[1.953s] [ext: omni.kit.mainwindow-1.0.3] startup
[1.955s] [ext: carb.audio-0.1.0] startup
[1.958s] [ext: omni.uiaudio-1.0.0] startup
[1.959s] [ext: omni.kit.uiapp-0.0.0] startup
[1.959s] [ext: omni.usd.schema.metrics.assembler-107.3.1] startup
[1.961s] [ext: omni.usd.schema.audio-0.0.0] startup
[1.963s] [ext: omni.anim.graph.schema-107.3.3] startup
[1.972s] [ext: omni.usd_resolver-1.0.0] startup
[1.975s] [ext: omni.usd.core-1.5.3] startup
[1.977s] [ext: omni.usd.schema.render_settings.rtx-0.0.0] startup
[1.999s] [ext: omni.usd.schema.semantics-0.0.0] startup
[2.002s] [ext: isaacsim.robot.schema-3.6.0] startup
[2.007s] [ext: omni.usd.schema.geospatial-0.0.0] startup
[2.009s] [ext: omni.usd.schema.anim-0.0.0] startup
[2.018s] [ext: omni.kit.window.popup_dialog-2.0.24] startup
[2.021s] [ext: usdrt.scenegraph-7.6.1] startup
[2.048s] [ext: omni.timeline-1.0.14] startup
[2.049s] [ext: omni.resourcemonitor-107.0.1] startup
[2.050s] [ext: omni.activity.core-1.0.3] startup
[2.051s] [ext: omni.kit.widget.nucleus_connector-2.0.1] startup
[2.053s] [ext: omni.hydra.usdrt_delegate-7.5.1] startup
[2.060s] [ext: omni.kit.actions.core-1.0.0] startup
[2.062s] [ext: omni.graph.exec-0.9.6] startup
[2.062s] [ext: omni.kit.commands-1.4.10] startup
[2.064s] [ext: omni.kit.usd_undo-0.1.8] startup
[2.064s] [ext: omni.kit.exec.core-0.13.4] startup
[2.065s] [ext: omni.kit.audiodeviceenum-1.0.2] startup
[2.067s] [ext: omni.hydra.scene_delegate-0.3.4] startup
[2.070s] [ext: omni.usd-1.13.10] startup
[2.093s] [ext: omni.kit.asset_converter-5.0.17] startup
[2.113s] [ext: omni.usd.schema.flow-107.1.1] startup
[2.114s] [ext: omni.usd.schema.omnigraph-1.0.0] startup
[2.121s] [ext: omni.usd.schema.omni_sensors-0.0.0] startup
[2.122s] [ext: omni.anim.navigation.schema-107.3.3] startup
[2.124s] [ext: omni.inspect-1.0.2] startup
[2.125s] [ext: omni.kit.notification_manager-1.0.10] startup
[2.127s] [ext: omni.graph.core-2.184.5] startup
[2.129s] [ext: isaacsim.core.deprecation_manager-0.2.7] startup
[2.130s] [ext: omni.usd.schema.physx-107.3.26] startup
[2.154s] [ext: omni.usd.schema.isaac-3.0.5] startup
[2.154s] [ext: omni.usd.schema.omniscripting-1.0.0] startup
[2.157s] [ext: omni.usd.schema.omni_lens_distortion-0.0.0] startup
[2.158s] [ext: omni.kvdb-107.3.26] startup
[2.160s] [ext: omni.usdphysics-107.3.26] startup
[2.162s] [ext: omni.physx.foundation-107.3.26] startup
[2.164s] [ext: omni.localcache-107.3.26] startup
[2.165s] [ext: omni.convexdecomposition-107.3.26] startup
[2.167s] [ext: omni.physx.cooking-107.3.26] startup
[2.169s] [ext: omni.physx-107.3.26] startup
[2.177s] [ext: omni.physics-107.3.26] startup
[2.180s] [ext: omni.kit.usd.layers-2.2.11] startup
[2.185s] [ext: omni.physics.physx-107.3.26] startup
2026-07-04T13:11:46Z [2,171ms] [Warning] [carb] Acquiring non optional plugin interface which is not listed as dependency: [omni::physx::IPhysxBenchmarks v1.0] (plugin: <default plugin>), by client: omni.physics.physx.plugin. Add it to CARB_PLUGIN_IMPL_DEPS() macro of a client.
[2.186s] [ext: omni.physics.stageupdate-107.3.26] startup
[2.187s] [ext: omni.kit.numpy.common-0.1.3] startup
[2.188s] [ext: isaacsim.core.version-2.0.6] startup
[2.188s] [ext: omni.isaac.dynamic_control-2.0.7] startup
2026-07-04T13:11:46Z [2,176ms] [Warning] [omni.isaac.dynamic_control] omni.isaac.dynamic_control is deprecated as of Isaac Sim 4.5. No action is needed from end-users.
[2.191s] [ext: isaacsim.storage.native-1.5.1] startup
[2.192s] [ext: omni.kit.menu.core-1.1.2] startup
[2.192s] [ext: omni.kit.helper.file_utils-0.1.9] startup
[2.193s] [ext: omni.usd.metrics.assembler-107.3.1] startup
[2.197s] [ext: omni.kit.widget.context_menu-1.2.5] startup
[2.198s] [ext: omni.warp.core-1.8.2] startup
[2.310s] [ext: omni.usd.metrics.assembler.physics-107.3.26] startup
[2.313s] [ext: omni.physics.tensors-107.3.26] startup
[2.317s] [ext: omni.kit.context_menu-1.8.6] startup
[2.319s] [ext: omni.kit.clipboard-1.0.5] startup
[2.320s] [ext: isaacsim.core.utils-3.5.1] startup
[2.322s] [ext: omni.kit.widget.filebrowser-2.12.3] startup
[2.325s] [ext: omni.kit.widget.options_menu-1.1.6] startup
[2.326s] [ext: omni.kit.widget.path_field-2.0.11] startup
[2.327s] [ext: omni.index.libs-380600.8087.0] startup
[2.327s] [ext: omni.ui.scene-1.11.5] startup
[2.331s] [ext: omni.kit.widget.options_button-1.0.3] startup
[2.332s] [ext: omni.kit.widget.browser_bar-2.0.10] startup
[2.333s] [ext: omni.index-1.0.1] startup
[2.333s] [ext: omni.hydra.rtx.shadercache.vulkan-1.0.0] startup
[2.334s] [ext: omni.kit.window.filepicker-2.13.4] startup
[2.342s] [ext: omni.volume-0.5.2] startup
[2.344s] [ext: omni.ujitso.client-0.0.0] startup
[2.344s] [ext: omni.graph.tools-1.79.2] startup
[2.358s] [ext: omni.graph.image.core-0.6.1] startup
[2.359s] [ext: omni.hydra.rtx-1.0.0] startup
2026-07-04T13:11:46Z [2,363ms] [Warning] [omni.log] Source: omni.hydra was already registered.
[2.388s] [ext: omni.kit.window.file_importer-1.1.18] startup
[2.390s] [ext: omni.kit.menu.utils-2.0.5] startup
[2.396s] [ext: omni.graph.image.nodes-1.3.1] startup
[2.398s] [ext: omni.kit.widget.searchable_combobox-1.0.6] startup
[2.398s] [ext: omni.kit.hydra_texture-1.4.6] startup
[2.402s] [ext: omni.kit.material.library-2.0.7] startup
[2.406s] [ext: omni.hydra.engine.stats-1.0.3] startup
[2.408s] [ext: omni.kit.viewport.scene_camera_model-1.0.6] startup
[2.411s] [ext: omni.kit.widget.settings-1.2.6] startup
[2.413s] [ext: omni.kit.viewport.legacy_gizmos-1.0.19] startup
[2.416s] [ext: omni.kit.widget.viewport-107.1.3] startup
[2.421s] [ext: omni.kit.viewport.registry-104.0.6] startup
[2.421s] [ext: omni.kit.raycast.query-1.1.0] startup
[2.425s] [ext: omni.physx.tensors-107.3.26] startup
[2.432s] [ext: omni.kit.window.drop_support-1.0.5] startup
[2.433s] [ext: omni.kit.primitive.mesh-1.0.17] startup
[2.436s] [ext: omni.kit.viewport.window-107.2.0] startup
[2.451s] [ext: omni.kit.window.preferences-1.8.0] startup
[2.455s] [ext: isaacsim.core.simulation_manager-1.4.4] startup
[3.509s] [ext: omni.graph.action_core-1.1.7] startup
[3.510s] [ext: omni.graph-1.141.2] startup
[3.540s] [ext: omni.kit.viewport.utility-1.1.2] startup
[3.540s] [ext: omni.kit.viewport.menubar.core-107.2.1] startup
[3.549s] [ext: isaacsim.core.prims-0.6.1] startup
[3.575s] [ext: omni.graph.action_nodes-1.50.4] startup
[3.579s] [ext: omni.kit.stage_template.core-1.1.22] startup
[3.583s] [ext: omni.syntheticdata-0.6.13] startup
[3.609s] [ext: omni.graph.nodes-1.170.10] startup
[3.621s] [ext: omni.graph.action-1.130.0] startup
[3.622s] [ext: omni.kit.stage_templates-2.0.0] startup
[3.631s] [ext: omni.kit.widget.filter-1.1.4] startup
[3.636s] [ext: omni.kit.widget.graph-2.0.0] startup
[3.656s] [ext: omni.kit.property.adapter.core-1.0.2] startup
[3.658s] [ext: omni.kit.window.file_exporter-1.0.33] startup
[3.660s] [ext: omni.kit.widget.searchfield-1.1.8] startup
[3.662s] [ext: omni.kit.hotkeys.core-1.3.10] startup
[3.663s] [ext: omni.kit.graph.delegate.default-1.2.3] startup
[3.663s] [ext: omni.kit.property.adapter.fabric-1.0.3] startup
[3.666s] [ext: omni.kit.widget.stage-3.1.4] startup
[3.676s] [ext: omni.kit.property.adapter.usd-1.0.2] startup
[3.678s] [ext: omni.kit.graph.editor.core-1.5.3] startup
[3.681s] [ext: omni.kit.widget.material_preview-1.0.16] startup
[3.684s] [ext: omni.kit.widget.highlight_label-1.0.3] startup
[3.686s] [ext: omni.kit.window.file-2.0.5] startup
[3.690s] [ext: omni.kit.window.content_browser_registry-0.0.6] startup
[3.691s] [ext: omni.kit.window.property-1.12.1] startup
[3.694s] [ext: omni.kit.window.content_browser-3.1.3] startup
[3.707s] [ext: omni.kit.graph.usd.commands-1.3.1] startup
[3.708s] [ext: omni.kit.property.usd-4.5.12] startup
[3.718s] [ext: omni.graph.ui_nodes-1.50.5] startup
[3.722s] [ext: omni.videoencoding-0.1.2] startup
[3.726s] [ext: omni.kit.window.material_graph-1.9.1] startup
[3.735s] [ext: omni.warp-1.8.2] startup
[3.742s] [ext: isaacsim.core.api-4.8.0] startup
[3.784s] [ext: omni.graph.scriptnode-1.50.0] startup
[3.789s] [ext: isaacsim.test.docstring-1.1.0] startup
[3.799s] [ext: isaacsim.core.experimental.utils-0.3.0] startup
[3.810s] [ext: omni.replicator.core-1.12.27] startup
2026-07-04T13:11:48Z [3,801ms] [Warning] [pxr.Semantics] pxr.Semantics is deprecated - please use Semantics instead
2026-07-04T13:11:48Z [3,877ms] [Warning] [omni.graph.core.plugin] Found duplicate of category 'Replicator' - was 'Annotators', adding 'Fabric Reader'
2026-07-04T13:11:48Z [3,877ms] [Warning] [omni.graph.core.plugin] Category 'Replicator' not accepted on node type 'omni.replicator.core.FabricReader' in extension 'omni.replicator.core'
2026-07-04T13:11:48Z [3,878ms] [Warning] [omni.replicator.core.scripts.extension] No material configuration file, adding configuration to material settings directly.
[3.896s] [ext: isaacsim.core.experimental.prims-0.8.1] startup
[3.936s] [ext: omni.kit.window.extensions-1.4.27] startup
[3.949s] [ext: isaacsim.core.experimental.objects-0.4.0] startup
[3.961s] [ext: omni.ui_query-1.1.8] startup
[3.968s] [ext: omni.kit.manipulator.viewport-107.0.1] startup
[3.974s] [ext: isaacsim.robot.surface_gripper-3.3.1] startup
[3.982s] [ext: omni.kit.ui_test-1.3.7] startup
[4.002s] [ext: omni.graph.visualization.nodes-2.1.3] startup
[4.309s] [ext: isaacsim.robot_motion.lula-4.0.8] startup
[4.318s] [ext: isaacsim.core.nodes-3.4.3] startup
[4.329s] [ext: isaacsim.gui.components-1.2.1] startup
[4.340s] [ext: isaacsim.robot_motion.motion_generation-8.0.26] startup
[4.356s] [ext: isaacsim.robot.manipulators-3.3.6] startup
[4.370s] [ext: isaacsim.core.experimental.materials-0.4.0] startup
[4.381s] [ext: isaacsim.robot.manipulators.examples-1.1.2] startup
[4.386s] [ext: isaacsim.cortex.framework-1.0.12] startup
[4.390s] [ext: isaacsim.cortex.behaviors-2.0.14] startup
[4.391s] [ext: omni.isaac.cortex.sample_behaviors-2.0.5] startup
2026-07-04T13:11:48Z [4,382ms] [Warning] [omni.isaac.cortex] omni.isaac.cortex has been deprecated in favor of isaacsim.cortex.framework. Please update your code accordingly.
2026-07-04T13:11:48Z [4,382ms] [Warning] [omni.isaac.cortex.sample_behaviors] omni.isaac.cortex.sample_behaviors has been deprecated in favor of isaacsim.cortex.behaviors. Please update your code accordingly.
[4.403s] [ext: omni.kit.widget.zoombar-1.0.6] startup
[4.409s] [ext: isaacsim.gui.content_browser-0.1.11] startup
[4.413s] [ext: omni.kit.browser.core-2.3.13] startup
[4.423s] [ext: omni.kit.widget.stage_icons-1.0.8] startup
[4.427s] [ext: omni.kit.widget.prompt-1.0.7] startup
[4.433s] [ext: omni.kit.usd.collect-2.4.5] startup
[4.435s] [ext: omni.kit.browser.folder.core-1.10.9] startup
[4.440s] [ext: omni.kit.window.stage-2.6.1] startup
[4.445s] [ext: omni.kit.usdz_export-1.0.9] startup
[4.448s] [ext: omni.kit.tool.collect-2.2.18] startup
[4.450s] [ext: omni.kit.menu.stage-1.2.7] startup
[4.452s] [ext: omni.kit.tool.asset_importer-4.3.2] startup
[4.455s] [ext: isaacsim.robot.wheeled_robots-4.0.24] startup
[4.463s] [ext: isaacsim.examples.browser-0.2.1] startup
[4.467s] [ext: isaacsim.asset.importer.urdf-2.4.30] startup
[4.529s] [ext: omni.isaac.wheeled_robots-3.0.7] startup
2026-07-04T13:11:48Z [4,516ms] [Warning] [omni.isaac.wheeled_robots] omni.isaac.wheeled_robots has been deprecated in favor of isaacsim.robot.wheeled_robots. Please update your code accordingly.
2026-07-04T13:11:48Z [4,516ms] [Warning] [omni.isaac.wheeled_robots.controllers] omni.isaac.wheeled_robots has been deprecated in favor of isaacsim.robot.wheeled_robots. Please update your code accordingly.
2026-07-04T13:11:48Z [4,516ms] [Warning] [omni.isaac.wheeled_robots.controllers.ackermann_controller] omni.isaac.wheeled_robots has been deprecated in favor of isaacsim.robot.wheeled_robots. Please update your code accordingly.
2026-07-04T13:11:48Z [4,516ms] [Warning] [omni.isaac.wheeled_robots.controllers.differential_controller] omni.isaac.wheeled_robots has been deprecated in favor of isaacsim.robot.wheeled_robots. Please update your code accordingly.
2026-07-04T13:11:48Z [4,518ms] [Warning] [omni.isaac.wheeled_robots.controllers.holonomic_controller] omni.isaac.wheeled_robots has been deprecated in favor of isaacsim.robot.wheeled_robots. Please update your code accordingly.
2026-07-04T13:11:48Z [4,519ms] [Warning] [omni.isaac.wheeled_robots.controllers.quintic_path_planner] omni.isaac.wheeled_robots has been deprecated in favor of isaacsim.robot.wheeled_robots. Please update your code accordingly.
2026-07-04T13:11:48Z [4,520ms] [Warning] [omni.isaac.wheeled_robots.controllers.stanley_control] omni.isaac.wheeled_robots has been deprecated in favor of isaacsim.robot.wheeled_robots. Please update your code accordingly.
2026-07-04T13:11:48Z [4,521ms] [Warning] [omni.isaac.wheeled_robots.controllers.wheel_base_pose_controller] omni.isaac.wheeled_robots has been deprecated in favor of isaacsim.robot.wheeled_robots. Please update your code accordingly.
2026-07-04T13:11:48Z [4,522ms] [Warning] [omni.isaac.wheeled_robots.impl] omni.isaac.wheeled_robots has been deprecated in favor of isaacsim.robot.wheeled_robots. Please update your code accordingly.
2026-07-04T13:11:48Z [4,522ms] [Warning] [omni.isaac.wheeled_robots.robots] omni.isaac.wheeled_robots has been deprecated in favor of isaacsim.robot.wheeled_robots. Please update your code accordingly.
2026-07-04T13:11:48Z [4,522ms] [Warning] [omni.isaac.wheeled_robots.robots.holonomic_robot_usd_setup] omni.isaac.wheeled_robots has been deprecated in favor of isaacsim.robot.wheeled_robots. Please update your code accordingly.
2026-07-04T13:11:48Z [4,523ms] [Warning] [omni.isaac.wheeled_robots.robots.wheeled_robot] omni.isaac.wheeled_robots has been deprecated in favor of isaacsim.robot.wheeled_robots. Please update your code accordingly.
[4.537s] [ext: isaacsim.simulation_app-2.12.2] startup
[4.540s] [ext: omni.isaac.franka-1.0.7] startup
2026-07-04T13:11:48Z [4,526ms] [Warning] [omni.isaac.franka] omni.isaac.franka has been deprecated in favor of isaacsim.robot.manipulators.examples.franka. Please update your code accordingly.
2026-07-04T13:11:48Z [4,526ms] [Warning] [omni.isaac.franka.franka] omni.isaac.franka has been deprecated in favor of isaacsim.robot.manipulators.examples.franka. Please update your code accordingly.
2026-07-04T13:11:48Z [4,542ms] [Warning] [omni.isaac.franka.kinematics_solver] omni.isaac.franka has been deprecated in favor of isaacsim.robot.manipulators.examples.franka. Please update your code accordingly.
[4.557s] [ext: omni.isaac.kit-2.0.6] startup
2026-07-04T13:11:48Z [4,546ms] [Warning] [omni.isaac.kit] omni.isaac.kit has been deprecated in favor of isaacsim.simulation_app. Please update your code accordingly.
[4.561s] [ext: omni.kit.selection-0.1.6] startup
[4.562s] [ext: omni.isaac.lula-4.0.6] startup
2026-07-04T13:11:48Z [4,549ms] [Warning] [omni.isaac.lula] omni.isaac.lula has been deprecated in favor of isaacsim.robot_motion.lula. Please update your code accordingly.
[4.563s] [ext: isaacsim.robot_motion.lula_test_widget-1.0.12] startup
[4.565s] [ext: isaacsim.asset.browser-1.3.23] startup
[4.610s] [ext: omni.kit.viewport.actions-107.0.2] startup
[4.614s] [ext: isaacsim.gui.menu-2.4.4] startup
[4.621s] [ext: omni.isaac.manipulators-3.0.7] startup
2026-07-04T13:11:48Z [4,608ms] [Warning] [omni.isaac.manipulators] omni.isaac.manipulators has been deprecated in favor of isaacsim.robot.manipulators. Please update your code accordingly.
2026-07-04T13:11:48Z [4,608ms] [Warning] [omni.isaac.manipulators.controllers] omni.isaac.manipulators has been deprecated in favor of isaacsim.robot.manipulators. Please update your code accordingly.
2026-07-04T13:11:48Z [4,608ms] [Warning] [omni.isaac.manipulators.controllers.pick_place_controller] omni.isaac.manipulators has been deprecated in favor of isaacsim.robot.manipulators. Please update your code accordingly.
2026-07-04T13:11:48Z [4,610ms] [Warning] [omni.isaac.manipulators.controllers.stacking_controller] omni.isaac.manipulators has been deprecated in favor of isaacsim.robot.manipulators. Please update your code accordingly.
2026-07-04T13:11:48Z [4,611ms] [Warning] [omni.isaac.manipulators.grippers] omni.isaac.manipulators has been deprecated in favor of isaacsim.robot.manipulators. Please update your code accordingly.
2026-07-04T13:11:48Z [4,611ms] [Warning] [omni.isaac.manipulators.grippers.gripper] omni.isaac.manipulators has been deprecated in favor of isaacsim.robot.manipulators. Please update your code accordingly.
2026-07-04T13:11:48Z [4,611ms] [Warning] [omni.isaac.manipulators.grippers.parallel_gripper] omni.isaac.manipulators has been deprecated in favor of isaacsim.robot.manipulators. Please update your code accordingly.
2026-07-04T13:11:48Z [4,611ms] [Warning] [omni.isaac.manipulators.grippers.surface_gripper] omni.isaac.manipulators has been deprecated in favor of isaacsim.robot.manipulators. Please update your code accordingly.
2026-07-04T13:11:48Z [4,611ms] [Warning] [omni.isaac.manipulators.manipulators] omni.isaac.manipulators has been deprecated in favor of isaacsim.robot.manipulators. Please update your code accordingly.
2026-07-04T13:11:48Z [4,611ms] [Warning] [omni.isaac.manipulators.manipulators.single_manipulator] omni.isaac.manipulators has been deprecated in favor of isaacsim.robot.manipulators. Please update your code accordingly.
[4.626s] [ext: omni.isaac.lula_test_widget-1.0.6] startup
2026-07-04T13:11:48Z [4,613ms] [Warning] [omni.isaac.lula_test_widget] omni.isaac.lula_test_widget has been deprecated in favor of isaacsim.robot_motion.lula_test_widget. Please update your code accordingly.
[4.627s] [ext: omni.isaac.asset_browser-1.0.6] startup
2026-07-04T13:11:48Z [4,614ms] [Warning] [omni.isaac.asset_browser] omni.isaac.asset_browser has been deprecated in favor of isaacsim.asset.browser. Please update your code accordingly.
[4.629s] [ext: omni.kit.viewport.menubar.display-107.0.3] startup
[4.634s] [ext: omni.isaac.menu-1.0.6] startup
2026-07-04T13:11:49Z [4,621ms] [Warning] [omni.isaac.menu] omni.isaac.menu has been deprecated in favor of isaacsim.gui.menu. Please update your code accordingly.
[4.635s] [ext: omni.isaac.motion_generation-8.0.7] startup
2026-07-04T13:11:49Z [4,622ms] [Warning] [omni.isaac.motion_generation] omni.isaac.motion_generation has been deprecated in favor of isaacsim.robot_motion.motion_generation. Please update your code accordingly.
2026-07-04T13:11:49Z [4,622ms] [Warning] [omni.isaac.motion_generation.articulation_kinematics_solver] omni.isaac.motion_generation has been deprecated in favor of isaacsim.robot_motion.motion_generation. Please update your code accordingly.
2026-07-04T13:11:49Z [4,623ms] [Warning] [omni.isaac.motion_generation.articulation_motion_policy] omni.isaac.motion_generation has been deprecated in favor of isaacsim.robot_motion.motion_generation. Please update your code accordingly.
2026-07-04T13:11:49Z [4,623ms] [Warning] [omni.isaac.motion_generation.articulation_trajectory] omni.isaac.motion_generation has been deprecated in favor of isaacsim.robot_motion.motion_generation. Please update your code accordingly.
2026-07-04T13:11:49Z [4,624ms] [Warning] [omni.isaac.motion_generation.kinematics_interface] omni.isaac.motion_generation has been deprecated in favor of isaacsim.robot_motion.motion_generation. Please update your code accordingly.
2026-07-04T13:11:49Z [4,624ms] [Warning] [omni.isaac.motion_generation.lula] omni.isaac.motion_generation has been deprecated in favor of isaacsim.robot_motion.motion_generation. Please update your code accordingly.
2026-07-04T13:11:49Z [4,624ms] [Warning] [omni.isaac.motion_generation.lula.kinematics] omni.isaac.motion_generation has been deprecated in favor of isaacsim.robot_motion.motion_generation. Please update your code accordingly.
2026-07-04T13:11:49Z [4,624ms] [Warning] [omni.isaac.motion_generation.lula.motion_policies] omni.isaac.motion_generation has been deprecated in favor of isaacsim.robot_motion.motion_generation. Please update your code accordingly.
2026-07-04T13:11:49Z [4,624ms] [Warning] [omni.isaac.motion_generation.lula.path_planners] omni.isaac.motion_generation has been deprecated in favor of isaacsim.robot_motion.motion_generation. Please update your code accordingly.
2026-07-04T13:11:49Z [4,624ms] [Warning] [omni.isaac.motion_generation.lula.trajectory_generator] omni.isaac.motion_generation has been deprecated in favor of isaacsim.robot_motion.motion_generation. Please update your code accordingly.
2026-07-04T13:11:49Z [4,624ms] [Warning] [omni.isaac.motion_generation.motion_policy_controller] omni.isaac.motion_generation has been deprecated in favor of isaacsim.robot_motion.motion_generation. Please update your code accordingly.
2026-07-04T13:11:49Z [4,624ms] [Warning] [omni.isaac.motion_generation.motion_policy_interface] omni.isaac.motion_generation has been deprecated in favor of isaacsim.robot_motion.motion_generation. Please update your code accordingly.
2026-07-04T13:11:49Z [4,624ms] [Warning] [omni.isaac.motion_generation.path_planner_visualizer] omni.isaac.motion_generation has been deprecated in favor of isaacsim.robot_motion.motion_generation. Please update your code accordingly.
2026-07-04T13:11:49Z [4,624ms] [Warning] [omni.isaac.motion_generation.path_planning_interface] omni.isaac.motion_generation has been deprecated in favor of isaacsim.robot_motion.motion_generation. Please update your code accordingly.
2026-07-04T13:11:49Z [4,624ms] [Warning] [omni.isaac.motion_generation.trajectory] omni.isaac.motion_generation has been deprecated in favor of isaacsim.robot_motion.motion_generation. Please update your code accordingly.
2026-07-04T13:11:49Z [4,624ms] [Warning] [omni.isaac.motion_generation.world_interface] omni.isaac.motion_generation has been deprecated in favor of isaacsim.robot_motion.motion_generation. Please update your code accordingly.
[4.639s] [ext: omni.isaac.assets_check-0.3.13] startup
2026-07-04T13:11:49Z [4,626ms] [Warning] [omni.isaac.assets_check] omni.isaac.assets_check has been deprecated in favor of isaacsim.asset.browser. Please update your code accordingly.
[4.640s] [ext: isaacsim.gui.sensors.icon-2.0.3] startup
[4.651s] [ext: isaacsim.asset.importer.mjcf-2.5.13] startup
[4.657s] [ext: omni.sensors.nv.common-3.0.0] startup
[4.666s] [ext: isaacsim.sensors.physics-0.4.3] startup
[4.675s] [ext: omni.sensors.net-1.0.0] startup
[4.678s] [ext: omni.isaac.nucleus-1.0.6] startup
2026-07-04T13:11:49Z [4,664ms] [Warning] [omni.isaac.nucleus] omni.isaac.nucleus has been deprecated in favor of isaacsim.storage.native. Please update your code accordingly.
2026-07-04T13:11:49Z [4,664ms] [Warning] [omni.isaac.nucleus.nucleus] omni.isaac.nucleus.nucleus has been deprecated in favor of isaacsim.storage.native. Please update your code accordingly.
[4.679s] [ext: omni.sensors.nv.materials-2.0.0] startup
[4.683s] [ext: isaacsim.robot.policy.examples-4.1.11] startup
[4.685s] [ext: omni.sensors.nv.wpm-3.0.0] startup
[4.688s] [ext: omni.sensors.nv.lidar-3.0.0] startup
[4.694s] [ext: isaacsim.util.debug_draw-3.1.0] startup
[4.696s] [ext: omni.sensors.nv.radar-3.0.0] startup
[4.699s] [ext: omni.sensors.nv.ids-2.0.0] startup
[4.700s] [ext: isaacsim.core.cloner-1.4.10] startup
[4.702s] [ext: isaacsim.sensors.physx-2.3.2] startup
[4.705s] [ext: isaacsim.sensors.rtx-15.8.4] startup
[4.713s] [ext: isaacsim.sensors.camera-1.3.6] startup
[4.724s] [ext: omni.isaac.quadruped-3.0.7] startup
2026-07-04T13:11:49Z [4,711ms] [Warning] [omni.isaac.quadruped] omni.isaac.quadruped has been deprecated in favor of isaacsim.robot.policy.examples. Please update your code accordingly.
[4.726s] [ext: omni.isaac.cloner-1.0.7] startup
2026-07-04T13:11:49Z [4,713ms] [Warning] [omni.isaac.cloner] omni.isaac.cloner has been deprecated in favor of isaacsim.core.cloner. Please update your code accordingly.
[4.729s] [ext: omni.isaac.range_sensor-4.0.6] startup
2026-07-04T13:11:49Z [4,716ms] [Warning] [omni.isaac.range_sensor] omni.isaac.range_sensor has been deprecated in favor of isaacsim.sensors.physx. Please update your code accordingly.
2026-07-04T13:11:49Z [4,717ms] [Warning] [omni.isaac.range_sensor.commands] omni.isaac.range_sensor.commands has been deprecated in favor of isaacsim.sensors.physx.commands. Please update your code accordingly.
[4.732s] [ext: omni.isaac.sensor-13.0.7] startup
2026-07-04T13:11:49Z [4,719ms] [Warning] [omni.isaac.sensor] omni.isaac.sensor has been deprecated in favor of isaacsim.sensors.camera, isaacsim.sensors.physics, isaacsim.sensors.physx, and isaacsim.sensors.rtx. Please update your code accordingly.
2026-07-04T13:11:49Z [4,721ms] [Warning] [omni.isaac.sensor.camera] omni.isaac.sensor.camera has been deprecated in favor of isaacsim.sensors.camera.camera. Please update your code accordingly.
2026-07-04T13:11:49Z [4,721ms] [Warning] [omni.isaac.sensor.camera_view] omni.isaac.sensor.camera_view has been deprecated in favor of isaacsim.sensors.camera.camera_view. Please update your code accordingly.
2026-07-04T13:11:49Z [4,721ms] [Warning] [omni.isaac.sensor.commands] omni.isaac.sensor.commands has been deprecated in favor of isaacsim.sensors.physics.commands, isaacsim.sensors.physx.commands, and isaacsim.sensors.rtx.commands. Please update your code accordingly.
2026-07-04T13:11:49Z [4,721ms] [Warning] [omni.isaac.sensor.contact_sensor] omni.isaac.sensor.contact_sensor has been deprecated in favor of isaacsim.sensors.physics.contact_sensor. Please update your code accordingly.
2026-07-04T13:11:49Z [4,721ms] [Warning] [omni.isaac.sensor.imu_sensor] omni.isaac.sensor.imu_sensor has been deprecated in favor of isaacsim.sensors.physics.imu_sensor. Please update your code accordingly.
2026-07-04T13:11:49Z [4,721ms] [Warning] [omni.isaac.sensor.lidar_rtx] omni.isaac.sensor.lidar_rtx has been deprecated in favor of isaacsim.sensors.rtx.lidar_rtx. Please update your code accordingly.
2026-07-04T13:11:49Z [4,721ms] [Warning] [omni.isaac.sensor.rotating_lidar_physX] omni.isaac.sensor.imu_sensor has been deprecated in favor of isaacsim.sensors.physix.rotating_lidar_physX. Please update your code accordingly.
2026-07-04T13:11:49Z [4,722ms] [Warning] [omni.isaac.sensor.scripts.samples.contact_sensor] omni.isaac.sensor.scripts.samples.contact_sensor has been deprecated in favor of isaacsim.sensors.physics.scripts.samples.contact_sensor. Please update your code accordingly.
2026-07-04T13:11:49Z [4,722ms] [Warning] [omni.isaac.sensor.scripts.samples.imu_sensor] omni.isaac.sensor.scripts.samples.imu_sensor has been deprecated in favor of isaacsim.sensors.physics.scripts.samples.imu_sensor. Please update your code accordingly.
2026-07-04T13:11:49Z [4,722ms] [Warning] [omni.isaac.sensor.scripts.samples.lightbeam_sensor] omni.isaac.sensor.scripts.samples.lightbeam_sensor has been deprecated in favor of isaacsim.sensors.physx.scripts.samples.lightbeam_sensor. Please update your code accordingly.
[4.737s] [ext: omni.kit.menu.create-2.0.1] startup
[4.739s] [ext: omni.kit.widget.toolbar-2.0.1] startup
[4.750s] [ext: omni.kit.manipulator.transform-107.0.0] startup
[4.755s] [ext: omni.isaac.core-4.0.7] startup
2026-07-04T13:11:49Z [4,742ms] [Warning] [omni.isaac.core.physics_context.physics_context] omni.isaac.core.physics_context.physics_context has been deprecated in favor of isaacsim.core.api.physics_context.physics_context. Please update your code accordingly.
2026-07-04T13:11:49Z [4,742ms] [Warning] [omni.isaac.core.simulation_context.simulation_context] omni.isaac.core.simulation_context.simulation_context has been deprecated in favor of isaacsim.core.api.simulation_context.simulation_context. Please update your code accordingly.
2026-07-04T13:11:49Z [4,743ms] [Warning] [omni.isaac.core.world.world] omni.isaac.core.world.world has been deprecated in favor of isaacsim.core.api.world.world. Please update your code accordingly.
2026-07-04T13:11:49Z [4,743ms] [Warning] [omni.isaac.core] omni.isaac.core has been deprecated in favor of isaacsim.core.api. Please update your code accordingly.
[4.757s] [ext: omni.kit.scripting-107.3.2] startup
[4.767s] [ext: omni.kit.manipulator.tool.snap-1.5.13] startup
[4.775s] [ext: omni.kit.manipulator.selector-1.1.3] startup
[4.784s] [ext: isaacsim.app.about-2.0.11] startup
[4.789s] [ext: isaacsim.replicator.behavior-1.1.16] startup
[4.791s] [ext: omni.kit.viewport.manipulator.transform-107.0.4] startup
[4.793s] [ext: omni.isaac.window.about-2.0.7] startup
2026-07-04T13:11:49Z [4,780ms] [Warning] [omni.isaac.window.about] omni.isaac.window.about has been deprecated in favor of isaacsim.app.about. Please update your code accordingly.
2026-07-04T13:11:49Z [4,780ms] [Warning] [omni.isaac.window.about.about] omni.isaac.window.about.about has been deprecated in favor of isaacsim.app.about.about. Please update your code accordingly.
[4.795s] [ext: omni.fabric.commands-1.1.6] startup
[4.797s] [ext: omni.kit.manipulator.prim.core-107.0.8] startup
[4.804s] [ext: omni.kit.property.audio-1.0.16] startup
[4.807s] [ext: omni.kit.property.camera-1.0.10] startup
[4.808s] [ext: omni.kit.property.geometry-2.0.4] startup
[4.811s] [ext: omni.hydra.scene_api-0.1.2] startup
[4.816s] [ext: omni.kit.property.light-1.0.12] startup
[4.836s] [ext: omni.kit.manipulator.prim.fabric-107.0.4] startup
[4.838s] [ext: omni.kit.manipulator.prim.usd-107.0.3] startup
[4.839s] [ext: omni.kit.property.material-1.11.9] startup
[4.843s] [ext: omni.kit.property.render-1.2.1] startup
[4.844s] [ext: omni.kit.property.transform-1.5.13] startup
[4.846s] [ext: isaacsim.gui.property-1.1.3] startup
[4.848s] [ext: omni.kit.manipulator.camera-106.0.4] startup
[4.851s] [ext: omni.kit.manipulator.prim-107.0.0] startup
[4.852s] [ext: omni.isaac.surface_gripper-2.0.6] startup
2026-07-04T13:11:49Z [4,838ms] [Warning] [omni.isaac.surface_gripper] omni.isaac.surface_gripper has been deprecated in favor of isaacsim.robot.surface_gripper. Please update your code accordingly.
[4.853s] [ext: omni.kit.manipulator.selection-106.0.1] startup
[4.855s] [ext: omni.kit.property.bundle-1.4.1] startup
[4.857s] [ext: omni.kit.property.isaac-1.0.6] startup
2026-07-04T13:11:49Z [4,843ms] [Warning] [omni.kit.property.isaac] omni.kit.property.isaac has been deprecated in favor of isaacsim.gui.property. Please update your code accordingly.
2026-07-04T13:11:49Z [4,843ms] [Warning] [omni.kit.property.isaac.widgets] omni.kit.property.isaac.widgets has been deprecated in favor of isaacsim.gui.property.widgets. Please update your code accordingly.
[4.858s] [ext: omni.isaac.universal_robots-1.0.6] startup
2026-07-04T13:11:49Z [4,844ms] [Warning] [omni.isaac.universal_robots] omni.isaac.universal_robots has been deprecated in favor of isaacsim.robot.manipulators.examples.universal_robots. Please update your code accordingly.
2026-07-04T13:11:49Z [4,844ms] [Warning] [omni.isaac.universal_robots.kinematics_solver] omni.isaac.franka has been deprecated in favor of isaacsim.robot.manipulators.examples.universal_robots. Please update your code accordingly.
2026-07-04T13:11:49Z [4,845ms] [Warning] [omni.isaac.universal_robots.ur10] omni.isaac.franka has been deprecated in favor of isaacsim.robot.manipulators.examples.universal_robots. Please update your code accordingly.
[4.859s] [ext: omni.isaac.core_nodes-2.0.6] startup
2026-07-04T13:11:49Z [4,846ms] [Warning] [omni.isaac.core_nodes] omni.isaac.core_nodes has been deprecated in favor of isaacsim.core.nodes. Please update your code accordingly.
[4.861s] [ext: omni.kit.viewport.menubar.camera-107.0.6] startup
[4.866s] [ext: omni.kit.viewport.menubar.lighting-107.3.1] startup
[4.868s] [ext: isaacsim.replicator.writers-1.0.17] startup
[4.881s] [ext: omni.kit.viewport.menubar.render-107.0.10] startup
[4.888s] [ext: omni.kit.viewport.menubar.settings-107.0.3] startup
[4.894s] [ext: omni.kit.window.console-1.1.4] startup
[4.898s] [ext: isaacsim.replicator.domain_randomization-1.0.16] startup
[4.900s] [ext: isaacsim.replicator.examples-1.3.6] startup
[4.903s] [ext: omni.ocio-0.1.1] startup
[4.909s] [ext: omni.rtx.window.settings-0.6.19] startup
[4.920s] [ext: omni.kit.window.status_bar-0.1.9] startup
[4.927s] [ext: omni.kit.window.toolbar-2.0.0] startup
[4.931s] [ext: omni.replicator.isaac-2.0.8] startup
2026-07-04T13:11:49Z [4,918ms] [Warning] [omni.replicator.isaac] omni.replicator.isaac has been deprecated in favor of isaacsim.replicator.domain_randomization, isaacsim.replicator.examples, isaacsim.replicator.writers. Please update your code accordingly.
[4.933s] [ext: omni.replicator.replicator_yaml-2.0.11] startup
[4.940s] [ext: omni.rtx.settings.core-0.6.5] startup
[4.945s] [ext: omni.usd.metrics.assembler.ui-107.3.1] startup
[4.958s] [ext: omni.isaac.utils-2.0.6] startup
[4.960s] [ext: semantics.schema.editor-2.0.2] startup
[4.964s] [ext: omni.kit.ui.actions-1.0.5] startup
[4.966s] [ext: semantics.schema.property-2.0.1] startup
[4.967s] [ext: omni.isaac.version-2.0.7] startup
2026-07-04T13:11:49Z [4,954ms] [Warning] [omni.isaac.version] omni.isaac.version has been deprecated in favor of isaacsim.core.version. Please update your code accordingly.
[4.968s] [ext: omni.isaac.cortex-1.0.5] startup
[4.969s] [ext: omni.anim.curve.core-1.3.1] startup
[4.979s] [ext: isaacsim.core.throttling-2.2.2] startup
[4.983s] [ext: omni.kit.menu.common-2.0.1] startup
[4.986s] [ext: isaacsim.exp.base-5.1.0] startup
[4.987s] [ext: isaacsim.exp.base.python-5.1.0] startup
[4.988s] Simulation App Starting
2026-07-04T13:11:49Z [5,366ms] [Warning] [omni.fabric.plugin] Warning: attribute viewportHandle not found for bucket id 9

[5.551s] app ready
Starting kit application with the following args:  ['/home/user/IsaacLab/_isaac_sim/exts/isaacsim.simulation_app/isaacsim/simulation_app/simulation_app.py', '/home/user/isaacsim/apps/isaacsim.exp.base.python.kit', '--/app/tokens/exe-path=/home/user/IsaacLab/_isaac_sim/kit', '--/persistent/app/viewport/displayOptions=3286', '--/rtx/materialDb/syncLoads=True', '--/rtx/hydra/materialSyncLoads=True', '--/omni.kit.plugin/syncUsdLoads=True', '--/app/renderer/resolution/width=1920', '--/app/renderer/resolution/height=1080', '--/app/window/width=1920', '--/app/window/height=1080', '--/renderer/multiGpu/enabled=True', '--/app/fastShutdown=True', '--/app/installSignalHandlers=0', '--ext-folder', '/home/user/IsaacLab/_isaac_sim/exts', '--ext-folder', '/home/user/IsaacLab/_isaac_sim/apps', '--/physics/cudaDevice=0', '--/plugins/carb.tasking.plugin/threadCount=32', '--/plugins/omni.tbb.globalcontrol/maxThreadCount=32', '--portable', '--no-window', '--/app/window/hideUi=False']
Passing the following args to the base kit application:  ['--config', 'palletizing_simulator/config/sim_config.yaml', '--input-dir', '/home/user/Documents/assignment2_project/artifacts/smooth_low_best_isaac/runner/algorithm_results', '-o', '/home/user/Documents/assignment2_project/artifacts/smooth_low_best_isaac/sim_results']
Warp 1.8.2 initialized:
   CUDA Toolkit 12.8, Driver 13.0
   Devices:
     "cpu"      : "x86_64"
     "cuda:0"   : "NVIDIA RTX PRO 6000 Blackwell Workstation Edition" (95 GiB, sm_120, mempool enabled)
   Kernel cache:
     /home/user/.cache/warp/1.8.2
Warp DeprecationWarning: The `warp.sim` module is deprecated and will be removed in v1.10. Please transition to using the forthcoming Newton library instead.
[simulator] Config     : palletizing_simulator/config/sim_config.yaml
[simulator] Input dir  : /home/user/Documents/assignment2_project/artifacts/smooth_low_best_isaac/runner/algorithm_results
[simulator] Output dir : /home/user/Documents/assignment2_project/artifacts/smooth_low_best_isaac/sim_results
[simulator] Found 2 input file(s)
  - box_sequence_0.json
  - box_sequence_1.json
[simulator] drop_offset=0.02m  settle_steps(max)=10  settle_vel=0.05m/s  final_steps=100
[simulator] auto_start : True
[simulator] auto_start=True -> start immediately

[simulator] ══ Processing: box_sequence_0.json ══
[simulator] plan=102  buffer_size=0  source_boxes=250
[simulator] initial buffer ids = []
[simulator] Final settle 100 steps …
[simulator] All steps done  (total 15.0s)
[evaluator] [SUCCESS]  ok=102/102  stacking=75.1% [75.1%]  collapse=0  oob=0  drop=0  buffer=0  score=95.1 (stacking=75.1 + buffer_bonus=20)
[simulator] Screenshot → /home/user/Documents/assignment2_project/artifacts/smooth_low_best_isaac/sim_results/box_sequence_0_result.png

[simulator] ══ Processing: box_sequence_1.json ══
[simulator] plan=87  buffer_size=0  source_boxes=250
[simulator] initial buffer ids = []
[simulator] Final settle 100 steps …
[simulator] All steps done  (total 21.2s)
[evaluator] [FAILURE]  ok=54/87  stacking=0.0% [42.7%]  collapse=1  oob=17  drop=15  buffer=0  score=0.0 (stacking=0.0 + buffer_bonus=0)
[simulator] Screenshot → /home/user/Documents/assignment2_project/artifacts/smooth_low_best_isaac/sim_results/box_sequence_1_result.png

[evaluator] ══ Result ══
  ✓ box_sequence_0.json  stacking=75.1% [75.1%]  ok=102/102  time=0.0s  buffer=0  score=95.1 (stacking=75.1 + bonus=20)
  ✗ box_sequence_1.json  stacking=0.0% [42.7%]  ok=54/87  time=0.0s  buffer=0  score=0.0 (stacking=0.0 + bonus=0)
  ───────────────────────────────────────────────────────
  summary : episodes 1 success / 1 failure / 0 height_overflow
            avg stacking rate  37.5% [58.9%]
            avg success rate   82.5%
            avg score          47.55
            total processing time 43.2s
[evaluator] Saved → /home/user/Documents/assignment2_project/artifacts/smooth_low_best_isaac/sim_results/result.json

[simulator] All files processed.
[8.808s] Simulation App Startup Complete
2026-07-04T13:12:08Z [24,399ms] [Warning] [omni.syntheticdata.plugin] OgnSdPostRenderVarToHost : rendervar copy from texture directly to host buffer is counter-performant. Please use copy from texture to device buffer first.
2026-07-04T13:12:11Z [27,094ms] [Warning] [omni.physx.tensors.plugin] prim '/World/box_000' was deleted while being used by a shape in a tensor view class. The physics.tensors simulationView was invalidated.
2026-07-04T13:12:11Z [27,581ms] [Warning] [omni.syntheticdata.plugin] SdRenderVarPtr missing valid input renderVar LdrColorSDhost
2026-07-04T13:12:36Z [51,870ms] [Warning] [omni.physx.tensors.plugin] prim '/World/box_000' was deleted while being used by a shape in a tensor view class. The physics.tensors simulationView was invalidated.
[53.356s] Simulation App Shutting Down
