[INFO] input_path            : /home/robotics/UOS-RoboStack/submit_buffer3_search/algorithm_results_final_model_selection_sweep/input_sequences
[INFO] output_dir            : /home/robotics/UOS-RoboStack/submit_buffer3_search/algorithm_results_final_model_selection_sweep/union_adaptive_first_1450
[INFO] buffer_size           : 0
[INFO] pallet_length         : 1.2
[INFO] pallet_width          : 1.0
[INFO] pallet_height         : 1.25
[INFO] allow_rotation        : True
[INFO] total_input_files     : 78

[INFO] file_index            : 1/78
[INFO] input_file            : /home/robotics/UOS-RoboStack/submit_buffer3_search/algorithm_results_final_model_selection_sweep/input_sequences/continuous_iid_000.json
[INFO] output_file           : /home/robotics/UOS-RoboStack/submit_buffer3_search/algorithm_results_final_model_selection_sweep/union_adaptive_first_1450/continuous_iid_000.json
[INFO] vis_file              : /home/robotics/UOS-RoboStack/submit_buffer3_search/algorithm_results_final_model_selection_sweep/union_adaptive_first_1450/vis/continuous_iid_000.png
[INFO] total_input_boxes     : 250
[INFO] output_boxes          : 75
[INFO] placed_count          : 75
[INFO] placed_volume         : 0.891436
[INFO] pallet_volume         : 1.500000
[INFO] max_top_height        : 1.244000
[INFO] utilization           : 0.5943
[INFO] utilization_percent   : 59.43%
[INFO] terminated            : True
[INFO] terminated_step       : 75
[INFO] finished_by_user      : False
[INFO] file_processing_time  : 6.169 sec

[INFO] file_index            : 2/78
[INFO] input_file            : /home/robotics/UOS-RoboStack/submit_buffer3_search/algorithm_results_final_model_selection_sweep/input_sequences/continuous_iid_001.json
[INFO] output_file           : /home/robotics/UOS-RoboStack/submit_buffer3_search/algorithm_results_final_model_selection_sweep/union_adaptive_first_1450/continuous_iid_001.json
[INFO] vis_file              : /home/robotics/UOS-RoboStack/submit_buffer3_search/algorithm_results_final_model_selection_sweep/union_adaptive_first_1450/vis/continuous_iid_001.png
[INFO] total_input_boxes     : 250
[INFO] output_boxes          : 85
[INFO] placed_count          : 85
[INFO] placed_volume         : 0.936148
[INFO] pallet_volume         : 1.500000
[INFO] max_top_height        : 1.229500
[INFO] utilization           : 0.6241
[INFO] utilization_percent   : 62.41%
[INFO] terminated            : True
[INFO] terminated_step       : 85
[INFO] finished_by_user      : False
[INFO] file_processing_time  : 8.322 sec

[INFO] file_index            : 3/78
[INFO] input_file            : /home/robotics/UOS-RoboStack/submit_buffer3_search/algorithm_results_final_model_selection_sweep/input_sequences/continuous_iid_002.json
[INFO] output_file           : /home/robotics/UOS-RoboStack/submit_buffer3_search/algorithm_results_final_model_selection_sweep/union_adaptive_first_1450/continuous_iid_002.json
[INFO] vis_file              : /home/robotics/UOS-RoboStack/submit_buffer3_search/algorithm_results_final_model_selection_sweep/union_adaptive_first_1450/vis/continuous_iid_002.png
[INFO] total_input_boxes     : 250
[INFO] output_boxes          : 78
[INFO] placed_count          : 78
[INFO] placed_volume         : 0.931692
[INFO] pallet_volume         : 1.500000
[INFO] max_top_height        : 1.249500
[INFO] utilization           : 0.6211
[INFO] utilization_percent   : 62.11%
[INFO] terminated            : True
[INFO] terminated_step       : 78
[INFO] finished_by_user      : False
[INFO] file_processing_time  : 6.739 sec

[INFO] file_index            : 4/78
[INFO] input_file            : /home/robotics/UOS-RoboStack/submit_buffer3_search/algorithm_results_final_model_selection_sweep/input_sequences/continuous_iid_003.json
[INFO] output_file           : /home/robotics/UOS-RoboStack/submit_buffer3_search/algorithm_results_final_model_selection_sweep/union_adaptive_first_1450/continuous_iid_003.json
[INFO] vis_file              : /home/robotics/UOS-RoboStack/submit_buffer3_search/algorithm_results_final_model_selection_sweep/union_adaptive_first_1450/vis/continuous_iid_003.png
[INFO] total_input_boxes     : 250
[INFO] output_boxes          : 85
[INFO] placed_count          : 85
[INFO] placed_volume         : 1.037224
[INFO] pallet_volume         : 1.500000
[INFO] max_top_height        : 1.238500
[INFO] utilization           : 0.6915
[INFO] utilization_percent   : 69.15%
[INFO] terminated            : True
[INFO] terminated_step       : 85
[INFO] finished_by_user      : False
[INFO] file_processing_time  : 7.107 sec

[INFO] file_index            : 5/78
[INFO] input_file            : /home/robotics/UOS-RoboStack/submit_buffer3_search/algorithm_results_final_model_selection_sweep/input_sequences/continuous_iid_004.json
[INFO] output_file           : /home/robotics/UOS-RoboStack/submit_buffer3_search/algorithm_results_final_model_selection_sweep/union_adaptive_first_1450/continuous_iid_004.json
[INFO] vis_file              : /home/robotics/UOS-RoboStack/submit_buffer3_search/algorithm_results_final_model_selection_sweep/union_adaptive_first_1450/vis/continuous_iid_004.png
[INFO] total_input_boxes     : 250
[INFO] output_boxes          : 82
[INFO] placed_count          : 82
[INFO] placed_volume         : 0.910524
[INFO] pallet_volume         : 1.500000
[INFO] max_top_height        : 1.245000
[INFO] utilization           : 0.6070
[INFO] utilization_percent   : 60.70%
[INFO] terminated            : True
[INFO] terminated_step       : 82
[INFO] finished_by_user      : False
[INFO] file_processing_time  : 7.495 sec

[INFO] file_index            : 6/78
[INFO] input_file            : /home/robotics/UOS-RoboStack/submit_buffer3_search/algorithm_results_final_model_selection_sweep/input_sequences/continuous_iid_005.json
[INFO] output_file           : /home/robotics/UOS-RoboStack/submit_buffer3_search/algorithm_results_final_model_selection_sweep/union_adaptive_first_1450/continuous_iid_005.json
[INFO] vis_file              : /home/robotics/UOS-RoboStack/submit_buffer3_search/algorithm_results_final_model_selection_sweep/union_adaptive_first_1450/vis/continuous_iid_005.png
[INFO] total_input_boxes     : 250
[INFO] output_boxes          : 79
[INFO] placed_count          : 79
[INFO] placed_volume         : 0.953459
[INFO] pallet_volume         : 1.500000
[INFO] max_top_height        : 1.223000
[INFO] utilization           : 0.6356
[INFO] utilization_percent   : 63.56%
[INFO] terminated            : True
[INFO] terminated_step       : 79
[INFO] finished_by_user      : False
[INFO] file_processing_time  : 5.933 sec

[INFO] file_index            : 7/78
[INFO] input_file            : /home/robotics/UOS-RoboStack/submit_buffer3_search/algorithm_results_final_model_selection_sweep/input_sequences/continuous_iid_006.json
[INFO] output_file           : /home/robotics/UOS-RoboStack/submit_buffer3_search/algorithm_results_final_model_selection_sweep/union_adaptive_first_1450/continuous_iid_006.json
[INFO] vis_file              : /home/robotics/UOS-RoboStack/submit_buffer3_search/algorithm_results_final_model_selection_sweep/union_adaptive_first_1450/vis/continuous_iid_006.png
[INFO] total_input_boxes     : 250
[INFO] output_boxes          : 88
[INFO] placed_count          : 88
[INFO] placed_volume         : 1.069969
[INFO] pallet_volume         : 1.500000
[INFO] max_top_height        : 1.241500
[INFO] utilization           : 0.7133
[INFO] utilization_percent   : 71.33%
[INFO] terminated            : True
[INFO] terminated_step       : 88
[INFO] finished_by_user      : False
[INFO] file_processing_time  : 6.803 sec

[INFO] file_index            : 8/78
[INFO] input_file            : /home/robotics/UOS-RoboStack/submit_buffer3_search/algorithm_results_final_model_selection_sweep/input_sequences/continuous_iid_007.json
[INFO] output_file           : /home/robotics/UOS-RoboStack/submit_buffer3_search/algorithm_results_final_model_selection_sweep/union_adaptive_first_1450/continuous_iid_007.json
[INFO] vis_file              : /home/robotics/UOS-RoboStack/submit_buffer3_search/algorithm_results_final_model_selection_sweep/union_adaptive_first_1450/vis/continuous_iid_007.png
[INFO] total_input_boxes     : 250
[INFO] output_boxes          : 86
[INFO] placed_count          : 86
[INFO] placed_volume         : 1.031650
[INFO] pallet_volume         : 1.500000
[INFO] max_top_height        : 1.249500
[INFO] utilization           : 0.6878
[INFO] utilization_percent   : 68.78%
[INFO] terminated            : True
[INFO] terminated_step       : 86
[INFO] finished_by_user      : False
[INFO] file_processing_time  : 8.836 sec

[INFO] file_index            : 9/78
[INFO] input_file            : /home/robotics/UOS-RoboStack/submit_buffer3_search/algorithm_results_final_model_selection_sweep/input_sequences/continuous_iid_008.json
[INFO] output_file           : /home/robotics/UOS-RoboStack/submit_buffer3_search/algorithm_results_final_model_selection_sweep/union_adaptive_first_1450/continuous_iid_008.json
[INFO] vis_file              : /home/robotics/UOS-RoboStack/submit_buffer3_search/algorithm_results_final_model_selection_sweep/union_adaptive_first_1450/vis/continuous_iid_008.png
[INFO] total_input_boxes     : 250
[INFO] output_boxes          : 85
[INFO] placed_count          : 85
[INFO] placed_volume         : 1.006372
[INFO] pallet_volume         : 1.500000
[INFO] max_top_height        : 1.238000
[INFO] utilization           : 0.6709
[INFO] utilization_percent   : 67.09%
[INFO] terminated            : True
[INFO] terminated_step       : 85
[INFO] finished_by_user      : False
[INFO] file_processing_time  : 11.274 sec

[INFO] file_index            : 10/78
[INFO] input_file            : /home/robotics/UOS-RoboStack/submit_buffer3_search/algorithm_results_final_model_selection_sweep/input_sequences/continuous_iid_009.json
[INFO] output_file           : /home/robotics/UOS-RoboStack/submit_buffer3_search/algorithm_results_final_model_selection_sweep/union_adaptive_first_1450/continuous_iid_009.json
[INFO] vis_file              : /home/robotics/UOS-RoboStack/submit_buffer3_search/algorithm_results_final_model_selection_sweep/union_adaptive_first_1450/vis/continuous_iid_009.png
[INFO] total_input_boxes     : 250
[INFO] output_boxes          : 89
[INFO] placed_count          : 89
[INFO] placed_volume         : 1.006973
[INFO] pallet_volume         : 1.500000
[INFO] max_top_height        : 1.248500
[INFO] utilization           : 0.6713
[INFO] utilization_percent   : 67.13%
[INFO] terminated            : True
[INFO] terminated_step       : 89
[INFO] finished_by_user      : False
[INFO] file_processing_time  : 11.825 sec

[INFO] file_index            : 11/78
[INFO] input_file            : /home/robotics/UOS-RoboStack/submit_buffer3_search/algorithm_results_final_model_selection_sweep/input_sequences/continuous_iid_010.json
[INFO] output_file           : /home/robotics/UOS-RoboStack/submit_buffer3_search/algorithm_results_final_model_selection_sweep/union_adaptive_first_1450/continuous_iid_010.json
[INFO] vis_file              : /home/robotics/UOS-RoboStack/submit_buffer3_search/algorithm_results_final_model_selection_sweep/union_adaptive_first_1450/vis/continuous_iid_010.png
[INFO] total_input_boxes     : 250
[INFO] output_boxes          : 85
[INFO] placed_count          : 85
[INFO] placed_volume         : 1.024309
[INFO] pallet_volume         : 1.500000
[INFO] max_top_height        : 1.237000
[INFO] utilization           : 0.6829
[INFO] utilization_percent   : 68.29%
[INFO] terminated            : True
[INFO] terminated_step       : 85
[INFO] finished_by_user      : False
[INFO] file_processing_time  : 14.032 sec

[INFO] file_index            : 12/78
[INFO] input_file            : /home/robotics/UOS-RoboStack/submit_buffer3_search/algorithm_results_final_model_selection_sweep/input_sequences/continuous_iid_011.json
[INFO] output_file           : /home/robotics/UOS-RoboStack/submit_buffer3_search/algorithm_results_final_model_selection_sweep/union_adaptive_first_1450/continuous_iid_011.json
[INFO] vis_file              : /home/robotics/UOS-RoboStack/submit_buffer3_search/algorithm_results_final_model_selection_sweep/union_adaptive_first_1450/vis/continuous_iid_011.png
[INFO] total_input_boxes     : 250
[INFO] output_boxes          : 89
[INFO] placed_count          : 89
[INFO] placed_volume         : 1.059912
[INFO] pallet_volume         : 1.500000
[INFO] max_top_height        : 1.247000
[INFO] utilization           : 0.7066
[INFO] utilization_percent   : 70.66%
[INFO] terminated            : True
[INFO] terminated_step       : 89
[INFO] finished_by_user      : False
[INFO] file_processing_time  : 12.520 sec

[INFO] file_index            : 13/78
[INFO] input_file            : /home/robotics/UOS-RoboStack/submit_buffer3_search/algorithm_results_final_model_selection_sweep/input_sequences/continuous_iid_012.json
[INFO] output_file           : /home/robotics/UOS-RoboStack/submit_buffer3_search/algorithm_results_final_model_selection_sweep/union_adaptive_first_1450/continuous_iid_012.json
[INFO] vis_file              : /home/robotics/UOS-RoboStack/submit_buffer3_search/algorithm_results_final_model_selection_sweep/union_adaptive_first_1450/vis/continuous_iid_012.png
[INFO] total_input_boxes     : 250
[INFO] output_boxes          : 81
[INFO] placed_count          : 81
[INFO] placed_volume         : 0.915569
[INFO] pallet_volume         : 1.500000
[INFO] max_top_height        : 1.225500
[INFO] utilization           : 0.6104
[INFO] utilization_percent   : 61.04%
[INFO] terminated            : True
[INFO] terminated_step       : 81
[INFO] finished_by_user      : False
[INFO] file_processing_time  : 12.021 sec

[INFO] file_index            : 14/78
[INFO] input_file            : /home/robotics/UOS-RoboStack/submit_buffer3_search/algorithm_results_final_model_selection_sweep/input_sequences/continuous_iid_013.json
[INFO] output_file           : /home/robotics/UOS-RoboStack/submit_buffer3_search/algorithm_results_final_model_selection_sweep/union_adaptive_first_1450/continuous_iid_013.json
[INFO] vis_file              : /home/robotics/UOS-RoboStack/submit_buffer3_search/algorithm_results_final_model_selection_sweep/union_adaptive_first_1450/vis/continuous_iid_013.png
[INFO] total_input_boxes     : 250
[INFO] output_boxes          : 87
[INFO] placed_count          : 87
[INFO] placed_volume         : 1.014049
[INFO] pallet_volume         : 1.500000
[INFO] max_top_height        : 1.225500
[INFO] utilization           : 0.6760
[INFO] utilization_percent   : 67.60%
[INFO] terminated            : True
[INFO] terminated_step       : 87
[INFO] finished_by_user      : False
[INFO] file_processing_time  : 7.477 sec

[INFO] file_index            : 15/78
[INFO] input_file            : /home/robotics/UOS-RoboStack/submit_buffer3_search/algorithm_results_final_model_selection_sweep/input_sequences/continuous_iid_014.json
[INFO] output_file           : /home/robotics/UOS-RoboStack/submit_buffer3_search/algorithm_results_final_model_selection_sweep/union_adaptive_first_1450/continuous_iid_014.json
[INFO] vis_file              : /home/robotics/UOS-RoboStack/submit_buffer3_search/algorithm_results_final_model_selection_sweep/union_adaptive_first_1450/vis/continuous_iid_014.png
[INFO] total_input_boxes     : 250
[INFO] output_boxes          : 80
[INFO] placed_count          : 80
[INFO] placed_volume         : 0.951358
[INFO] pallet_volume         : 1.500000
[INFO] max_top_height        : 1.246000
[INFO] utilization           : 0.6342
[INFO] utilization_percent   : 63.42%
[INFO] terminated            : True
[INFO] terminated_step       : 80
[INFO] finished_by_user      : False
[INFO] file_processing_time  : 6.649 sec

[INFO] file_index            : 16/78
[INFO] input_file            : /home/robotics/UOS-RoboStack/submit_buffer3_search/algorithm_results_final_model_selection_sweep/input_sequences/continuous_iid_015.json
[INFO] output_file           : /home/robotics/UOS-RoboStack/submit_buffer3_search/algorithm_results_final_model_selection_sweep/union_adaptive_first_1450/continuous_iid_015.json
[INFO] vis_file              : /home/robotics/UOS-RoboStack/submit_buffer3_search/algorithm_results_final_model_selection_sweep/union_adaptive_first_1450/vis/continuous_iid_015.png
[INFO] total_input_boxes     : 250
[INFO] output_boxes          : 77
[INFO] placed_count          : 77
[INFO] placed_volume         : 0.912568
[INFO] pallet_volume         : 1.500000
[INFO] max_top_height        : 1.200000
[INFO] utilization           : 0.6084
[INFO] utilization_percent   : 60.84%
[INFO] terminated            : True
[INFO] terminated_step       : 77
[INFO] finished_by_user      : False
[INFO] file_processing_time  : 7.097 sec

[INFO] file_index            : 17/78
[INFO] input_file            : /home/robotics/UOS-RoboStack/submit_buffer3_search/algorithm_results_final_model_selection_sweep/input_sequences/continuous_iid_016.json
[INFO] output_file           : /home/robotics/UOS-RoboStack/submit_buffer3_search/algorithm_results_final_model_selection_sweep/union_adaptive_first_1450/continuous_iid_016.json
[INFO] vis_file              : /home/robotics/UOS-RoboStack/submit_buffer3_search/algorithm_results_final_model_selection_sweep/union_adaptive_first_1450/vis/continuous_iid_016.png
[INFO] total_input_boxes     : 250
[INFO] output_boxes          : 86
[INFO] placed_count          : 86
[INFO] placed_volume         : 1.043947
[INFO] pallet_volume         : 1.500000
[INFO] max_top_height        : 1.235500
[INFO] utilization           : 0.6960
[INFO] utilization_percent   : 69.60%
[INFO] terminated            : True
[INFO] terminated_step       : 86
[INFO] finished_by_user      : False
[INFO] file_processing_time  : 8.894 sec

[INFO] file_index            : 18/78
[INFO] input_file            : /home/robotics/UOS-RoboStack/submit_buffer3_search/algorithm_results_final_model_selection_sweep/input_sequences/continuous_iid_017.json
[INFO] output_file           : /home/robotics/UOS-RoboStack/submit_buffer3_search/algorithm_results_final_model_selection_sweep/union_adaptive_first_1450/continuous_iid_017.json
[INFO] vis_file              : /home/robotics/UOS-RoboStack/submit_buffer3_search/algorithm_results_final_model_selection_sweep/union_adaptive_first_1450/vis/continuous_iid_017.png
[INFO] total_input_boxes     : 250
[INFO] output_boxes          : 90
[INFO] placed_count          : 90
[INFO] placed_volume         : 1.036973
[INFO] pallet_volume         : 1.500000
[INFO] max_top_height        : 1.241500
[INFO] utilization           : 0.6913
[INFO] utilization_percent   : 69.13%
[INFO] terminated            : True
[INFO] terminated_step       : 90
[INFO] finished_by_user      : False
[INFO] file_processing_time  : 8.526 sec

[INFO] file_index            : 19/78
[INFO] input_file            : /home/robotics/UOS-RoboStack/submit_buffer3_search/algorithm_results_final_model_selection_sweep/input_sequences/continuous_iid_018.json
[INFO] output_file           : /home/robotics/UOS-RoboStack/submit_buffer3_search/algorithm_results_final_model_selection_sweep/union_adaptive_first_1450/continuous_iid_018.json
[INFO] vis_file              : /home/robotics/UOS-RoboStack/submit_buffer3_search/algorithm_results_final_model_selection_sweep/union_adaptive_first_1450/vis/continuous_iid_018.png
[INFO] total_input_boxes     : 250
[INFO] output_boxes          : 81
[INFO] placed_count          : 81
[INFO] placed_volume         : 0.937907
[INFO] pallet_volume         : 1.500000
[INFO] max_top_height        : 1.237000
[INFO] utilization           : 0.6253
[INFO] utilization_percent   : 62.53%
[INFO] terminated            : True
[INFO] terminated_step       : 81
[INFO] finished_by_user      : False
[INFO] file_processing_time  : 6.726 sec

[INFO] file_index            : 20/78
[INFO] input_file            : /home/robotics/UOS-RoboStack/submit_buffer3_search/algorithm_results_final_model_selection_sweep/input_sequences/continuous_iid_019.json
[INFO] output_file           : /home/robotics/UOS-RoboStack/submit_buffer3_search/algorithm_results_final_model_selection_sweep/union_adaptive_first_1450/continuous_iid_019.json
[INFO] vis_file              : /home/robotics/UOS-RoboStack/submit_buffer3_search/algorithm_results_final_model_selection_sweep/union_adaptive_first_1450/vis/continuous_iid_019.png
[INFO] total_input_boxes     : 250
[INFO] output_boxes          : 82
[INFO] placed_count          : 82
[INFO] placed_volume         : 0.993464
[INFO] pallet_volume         : 1.500000
[INFO] max_top_height        : 1.240000
[INFO] utilization           : 0.6623
[INFO] utilization_percent   : 66.23%
[INFO] terminated            : True
[INFO] terminated_step       : 82
[INFO] finished_by_user      : False
[INFO] file_processing_time  : 7.106 sec

[INFO] file_index            : 21/78
[INFO] input_file            : /home/robotics/UOS-RoboStack/submit_buffer3_search/algorithm_results_final_model_selection_sweep/input_sequences/continuous_iid_020.json
[INFO] output_file           : /home/robotics/UOS-RoboStack/submit_buffer3_search/algorithm_results_final_model_selection_sweep/union_adaptive_first_1450/continuous_iid_020.json
[INFO] vis_file              : /home/robotics/UOS-RoboStack/submit_buffer3_search/algorithm_results_final_model_selection_sweep/union_adaptive_first_1450/vis/continuous_iid_020.png
[INFO] total_input_boxes     : 250
[INFO] output_boxes          : 89
[INFO] placed_count          : 89
[INFO] placed_volume         : 1.083616
[INFO] pallet_volume         : 1.500000
[INFO] max_top_height        : 1.242000
[INFO] utilization           : 0.7224
[INFO] utilization_percent   : 72.24%
[INFO] terminated            : True
[INFO] terminated_step       : 89
[INFO] finished_by_user      : False
[INFO] file_processing_time  : 8.289 sec

[INFO] file_index            : 22/78
[INFO] input_file            : /home/robotics/UOS-RoboStack/submit_buffer3_search/algorithm_results_final_model_selection_sweep/input_sequences/continuous_iid_021.json
[INFO] output_file           : /home/robotics/UOS-RoboStack/submit_buffer3_search/algorithm_results_final_model_selection_sweep/union_adaptive_first_1450/continuous_iid_021.json
[INFO] vis_file              : /home/robotics/UOS-RoboStack/submit_buffer3_search/algorithm_results_final_model_selection_sweep/union_adaptive_first_1450/vis/continuous_iid_021.png
[INFO] total_input_boxes     : 250
[INFO] output_boxes          : 86
[INFO] placed_count          : 86
[INFO] placed_volume         : 0.977867
[INFO] pallet_volume         : 1.500000
[INFO] max_top_height        : 1.250500
[INFO] utilization           : 0.6519
[INFO] utilization_percent   : 65.19%
[INFO] terminated            : True
[INFO] terminated_step       : 86
[INFO] finished_by_user      : False
[INFO] file_processing_time  : 8.356 sec

[INFO] file_index            : 23/78
[INFO] input_file            : /home/robotics/UOS-RoboStack/submit_buffer3_search/algorithm_results_final_model_selection_sweep/input_sequences/continuous_iid_022.json
[INFO] output_file           : /home/robotics/UOS-RoboStack/submit_buffer3_search/algorithm_results_final_model_selection_sweep/union_adaptive_first_1450/continuous_iid_022.json
[INFO] vis_file              : /home/robotics/UOS-RoboStack/submit_buffer3_search/algorithm_results_final_model_selection_sweep/union_adaptive_first_1450/vis/continuous_iid_022.png
[INFO] total_input_boxes     : 250
[INFO] output_boxes          : 80
[INFO] placed_count          : 80
[INFO] placed_volume         : 0.923199
[INFO] pallet_volume         : 1.500000
[INFO] max_top_height        : 1.231000
[INFO] utilization           : 0.6155
[INFO] utilization_percent   : 61.55%
[INFO] terminated            : True
[INFO] terminated_step       : 80
[INFO] finished_by_user      : False
[INFO] file_processing_time  : 18.841 sec

[INFO] file_index            : 24/78
[INFO] input_file            : /home/robotics/UOS-RoboStack/submit_buffer3_search/algorithm_results_final_model_selection_sweep/input_sequences/continuous_iid_023.json
[INFO] output_file           : /home/robotics/UOS-RoboStack/submit_buffer3_search/algorithm_results_final_model_selection_sweep/union_adaptive_first_1450/continuous_iid_023.json
[INFO] vis_file              : /home/robotics/UOS-RoboStack/submit_buffer3_search/algorithm_results_final_model_selection_sweep/union_adaptive_first_1450/vis/continuous_iid_023.png
[INFO] total_input_boxes     : 250
[INFO] output_boxes          : 86
[INFO] placed_count          : 86
[INFO] placed_volume         : 1.005723
[INFO] pallet_volume         : 1.500000
[INFO] max_top_height        : 1.221000
[INFO] utilization           : 0.6705
[INFO] utilization_percent   : 67.05%
[INFO] terminated            : True
[INFO] terminated_step       : 86
[INFO] finished_by_user      : False
[INFO] file_processing_time  : 10.233 sec

[INFO] file_index            : 25/78
[INFO] input_file            : /home/robotics/UOS-RoboStack/submit_buffer3_search/algorithm_results_final_model_selection_sweep/input_sequences/continuous_iid_024.json
[INFO] output_file           : /home/robotics/UOS-RoboStack/submit_buffer3_search/algorithm_results_final_model_selection_sweep/union_adaptive_first_1450/continuous_iid_024.json
[INFO] vis_file              : /home/robotics/UOS-RoboStack/submit_buffer3_search/algorithm_results_final_model_selection_sweep/union_adaptive_first_1450/vis/continuous_iid_024.png
[INFO] total_input_boxes     : 250
[INFO] output_boxes          : 88
[INFO] placed_count          : 88
[INFO] placed_volume         : 1.004738
[INFO] pallet_volume         : 1.500000
[INFO] max_top_height        : 1.229000
[INFO] utilization           : 0.6698
[INFO] utilization_percent   : 66.98%
[INFO] terminated            : True
[INFO] terminated_step       : 88
[INFO] finished_by_user      : False
[INFO] file_processing_time  : 8.976 sec

[INFO] file_index            : 26/78
[INFO] input_file            : /home/robotics/UOS-RoboStack/submit_buffer3_search/algorithm_results_final_model_selection_sweep/input_sequences/continuous_iid_025.json
[INFO] output_file           : /home/robotics/UOS-RoboStack/submit_buffer3_search/algorithm_results_final_model_selection_sweep/union_adaptive_first_1450/continuous_iid_025.json
[INFO] vis_file              : /home/robotics/UOS-RoboStack/submit_buffer3_search/algorithm_results_final_model_selection_sweep/union_adaptive_first_1450/vis/continuous_iid_025.png
[INFO] total_input_boxes     : 250
[INFO] output_boxes          : 91
[INFO] placed_count          : 91
[INFO] placed_volume         : 1.047192
[INFO] pallet_volume         : 1.500000
[INFO] max_top_height        : 1.230500
[INFO] utilization           : 0.6981
[INFO] utilization_percent   : 69.81%
[INFO] terminated            : True
[INFO] terminated_step       : 91
[INFO] finished_by_user      : False
[INFO] file_processing_time  : 10.242 sec

[INFO] file_index            : 27/78
[INFO] input_file            : /home/robotics/UOS-RoboStack/submit_buffer3_search/algorithm_results_final_model_selection_sweep/input_sequences/continuous_iid_026.json
[INFO] output_file           : /home/robotics/UOS-RoboStack/submit_buffer3_search/algorithm_results_final_model_selection_sweep/union_adaptive_first_1450/continuous_iid_026.json
[INFO] vis_file              : /home/robotics/UOS-RoboStack/submit_buffer3_search/algorithm_results_final_model_selection_sweep/union_adaptive_first_1450/vis/continuous_iid_026.png
[INFO] total_input_boxes     : 250
[INFO] output_boxes          : 89
[INFO] placed_count          : 89
[INFO] placed_volume         : 1.005280
[INFO] pallet_volume         : 1.500000
[INFO] max_top_height        : 1.249000
[INFO] utilization           : 0.6702
[INFO] utilization_percent   : 67.02%
[INFO] terminated            : True
[INFO] terminated_step       : 89
[INFO] finished_by_user      : False
[INFO] file_processing_time  : 11.102 sec

[INFO] file_index            : 28/78
[INFO] input_file            : /home/robotics/UOS-RoboStack/submit_buffer3_search/algorithm_results_final_model_selection_sweep/input_sequences/continuous_iid_027.json
[INFO] output_file           : /home/robotics/UOS-RoboStack/submit_buffer3_search/algorithm_results_final_model_selection_sweep/union_adaptive_first_1450/continuous_iid_027.json
[INFO] vis_file              : /home/robotics/UOS-RoboStack/submit_buffer3_search/algorithm_results_final_model_selection_sweep/union_adaptive_first_1450/vis/continuous_iid_027.png
[INFO] total_input_boxes     : 250
[INFO] output_boxes          : 91
[INFO] placed_count          : 91
[INFO] placed_volume         : 1.050920
[INFO] pallet_volume         : 1.500000
[INFO] max_top_height        : 1.249000
[INFO] utilization           : 0.7006
[INFO] utilization_percent   : 70.06%
[INFO] terminated            : True
[INFO] terminated_step       : 91
[INFO] finished_by_user      : False
[INFO] file_processing_time  : 11.249 sec

[INFO] file_index            : 29/78
[INFO] input_file            : /home/robotics/UOS-RoboStack/submit_buffer3_search/algorithm_results_final_model_selection_sweep/input_sequences/continuous_iid_028.json
[INFO] output_file           : /home/robotics/UOS-RoboStack/submit_buffer3_search/algorithm_results_final_model_selection_sweep/union_adaptive_first_1450/continuous_iid_028.json
[INFO] vis_file              : /home/robotics/UOS-RoboStack/submit_buffer3_search/algorithm_results_final_model_selection_sweep/union_adaptive_first_1450/vis/continuous_iid_028.png
[INFO] total_input_boxes     : 250
[INFO] output_boxes          : 79
[INFO] placed_count          : 79
[INFO] placed_volume         : 0.958739
[INFO] pallet_volume         : 1.500000
[INFO] max_top_height        : 1.215500
[INFO] utilization           : 0.6392
[INFO] utilization_percent   : 63.92%
[INFO] terminated            : True
[INFO] terminated_step       : 79
[INFO] finished_by_user      : False
[INFO] file_processing_time  : 7.462 sec

[INFO] file_index            : 30/78
[INFO] input_file            : /home/robotics/UOS-RoboStack/submit_buffer3_search/algorithm_results_final_model_selection_sweep/input_sequences/continuous_iid_029.json
[INFO] output_file           : /home/robotics/UOS-RoboStack/submit_buffer3_search/algorithm_results_final_model_selection_sweep/union_adaptive_first_1450/continuous_iid_029.json
[INFO] vis_file              : /home/robotics/UOS-RoboStack/submit_buffer3_search/algorithm_results_final_model_selection_sweep/union_adaptive_first_1450/vis/continuous_iid_029.png
[INFO] total_input_boxes     : 250
[INFO] output_boxes          : 83
[INFO] placed_count          : 83
[INFO] placed_volume         : 0.940519
[INFO] pallet_volume         : 1.500000
[INFO] max_top_height        : 1.235000
[INFO] utilization           : 0.6270
[INFO] utilization_percent   : 62.70%
[INFO] terminated            : True
[INFO] terminated_step       : 83
[INFO] finished_by_user      : False
[INFO] file_processing_time  : 12.662 sec

[INFO] file_index            : 31/78
[INFO] input_file            : /home/robotics/UOS-RoboStack/submit_buffer3_search/algorithm_results_final_model_selection_sweep/input_sequences/continuous_iid_030.json
[INFO] output_file           : /home/robotics/UOS-RoboStack/submit_buffer3_search/algorithm_results_final_model_selection_sweep/union_adaptive_first_1450/continuous_iid_030.json
[INFO] vis_file              : /home/robotics/UOS-RoboStack/submit_buffer3_search/algorithm_results_final_model_selection_sweep/union_adaptive_first_1450/vis/continuous_iid_030.png
[INFO] total_input_boxes     : 250
[INFO] output_boxes          : 84
[INFO] placed_count          : 84
[INFO] placed_volume         : 1.006772
[INFO] pallet_volume         : 1.500000
[INFO] max_top_height        : 1.226000
[INFO] utilization           : 0.6712
[INFO] utilization_percent   : 67.12%
[INFO] terminated            : True
[INFO] terminated_step       : 84
[INFO] finished_by_user      : False
[INFO] file_processing_time  : 11.980 sec

[INFO] file_index            : 32/78
[INFO] input_file            : /home/robotics/UOS-RoboStack/submit_buffer3_search/algorithm_results_final_model_selection_sweep/input_sequences/continuous_iid_031.json
[INFO] output_file           : /home/robotics/UOS-RoboStack/submit_buffer3_search/algorithm_results_final_model_selection_sweep/union_adaptive_first_1450/continuous_iid_031.json
[INFO] vis_file              : /home/robotics/UOS-RoboStack/submit_buffer3_search/algorithm_results_final_model_selection_sweep/union_adaptive_first_1450/vis/continuous_iid_031.png
[INFO] total_input_boxes     : 250
[INFO] output_boxes          : 75
[INFO] placed_count          : 75
[INFO] placed_volume         : 0.921724
[INFO] pallet_volume         : 1.500000
[INFO] max_top_height        : 1.249000
[INFO] utilization           : 0.6145
[INFO] utilization_percent   : 61.45%
[INFO] terminated            : True
[INFO] terminated_step       : 75
[INFO] finished_by_user      : False
[INFO] file_processing_time  : 10.437 sec

[INFO] file_index            : 33/78
[INFO] input_file            : /home/robotics/UOS-RoboStack/submit_buffer3_search/algorithm_results_final_model_selection_sweep/input_sequences/continuous_iid_032.json
[INFO] output_file           : /home/robotics/UOS-RoboStack/submit_buffer3_search/algorithm_results_final_model_selection_sweep/union_adaptive_first_1450/continuous_iid_032.json
[INFO] vis_file              : /home/robotics/UOS-RoboStack/submit_buffer3_search/algorithm_results_final_model_selection_sweep/union_adaptive_first_1450/vis/continuous_iid_032.png
[INFO] total_input_boxes     : 250
[INFO] output_boxes          : 84
[INFO] placed_count          : 84
[INFO] placed_volume         : 0.959432
[INFO] pallet_volume         : 1.500000
[INFO] max_top_height        : 1.224000
[INFO] utilization           : 0.6396
[INFO] utilization_percent   : 63.96%
[INFO] terminated            : True
[INFO] terminated_step       : 84
[INFO] finished_by_user      : False
[INFO] file_processing_time  : 14.599 sec

[INFO] file_index            : 34/78
[INFO] input_file            : /home/robotics/UOS-RoboStack/submit_buffer3_search/algorithm_results_final_model_selection_sweep/input_sequences/continuous_iid_033.json
[INFO] output_file           : /home/robotics/UOS-RoboStack/submit_buffer3_search/algorithm_results_final_model_selection_sweep/union_adaptive_first_1450/continuous_iid_033.json
[INFO] vis_file              : /home/robotics/UOS-RoboStack/submit_buffer3_search/algorithm_results_final_model_selection_sweep/union_adaptive_first_1450/vis/continuous_iid_033.png
[INFO] total_input_boxes     : 250
[INFO] output_boxes          : 90
[INFO] placed_count          : 90
[INFO] placed_volume         : 1.007076
[INFO] pallet_volume         : 1.500000
[INFO] max_top_height        : 1.243000
[INFO] utilization           : 0.6714
[INFO] utilization_percent   : 67.14%
[INFO] terminated            : True
[INFO] terminated_step       : 90
[INFO] finished_by_user      : False
[INFO] file_processing_time  : 19.070 sec

[INFO] file_index            : 35/78
[INFO] input_file            : /home/robotics/UOS-RoboStack/submit_buffer3_search/algorithm_results_final_model_selection_sweep/input_sequences/continuous_iid_034.json
[INFO] output_file           : /home/robotics/UOS-RoboStack/submit_buffer3_search/algorithm_results_final_model_selection_sweep/union_adaptive_first_1450/continuous_iid_034.json
[INFO] vis_file              : /home/robotics/UOS-RoboStack/submit_buffer3_search/algorithm_results_final_model_selection_sweep/union_adaptive_first_1450/vis/continuous_iid_034.png
[INFO] total_input_boxes     : 250
[INFO] output_boxes          : 86
[INFO] placed_count          : 86
[INFO] placed_volume         : 1.027556
[INFO] pallet_volume         : 1.500000
[INFO] max_top_height        : 1.243500
[INFO] utilization           : 0.6850
[INFO] utilization_percent   : 68.50%
[INFO] terminated            : True
[INFO] terminated_step       : 86
[INFO] finished_by_user      : False
[INFO] file_processing_time  : 19.196 sec

[INFO] file_index            : 36/78
[INFO] input_file            : /home/robotics/UOS-RoboStack/submit_buffer3_search/algorithm_results_final_model_selection_sweep/input_sequences/continuous_iid_035.json
[INFO] output_file           : /home/robotics/UOS-RoboStack/submit_buffer3_search/algorithm_results_final_model_selection_sweep/union_adaptive_first_1450/continuous_iid_035.json
[INFO] vis_file              : /home/robotics/UOS-RoboStack/submit_buffer3_search/algorithm_results_final_model_selection_sweep/union_adaptive_first_1450/vis/continuous_iid_035.png
[INFO] total_input_boxes     : 250
[INFO] output_boxes          : 79
[INFO] placed_count          : 79
[INFO] placed_volume         : 0.970575
[INFO] pallet_volume         : 1.500000
[INFO] max_top_height        : 1.248500
[INFO] utilization           : 0.6470
[INFO] utilization_percent   : 64.70%
[INFO] terminated            : True
[INFO] terminated_step       : 79
[INFO] finished_by_user      : False
[INFO] file_processing_time  : 9.218 sec

[INFO] file_index            : 37/78
[INFO] input_file            : /home/robotics/UOS-RoboStack/submit_buffer3_search/algorithm_results_final_model_selection_sweep/input_sequences/continuous_iid_036.json
[INFO] output_file           : /home/robotics/UOS-RoboStack/submit_buffer3_search/algorithm_results_final_model_selection_sweep/union_adaptive_first_1450/continuous_iid_036.json
[INFO] vis_file              : /home/robotics/UOS-RoboStack/submit_buffer3_search/algorithm_results_final_model_selection_sweep/union_adaptive_first_1450/vis/continuous_iid_036.png
[INFO] total_input_boxes     : 250
[INFO] output_boxes          : 89
[INFO] placed_count          : 89
[INFO] placed_volume         : 1.065154
[INFO] pallet_volume         : 1.500000
[INFO] max_top_height        : 1.233000
[INFO] utilization           : 0.7101
[INFO] utilization_percent   : 71.01%
[INFO] terminated            : True
[INFO] terminated_step       : 89
[INFO] finished_by_user      : False
[INFO] file_processing_time  : 10.805 sec

[INFO] file_index            : 38/78
[INFO] input_file            : /home/robotics/UOS-RoboStack/submit_buffer3_search/algorithm_results_final_model_selection_sweep/input_sequences/continuous_iid_037.json
[INFO] output_file           : /home/robotics/UOS-RoboStack/submit_buffer3_search/algorithm_results_final_model_selection_sweep/union_adaptive_first_1450/continuous_iid_037.json
[INFO] vis_file              : /home/robotics/UOS-RoboStack/submit_buffer3_search/algorithm_results_final_model_selection_sweep/union_adaptive_first_1450/vis/continuous_iid_037.png
[INFO] total_input_boxes     : 250
[INFO] output_boxes          : 91
[INFO] placed_count          : 91
[INFO] placed_volume         : 1.070599
[INFO] pallet_volume         : 1.500000
[INFO] max_top_height        : 1.249000
[INFO] utilization           : 0.7137
[INFO] utilization_percent   : 71.37%
[INFO] terminated            : True
[INFO] terminated_step       : 91
[INFO] finished_by_user      : False
[INFO] file_processing_time  : 13.784 sec

[INFO] file_index            : 39/78
[INFO] input_file            : /home/robotics/UOS-RoboStack/submit_buffer3_search/algorithm_results_final_model_selection_sweep/input_sequences/continuous_iid_038.json
[INFO] output_file           : /home/robotics/UOS-RoboStack/submit_buffer3_search/algorithm_results_final_model_selection_sweep/union_adaptive_first_1450/continuous_iid_038.json
[INFO] vis_file              : /home/robotics/UOS-RoboStack/submit_buffer3_search/algorithm_results_final_model_selection_sweep/union_adaptive_first_1450/vis/continuous_iid_038.png
[INFO] total_input_boxes     : 250
[INFO] output_boxes          : 90
[INFO] placed_count          : 90
[INFO] placed_volume         : 1.035399
[INFO] pallet_volume         : 1.500000
[INFO] max_top_height        : 1.249500
[INFO] utilization           : 0.6903
[INFO] utilization_percent   : 69.03%
[INFO] terminated            : True
[INFO] terminated_step       : 90
[INFO] finished_by_user      : False
[INFO] file_processing_time  : 9.416 sec

[INFO] file_index            : 40/78
[INFO] input_file            : /home/robotics/UOS-RoboStack/submit_buffer3_search/algorithm_results_final_model_selection_sweep/input_sequences/continuous_iid_039.json
[INFO] output_file           : /home/robotics/UOS-RoboStack/submit_buffer3_search/algorithm_results_final_model_selection_sweep/union_adaptive_first_1450/continuous_iid_039.json
[INFO] vis_file              : /home/robotics/UOS-RoboStack/submit_buffer3_search/algorithm_results_final_model_selection_sweep/union_adaptive_first_1450/vis/continuous_iid_039.png
[INFO] total_input_boxes     : 250
[INFO] output_boxes          : 85
[INFO] placed_count          : 85
[INFO] placed_volume         : 1.079731
[INFO] pallet_volume         : 1.500000
[INFO] max_top_height        : 1.245500
[INFO] utilization           : 0.7198
[INFO] utilization_percent   : 71.98%
[INFO] terminated            : True
[INFO] terminated_step       : 85
[INFO] finished_by_user      : False
[INFO] file_processing_time  : 7.138 sec

[INFO] file_index            : 41/78
[INFO] input_file            : /home/robotics/UOS-RoboStack/submit_buffer3_search/algorithm_results_final_model_selection_sweep/input_sequences/continuous_iid_040.json
[INFO] output_file           : /home/robotics/UOS-RoboStack/submit_buffer3_search/algorithm_results_final_model_selection_sweep/union_adaptive_first_1450/continuous_iid_040.json
[INFO] vis_file              : /home/robotics/UOS-RoboStack/submit_buffer3_search/algorithm_results_final_model_selection_sweep/union_adaptive_first_1450/vis/continuous_iid_040.png
[INFO] total_input_boxes     : 250
[INFO] output_boxes          : 85
[INFO] placed_count          : 85
[INFO] placed_volume         : 0.964944
[INFO] pallet_volume         : 1.500000
[INFO] max_top_height        : 1.222500
[INFO] utilization           : 0.6433
[INFO] utilization_percent   : 64.33%
[INFO] terminated            : True
[INFO] terminated_step       : 85
[INFO] finished_by_user      : False
[INFO] file_processing_time  : 7.741 sec

[INFO] file_index            : 42/78
[INFO] input_file            : /home/robotics/UOS-RoboStack/submit_buffer3_search/algorithm_results_final_model_selection_sweep/input_sequences/continuous_iid_041.json
[INFO] output_file           : /home/robotics/UOS-RoboStack/submit_buffer3_search/algorithm_results_final_model_selection_sweep/union_adaptive_first_1450/continuous_iid_041.json
[INFO] vis_file              : /home/robotics/UOS-RoboStack/submit_buffer3_search/algorithm_results_final_model_selection_sweep/union_adaptive_first_1450/vis/continuous_iid_041.png
[INFO] total_input_boxes     : 250
[INFO] output_boxes          : 91
[INFO] placed_count          : 91
[INFO] placed_volume         : 1.082299
[INFO] pallet_volume         : 1.500000
[INFO] max_top_height        : 1.245500
[INFO] utilization           : 0.7215
[INFO] utilization_percent   : 72.15%
[INFO] terminated            : True
[INFO] terminated_step       : 91
[INFO] finished_by_user      : False
[INFO] file_processing_time  : 9.061 sec

[INFO] file_index            : 43/78
[INFO] input_file            : /home/robotics/UOS-RoboStack/submit_buffer3_search/algorithm_results_final_model_selection_sweep/input_sequences/continuous_iid_042.json
[INFO] output_file           : /home/robotics/UOS-RoboStack/submit_buffer3_search/algorithm_results_final_model_selection_sweep/union_adaptive_first_1450/continuous_iid_042.json
[INFO] vis_file              : /home/robotics/UOS-RoboStack/submit_buffer3_search/algorithm_results_final_model_selection_sweep/union_adaptive_first_1450/vis/continuous_iid_042.png
[INFO] total_input_boxes     : 250
[INFO] output_boxes          : 89
[INFO] placed_count          : 89
[INFO] placed_volume         : 1.059240
[INFO] pallet_volume         : 1.500000
[INFO] max_top_height        : 1.241500
[INFO] utilization           : 0.7062
[INFO] utilization_percent   : 70.62%
[INFO] terminated            : True
[INFO] terminated_step       : 89
[INFO] finished_by_user      : False
[INFO] file_processing_time  : 8.961 sec

[INFO] file_index            : 44/78
[INFO] input_file            : /home/robotics/UOS-RoboStack/submit_buffer3_search/algorithm_results_final_model_selection_sweep/input_sequences/continuous_iid_043.json
[INFO] output_file           : /home/robotics/UOS-RoboStack/submit_buffer3_search/algorithm_results_final_model_selection_sweep/union_adaptive_first_1450/continuous_iid_043.json
[INFO] vis_file              : /home/robotics/UOS-RoboStack/submit_buffer3_search/algorithm_results_final_model_selection_sweep/union_adaptive_first_1450/vis/continuous_iid_043.png
[INFO] total_input_boxes     : 250
[INFO] output_boxes          : 77
[INFO] placed_count          : 77
[INFO] placed_volume         : 0.864705
[INFO] pallet_volume         : 1.500000
[INFO] max_top_height        : 1.218000
[INFO] utilization           : 0.5765
[INFO] utilization_percent   : 57.65%
[INFO] terminated            : True
[INFO] terminated_step       : 77
[INFO] finished_by_user      : False
[INFO] file_processing_time  : 6.476 sec

[INFO] file_index            : 45/78
[INFO] input_file            : /home/robotics/UOS-RoboStack/submit_buffer3_search/algorithm_results_final_model_selection_sweep/input_sequences/continuous_iid_044.json
[INFO] output_file           : /home/robotics/UOS-RoboStack/submit_buffer3_search/algorithm_results_final_model_selection_sweep/union_adaptive_first_1450/continuous_iid_044.json
[INFO] vis_file              : /home/robotics/UOS-RoboStack/submit_buffer3_search/algorithm_results_final_model_selection_sweep/union_adaptive_first_1450/vis/continuous_iid_044.png
[INFO] total_input_boxes     : 250
[INFO] output_boxes          : 91
[INFO] placed_count          : 91
[INFO] placed_volume         : 1.013875
[INFO] pallet_volume         : 1.500000
[INFO] max_top_height        : 1.246500
[INFO] utilization           : 0.6759
[INFO] utilization_percent   : 67.59%
[INFO] terminated            : True
[INFO] terminated_step       : 91
[INFO] finished_by_user      : False
[INFO] file_processing_time  : 9.190 sec

[INFO] file_index            : 46/78
[INFO] input_file            : /home/robotics/UOS-RoboStack/submit_buffer3_search/algorithm_results_final_model_selection_sweep/input_sequences/continuous_iid_045.json
[INFO] output_file           : /home/robotics/UOS-RoboStack/submit_buffer3_search/algorithm_results_final_model_selection_sweep/union_adaptive_first_1450/continuous_iid_045.json
[INFO] vis_file              : /home/robotics/UOS-RoboStack/submit_buffer3_search/algorithm_results_final_model_selection_sweep/union_adaptive_first_1450/vis/continuous_iid_045.png
[INFO] total_input_boxes     : 250
[INFO] output_boxes          : 75
[INFO] placed_count          : 75
[INFO] placed_volume         : 0.979539
[INFO] pallet_volume         : 1.500000
[INFO] max_top_height        : 1.247500
[INFO] utilization           : 0.6530
[INFO] utilization_percent   : 65.30%
[INFO] terminated            : True
[INFO] terminated_step       : 75
[INFO] finished_by_user      : False
[INFO] file_processing_time  : 7.101 sec

[INFO] file_index            : 47/78
[INFO] input_file            : /home/robotics/UOS-RoboStack/submit_buffer3_search/algorithm_results_final_model_selection_sweep/input_sequences/continuous_iid_046.json
[INFO] output_file           : /home/robotics/UOS-RoboStack/submit_buffer3_search/algorithm_results_final_model_selection_sweep/union_adaptive_first_1450/continuous_iid_046.json
[INFO] vis_file              : /home/robotics/UOS-RoboStack/submit_buffer3_search/algorithm_results_final_model_selection_sweep/union_adaptive_first_1450/vis/continuous_iid_046.png
[INFO] total_input_boxes     : 250
[INFO] output_boxes          : 90
[INFO] placed_count          : 90
[INFO] placed_volume         : 1.081957
[INFO] pallet_volume         : 1.500000
[INFO] max_top_height        : 1.248000
[INFO] utilization           : 0.7213
[INFO] utilization_percent   : 72.13%
[INFO] terminated            : True
[INFO] terminated_step       : 90
[INFO] finished_by_user      : False
[INFO] file_processing_time  : 7.638 sec

[INFO] file_index            : 48/78
[INFO] input_file            : /home/robotics/UOS-RoboStack/submit_buffer3_search/algorithm_results_final_model_selection_sweep/input_sequences/continuous_iid_047.json
[INFO] output_file           : /home/robotics/UOS-RoboStack/submit_buffer3_search/algorithm_results_final_model_selection_sweep/union_adaptive_first_1450/continuous_iid_047.json
[INFO] vis_file              : /home/robotics/UOS-RoboStack/submit_buffer3_search/algorithm_results_final_model_selection_sweep/union_adaptive_first_1450/vis/continuous_iid_047.png
[INFO] total_input_boxes     : 250
[INFO] output_boxes          : 80
[INFO] placed_count          : 80
[INFO] placed_volume         : 0.927272
[INFO] pallet_volume         : 1.500000
[INFO] max_top_height        : 1.232000
[INFO] utilization           : 0.6182
[INFO] utilization_percent   : 61.82%
[INFO] terminated            : True
[INFO] terminated_step       : 80
[INFO] finished_by_user      : False
[INFO] file_processing_time  : 9.055 sec

[INFO] file_index            : 49/78
[INFO] input_file            : /home/robotics/UOS-RoboStack/submit_buffer3_search/algorithm_results_final_model_selection_sweep/input_sequences/continuous_iid_048.json
[INFO] output_file           : /home/robotics/UOS-RoboStack/submit_buffer3_search/algorithm_results_final_model_selection_sweep/union_adaptive_first_1450/continuous_iid_048.json
[INFO] vis_file              : /home/robotics/UOS-RoboStack/submit_buffer3_search/algorithm_results_final_model_selection_sweep/union_adaptive_first_1450/vis/continuous_iid_048.png
[INFO] total_input_boxes     : 250
[INFO] output_boxes          : 71
[INFO] placed_count          : 71
[INFO] placed_volume         : 0.842572
[INFO] pallet_volume         : 1.500000
[INFO] max_top_height        : 1.246000
[INFO] utilization           : 0.5617
[INFO] utilization_percent   : 56.17%
[INFO] terminated            : True
[INFO] terminated_step       : 71
[INFO] finished_by_user      : False
[INFO] file_processing_time  : 6.714 sec

[INFO] file_index            : 50/78
[INFO] input_file            : /home/robotics/UOS-RoboStack/submit_buffer3_search/algorithm_results_final_model_selection_sweep/input_sequences/continuous_iid_049.json
[INFO] output_file           : /home/robotics/UOS-RoboStack/submit_buffer3_search/algorithm_results_final_model_selection_sweep/union_adaptive_first_1450/continuous_iid_049.json
[INFO] vis_file              : /home/robotics/UOS-RoboStack/submit_buffer3_search/algorithm_results_final_model_selection_sweep/union_adaptive_first_1450/vis/continuous_iid_049.png
[INFO] total_input_boxes     : 250
[INFO] output_boxes          : 89
[INFO] placed_count          : 89
[INFO] placed_volume         : 1.026125
[INFO] pallet_volume         : 1.500000
[INFO] max_top_height        : 1.247000
[INFO] utilization           : 0.6841
[INFO] utilization_percent   : 68.41%
[INFO] terminated            : True
[INFO] terminated_step       : 89
[INFO] finished_by_user      : False
[INFO] file_processing_time  : 8.083 sec

[INFO] file_index            : 51/78
[INFO] input_file            : /home/robotics/UOS-RoboStack/submit_buffer3_search/algorithm_results_final_model_selection_sweep/input_sequences/edge_geometry_000.json
[INFO] output_file           : /home/robotics/UOS-RoboStack/submit_buffer3_search/algorithm_results_final_model_selection_sweep/union_adaptive_first_1450/edge_geometry_000.json
[INFO] vis_file              : /home/robotics/UOS-RoboStack/submit_buffer3_search/algorithm_results_final_model_selection_sweep/union_adaptive_first_1450/vis/edge_geometry_000.png
[INFO] total_input_boxes     : 250
[INFO] output_boxes          : 82
[INFO] placed_count          : 82
[INFO] placed_volume         : 0.929835
[INFO] pallet_volume         : 1.500000
[INFO] max_top_height        : 1.223000
[INFO] utilization           : 0.6199
[INFO] utilization_percent   : 61.99%
[INFO] terminated            : True
[INFO] terminated_step       : 82
[INFO] finished_by_user      : False
[INFO] file_processing_time  : 20.887 sec

[INFO] file_index            : 52/78
[INFO] input_file            : /home/robotics/UOS-RoboStack/submit_buffer3_search/algorithm_results_final_model_selection_sweep/input_sequences/edge_geometry_001.json
[INFO] output_file           : /home/robotics/UOS-RoboStack/submit_buffer3_search/algorithm_results_final_model_selection_sweep/union_adaptive_first_1450/edge_geometry_001.json
[INFO] vis_file              : /home/robotics/UOS-RoboStack/submit_buffer3_search/algorithm_results_final_model_selection_sweep/union_adaptive_first_1450/vis/edge_geometry_001.png
[INFO] total_input_boxes     : 250
[INFO] output_boxes          : 66
[INFO] placed_count          : 66
[INFO] placed_volume         : 0.754695
[INFO] pallet_volume         : 1.500000
[INFO] max_top_height        : 1.032500
[INFO] utilization           : 0.5031
[INFO] utilization_percent   : 50.31%
[INFO] terminated            : True
[INFO] terminated_step       : 66
[INFO] finished_by_user      : False
[INFO] file_processing_time  : 4.953 sec

[INFO] file_index            : 53/78
[INFO] input_file            : /home/robotics/UOS-RoboStack/submit_buffer3_search/algorithm_results_final_model_selection_sweep/input_sequences/edge_geometry_002.json
[INFO] output_file           : /home/robotics/UOS-RoboStack/submit_buffer3_search/algorithm_results_final_model_selection_sweep/union_adaptive_first_1450/edge_geometry_002.json
[INFO] vis_file              : /home/robotics/UOS-RoboStack/submit_buffer3_search/algorithm_results_final_model_selection_sweep/union_adaptive_first_1450/vis/edge_geometry_002.png
[INFO] total_input_boxes     : 250
[INFO] output_boxes          : 75
[INFO] placed_count          : 75
[INFO] placed_volume         : 0.872712
[INFO] pallet_volume         : 1.500000
[INFO] max_top_height        : 1.165500
[INFO] utilization           : 0.5818
[INFO] utilization_percent   : 58.18%
[INFO] terminated            : True
[INFO] terminated_step       : 75
[INFO] finished_by_user      : False
[INFO] file_processing_time  : 6.494 sec

[INFO] file_index            : 54/78
[INFO] input_file            : /home/robotics/UOS-RoboStack/submit_buffer3_search/algorithm_results_final_model_selection_sweep/input_sequences/edge_geometry_003.json
[INFO] output_file           : /home/robotics/UOS-RoboStack/submit_buffer3_search/algorithm_results_final_model_selection_sweep/union_adaptive_first_1450/edge_geometry_003.json
[INFO] vis_file              : /home/robotics/UOS-RoboStack/submit_buffer3_search/algorithm_results_final_model_selection_sweep/union_adaptive_first_1450/vis/edge_geometry_003.png
[INFO] total_input_boxes     : 250
[INFO] output_boxes          : 69
[INFO] placed_count          : 69
[INFO] placed_volume         : 0.851661
[INFO] pallet_volume         : 1.500000
[INFO] max_top_height        : 1.196000
[INFO] utilization           : 0.5678
[INFO] utilization_percent   : 56.78%
[INFO] terminated            : True
[INFO] terminated_step       : 69
[INFO] finished_by_user      : False
[INFO] file_processing_time  : 9.098 sec

[INFO] file_index            : 55/78
[INFO] input_file            : /home/robotics/UOS-RoboStack/submit_buffer3_search/algorithm_results_final_model_selection_sweep/input_sequences/edge_geometry_004.json
[INFO] output_file           : /home/robotics/UOS-RoboStack/submit_buffer3_search/algorithm_results_final_model_selection_sweep/union_adaptive_first_1450/edge_geometry_004.json
[INFO] vis_file              : /home/robotics/UOS-RoboStack/submit_buffer3_search/algorithm_results_final_model_selection_sweep/union_adaptive_first_1450/vis/edge_geometry_004.png
[INFO] total_input_boxes     : 250
[INFO] output_boxes          : 67
[INFO] placed_count          : 67
[INFO] placed_volume         : 0.863341
[INFO] pallet_volume         : 1.500000
[INFO] max_top_height        : 1.136500
[INFO] utilization           : 0.5756
[INFO] utilization_percent   : 57.56%
[INFO] terminated            : True
[INFO] terminated_step       : 67
[INFO] finished_by_user      : False
[INFO] file_processing_time  : 5.070 sec

[INFO] file_index            : 56/78
[INFO] input_file            : /home/robotics/UOS-RoboStack/submit_buffer3_search/algorithm_results_final_model_selection_sweep/input_sequences/edge_geometry_005.json
[INFO] output_file           : /home/robotics/UOS-RoboStack/submit_buffer3_search/algorithm_results_final_model_selection_sweep/union_adaptive_first_1450/edge_geometry_005.json
[INFO] vis_file              : /home/robotics/UOS-RoboStack/submit_buffer3_search/algorithm_results_final_model_selection_sweep/union_adaptive_first_1450/vis/edge_geometry_005.png
[INFO] total_input_boxes     : 250
[INFO] output_boxes          : 80
[INFO] placed_count          : 80
[INFO] placed_volume         : 0.901063
[INFO] pallet_volume         : 1.500000
[INFO] max_top_height        : 1.189000
[INFO] utilization           : 0.6007
[INFO] utilization_percent   : 60.07%
[INFO] terminated            : True
[INFO] terminated_step       : 80
[INFO] finished_by_user      : False
[INFO] file_processing_time  : 6.841 sec

[INFO] file_index            : 57/78
[INFO] input_file            : /home/robotics/UOS-RoboStack/submit_buffer3_search/algorithm_results_final_model_selection_sweep/input_sequences/edge_geometry_006.json
[INFO] output_file           : /home/robotics/UOS-RoboStack/submit_buffer3_search/algorithm_results_final_model_selection_sweep/union_adaptive_first_1450/edge_geometry_006.json
[INFO] vis_file              : /home/robotics/UOS-RoboStack/submit_buffer3_search/algorithm_results_final_model_selection_sweep/union_adaptive_first_1450/vis/edge_geometry_006.png
[INFO] total_input_boxes     : 250
[INFO] output_boxes          : 85
[INFO] placed_count          : 85
[INFO] placed_volume         : 0.959080
[INFO] pallet_volume         : 1.500000
[INFO] max_top_height        : 1.197000
[INFO] utilization           : 0.6394
[INFO] utilization_percent   : 63.94%
[INFO] terminated            : True
[INFO] terminated_step       : 85
[INFO] finished_by_user      : False
[INFO] file_processing_time  : 10.038 sec

[INFO] file_index            : 58/78
[INFO] input_file            : /home/robotics/UOS-RoboStack/submit_buffer3_search/algorithm_results_final_model_selection_sweep/input_sequences/edge_geometry_007.json
[INFO] output_file           : /home/robotics/UOS-RoboStack/submit_buffer3_search/algorithm_results_final_model_selection_sweep/union_adaptive_first_1450/edge_geometry_007.json
[INFO] vis_file              : /home/robotics/UOS-RoboStack/submit_buffer3_search/algorithm_results_final_model_selection_sweep/union_adaptive_first_1450/vis/edge_geometry_007.png
[INFO] total_input_boxes     : 250
[INFO] output_boxes          : 81
[INFO] placed_count          : 81
[INFO] placed_volume         : 0.967935
[INFO] pallet_volume         : 1.500000
[INFO] max_top_height        : 1.245500
[INFO] utilization           : 0.6453
[INFO] utilization_percent   : 64.53%
[INFO] terminated            : True
[INFO] terminated_step       : 81
[INFO] finished_by_user      : False
[INFO] file_processing_time  : 12.174 sec

[INFO] file_index            : 59/78
[INFO] input_file            : /home/robotics/UOS-RoboStack/submit_buffer3_search/algorithm_results_final_model_selection_sweep/input_sequences/edge_geometry_008.json
[INFO] output_file           : /home/robotics/UOS-RoboStack/submit_buffer3_search/algorithm_results_final_model_selection_sweep/union_adaptive_first_1450/edge_geometry_008.json
[INFO] vis_file              : /home/robotics/UOS-RoboStack/submit_buffer3_search/algorithm_results_final_model_selection_sweep/union_adaptive_first_1450/vis/edge_geometry_008.png
[INFO] total_input_boxes     : 250
[INFO] output_boxes          : 87
[INFO] placed_count          : 87
[INFO] placed_volume         : 1.040332
[INFO] pallet_volume         : 1.500000
[INFO] max_top_height        : 1.225500
[INFO] utilization           : 0.6936
[INFO] utilization_percent   : 69.36%
[INFO] terminated            : True
[INFO] terminated_step       : 87
[INFO] finished_by_user      : False
[INFO] file_processing_time  : 13.337 sec

[INFO] file_index            : 60/78
[INFO] input_file            : /home/robotics/UOS-RoboStack/submit_buffer3_search/algorithm_results_final_model_selection_sweep/input_sequences/edge_geometry_009.json
[INFO] output_file           : /home/robotics/UOS-RoboStack/submit_buffer3_search/algorithm_results_final_model_selection_sweep/union_adaptive_first_1450/edge_geometry_009.json
[INFO] vis_file              : /home/robotics/UOS-RoboStack/submit_buffer3_search/algorithm_results_final_model_selection_sweep/union_adaptive_first_1450/vis/edge_geometry_009.png
[INFO] total_input_boxes     : 250
[INFO] output_boxes          : 85
[INFO] placed_count          : 85
[INFO] placed_volume         : 1.024113
[INFO] pallet_volume         : 1.500000
[INFO] max_top_height        : 1.218000
[INFO] utilization           : 0.6827
[INFO] utilization_percent   : 68.27%
[INFO] terminated            : True
[INFO] terminated_step       : 85
[INFO] finished_by_user      : False
[INFO] file_processing_time  : 12.601 sec

[INFO] file_index            : 61/78
[INFO] input_file            : /home/robotics/UOS-RoboStack/submit_buffer3_search/algorithm_results_final_model_selection_sweep/input_sequences/large_heavy_000.json
[INFO] output_file           : /home/robotics/UOS-RoboStack/submit_buffer3_search/algorithm_results_final_model_selection_sweep/union_adaptive_first_1450/large_heavy_000.json
[INFO] vis_file              : /home/robotics/UOS-RoboStack/submit_buffer3_search/algorithm_results_final_model_selection_sweep/union_adaptive_first_1450/vis/large_heavy_000.png
[INFO] total_input_boxes     : 250
[INFO] output_boxes          : 50
[INFO] placed_count          : 50
[INFO] placed_volume         : 0.979980
[INFO] pallet_volume         : 1.500000
[INFO] max_top_height        : 1.215500
[INFO] utilization           : 0.6533
[INFO] utilization_percent   : 65.33%
[INFO] terminated            : True
[INFO] terminated_step       : 50
[INFO] finished_by_user      : False
[INFO] file_processing_time  : 3.030 sec

[INFO] file_index            : 62/78
[INFO] input_file            : /home/robotics/UOS-RoboStack/submit_buffer3_search/algorithm_results_final_model_selection_sweep/input_sequences/large_heavy_001.json
[INFO] output_file           : /home/robotics/UOS-RoboStack/submit_buffer3_search/algorithm_results_final_model_selection_sweep/union_adaptive_first_1450/large_heavy_001.json
[INFO] vis_file              : /home/robotics/UOS-RoboStack/submit_buffer3_search/algorithm_results_final_model_selection_sweep/union_adaptive_first_1450/vis/large_heavy_001.png
[INFO] total_input_boxes     : 250
[INFO] output_boxes          : 51
[INFO] placed_count          : 51
[INFO] placed_volume         : 0.996837
[INFO] pallet_volume         : 1.500000
[INFO] max_top_height        : 1.234500
[INFO] utilization           : 0.6646
[INFO] utilization_percent   : 66.46%
[INFO] terminated            : True
[INFO] terminated_step       : 51
[INFO] finished_by_user      : False
[INFO] file_processing_time  : 2.683 sec

[INFO] file_index            : 63/78
[INFO] input_file            : /home/robotics/UOS-RoboStack/submit_buffer3_search/algorithm_results_final_model_selection_sweep/input_sequences/large_heavy_002.json
[INFO] output_file           : /home/robotics/UOS-RoboStack/submit_buffer3_search/algorithm_results_final_model_selection_sweep/union_adaptive_first_1450/large_heavy_002.json
[INFO] vis_file              : /home/robotics/UOS-RoboStack/submit_buffer3_search/algorithm_results_final_model_selection_sweep/union_adaptive_first_1450/vis/large_heavy_002.png
[INFO] total_input_boxes     : 250
[INFO] output_boxes          : 41
[INFO] placed_count          : 41
[INFO] placed_volume         : 0.800604
[INFO] pallet_volume         : 1.500000
[INFO] max_top_height        : 1.180000
[INFO] utilization           : 0.5337
[INFO] utilization_percent   : 53.37%
[INFO] terminated            : True
[INFO] terminated_step       : 41
[INFO] finished_by_user      : False
[INFO] file_processing_time  : 1.823 sec

[INFO] file_index            : 64/78
[INFO] input_file            : /home/robotics/UOS-RoboStack/submit_buffer3_search/algorithm_results_final_model_selection_sweep/input_sequences/large_heavy_003.json
[INFO] output_file           : /home/robotics/UOS-RoboStack/submit_buffer3_search/algorithm_results_final_model_selection_sweep/union_adaptive_first_1450/large_heavy_003.json
[INFO] vis_file              : /home/robotics/UOS-RoboStack/submit_buffer3_search/algorithm_results_final_model_selection_sweep/union_adaptive_first_1450/vis/large_heavy_003.png
[INFO] total_input_boxes     : 250
[INFO] output_boxes          : 57
[INFO] placed_count          : 57
[INFO] placed_volume         : 1.101838
[INFO] pallet_volume         : 1.500000
[INFO] max_top_height        : 1.233000
[INFO] utilization           : 0.7346
[INFO] utilization_percent   : 73.46%
[INFO] terminated            : True
[INFO] terminated_step       : 57
[INFO] finished_by_user      : False
[INFO] file_processing_time  : 3.771 sec

[INFO] file_index            : 65/78
[INFO] input_file            : /home/robotics/UOS-RoboStack/submit_buffer3_search/algorithm_results_final_model_selection_sweep/input_sequences/large_heavy_004.json
[INFO] output_file           : /home/robotics/UOS-RoboStack/submit_buffer3_search/algorithm_results_final_model_selection_sweep/union_adaptive_first_1450/large_heavy_004.json
[INFO] vis_file              : /home/robotics/UOS-RoboStack/submit_buffer3_search/algorithm_results_final_model_selection_sweep/union_adaptive_first_1450/vis/large_heavy_004.png
[INFO] total_input_boxes     : 250
[INFO] output_boxes          : 54
[INFO] placed_count          : 54
[INFO] placed_volume         : 1.069614
[INFO] pallet_volume         : 1.500000
[INFO] max_top_height        : 1.199000
[INFO] utilization           : 0.7131
[INFO] utilization_percent   : 71.31%
[INFO] terminated            : True
[INFO] terminated_step       : 54
[INFO] finished_by_user      : False
[INFO] file_processing_time  : 3.232 sec

[INFO] file_index            : 66/78
[INFO] input_file            : /home/robotics/UOS-RoboStack/submit_buffer3_search/algorithm_results_final_model_selection_sweep/input_sequences/large_heavy_005.json
[INFO] output_file           : /home/robotics/UOS-RoboStack/submit_buffer3_search/algorithm_results_final_model_selection_sweep/union_adaptive_first_1450/large_heavy_005.json
[INFO] vis_file              : /home/robotics/UOS-RoboStack/submit_buffer3_search/algorithm_results_final_model_selection_sweep/union_adaptive_first_1450/vis/large_heavy_005.png
[INFO] total_input_boxes     : 250
[INFO] output_boxes          : 57
[INFO] placed_count          : 57
[INFO] placed_volume         : 1.096830
[INFO] pallet_volume         : 1.500000
[INFO] max_top_height        : 1.222000
[INFO] utilization           : 0.7312
[INFO] utilization_percent   : 73.12%
[INFO] terminated            : True
[INFO] terminated_step       : 57
[INFO] finished_by_user      : False
[INFO] file_processing_time  : 3.202 sec

[INFO] file_index            : 67/78
[INFO] input_file            : /home/robotics/UOS-RoboStack/submit_buffer3_search/algorithm_results_final_model_selection_sweep/input_sequences/small_dense_000.json
[INFO] output_file           : /home/robotics/UOS-RoboStack/submit_buffer3_search/algorithm_results_final_model_selection_sweep/union_adaptive_first_1450/small_dense_000.json
[INFO] vis_file              : /home/robotics/UOS-RoboStack/submit_buffer3_search/algorithm_results_final_model_selection_sweep/union_adaptive_first_1450/vis/small_dense_000.png
[INFO] total_input_boxes     : 250
[INFO] output_boxes          : 130
[INFO] placed_count          : 130
[INFO] placed_volume         : 0.846175
[INFO] pallet_volume         : 1.500000
[INFO] max_top_height        : 1.022500
[INFO] utilization           : 0.5641
[INFO] utilization_percent   : 56.41%
[INFO] terminated            : False
[INFO] terminated_step       : None
[INFO] finished_by_user      : True
[INFO] file_processing_time  : 32.271 sec

[INFO] file_index            : 68/78
[INFO] input_file            : /home/robotics/UOS-RoboStack/submit_buffer3_search/algorithm_results_final_model_selection_sweep/input_sequences/small_dense_001.json
[INFO] output_file           : /home/robotics/UOS-RoboStack/submit_buffer3_search/algorithm_results_final_model_selection_sweep/union_adaptive_first_1450/small_dense_001.json
[INFO] vis_file              : /home/robotics/UOS-RoboStack/submit_buffer3_search/algorithm_results_final_model_selection_sweep/union_adaptive_first_1450/vis/small_dense_001.png
[INFO] total_input_boxes     : 250
[INFO] output_boxes          : 130
[INFO] placed_count          : 130
[INFO] placed_volume         : 0.822846
[INFO] pallet_volume         : 1.500000
[INFO] max_top_height        : 1.242500
[INFO] utilization           : 0.5486
[INFO] utilization_percent   : 54.86%
[INFO] terminated            : False
[INFO] terminated_step       : None
[INFO] finished_by_user      : True
[INFO] file_processing_time  : 51.296 sec

[INFO] file_index            : 69/78
[INFO] input_file            : /home/robotics/UOS-RoboStack/submit_buffer3_search/algorithm_results_final_model_selection_sweep/input_sequences/small_dense_002.json
[INFO] output_file           : /home/robotics/UOS-RoboStack/submit_buffer3_search/algorithm_results_final_model_selection_sweep/union_adaptive_first_1450/small_dense_002.json
[INFO] vis_file              : /home/robotics/UOS-RoboStack/submit_buffer3_search/algorithm_results_final_model_selection_sweep/union_adaptive_first_1450/vis/small_dense_002.png
[INFO] total_input_boxes     : 250
[INFO] output_boxes          : 130
[INFO] placed_count          : 130
[INFO] placed_volume         : 0.812132
[INFO] pallet_volume         : 1.500000
[INFO] max_top_height        : 1.171500
[INFO] utilization           : 0.5414
[INFO] utilization_percent   : 54.14%
[INFO] terminated            : False
[INFO] terminated_step       : None
[INFO] finished_by_user      : True
[INFO] file_processing_time  : 25.647 sec

[INFO] file_index            : 70/78
[INFO] input_file            : /home/robotics/UOS-RoboStack/submit_buffer3_search/algorithm_results_final_model_selection_sweep/input_sequences/small_dense_003.json
[INFO] output_file           : /home/robotics/UOS-RoboStack/submit_buffer3_search/algorithm_results_final_model_selection_sweep/union_adaptive_first_1450/small_dense_003.json
[INFO] vis_file              : /home/robotics/UOS-RoboStack/submit_buffer3_search/algorithm_results_final_model_selection_sweep/union_adaptive_first_1450/vis/small_dense_003.png
[INFO] total_input_boxes     : 250
[INFO] output_boxes          : 130
[INFO] placed_count          : 130
[INFO] placed_volume         : 0.841071
[INFO] pallet_volume         : 1.500000
[INFO] max_top_height        : 1.182000
[INFO] utilization           : 0.5607
[INFO] utilization_percent   : 56.07%
[INFO] terminated            : False
[INFO] terminated_step       : None
[INFO] finished_by_user      : True
[INFO] file_processing_time  : 26.808 sec

[INFO] file_index            : 71/78
[INFO] input_file            : /home/robotics/UOS-RoboStack/submit_buffer3_search/algorithm_results_final_model_selection_sweep/input_sequences/small_dense_004.json
[INFO] output_file           : /home/robotics/UOS-RoboStack/submit_buffer3_search/algorithm_results_final_model_selection_sweep/union_adaptive_first_1450/small_dense_004.json
[INFO] vis_file              : /home/robotics/UOS-RoboStack/submit_buffer3_search/algorithm_results_final_model_selection_sweep/union_adaptive_first_1450/vis/small_dense_004.png
[INFO] total_input_boxes     : 250
[INFO] output_boxes          : 130
[INFO] placed_count          : 130
[INFO] placed_volume         : 0.847488
[INFO] pallet_volume         : 1.500000
[INFO] max_top_height        : 1.194500
[INFO] utilization           : 0.5650
[INFO] utilization_percent   : 56.50%
[INFO] terminated            : False
[INFO] terminated_step       : None
[INFO] finished_by_user      : True
[INFO] file_processing_time  : 34.834 sec

[INFO] file_index            : 72/78
[INFO] input_file            : /home/robotics/UOS-RoboStack/submit_buffer3_search/algorithm_results_final_model_selection_sweep/input_sequences/small_dense_005.json
[INFO] output_file           : /home/robotics/UOS-RoboStack/submit_buffer3_search/algorithm_results_final_model_selection_sweep/union_adaptive_first_1450/small_dense_005.json
[INFO] vis_file              : /home/robotics/UOS-RoboStack/submit_buffer3_search/algorithm_results_final_model_selection_sweep/union_adaptive_first_1450/vis/small_dense_005.png
[INFO] total_input_boxes     : 250
[INFO] output_boxes          : 130
[INFO] placed_count          : 130
[INFO] placed_volume         : 0.810936
[INFO] pallet_volume         : 1.500000
[INFO] max_top_height        : 1.184500
[INFO] utilization           : 0.5406
[INFO] utilization_percent   : 54.06%
[INFO] terminated            : False
[INFO] terminated_step       : None
[INFO] finished_by_user      : True
[INFO] file_processing_time  : 31.343 sec

[INFO] file_index            : 73/78
[INFO] input_file            : /home/robotics/UOS-RoboStack/submit_buffer3_search/algorithm_results_final_model_selection_sweep/input_sequences/switch_5sku_000.json
[INFO] output_file           : /home/robotics/UOS-RoboStack/submit_buffer3_search/algorithm_results_final_model_selection_sweep/union_adaptive_first_1450/switch_5sku_000.json
[INFO] vis_file              : /home/robotics/UOS-RoboStack/submit_buffer3_search/algorithm_results_final_model_selection_sweep/union_adaptive_first_1450/vis/switch_5sku_000.png
[INFO] total_input_boxes     : 250
[INFO] output_boxes          : 79
[INFO] placed_count          : 79
[INFO] placed_volume         : 1.028147
[INFO] pallet_volume         : 1.500000
[INFO] max_top_height        : 1.247000
[INFO] utilization           : 0.6854
[INFO] utilization_percent   : 68.54%
[INFO] terminated            : True
[INFO] terminated_step       : 79
[INFO] finished_by_user      : False
[INFO] file_processing_time  : 6.217 sec

[INFO] file_index            : 74/78
[INFO] input_file            : /home/robotics/UOS-RoboStack/submit_buffer3_search/algorithm_results_final_model_selection_sweep/input_sequences/switch_5sku_001.json
[INFO] output_file           : /home/robotics/UOS-RoboStack/submit_buffer3_search/algorithm_results_final_model_selection_sweep/union_adaptive_first_1450/switch_5sku_001.json
[INFO] vis_file              : /home/robotics/UOS-RoboStack/submit_buffer3_search/algorithm_results_final_model_selection_sweep/union_adaptive_first_1450/vis/switch_5sku_001.png
[INFO] total_input_boxes     : 250
[INFO] output_boxes          : 54
[INFO] placed_count          : 54
[INFO] placed_volume         : 0.655717
[INFO] pallet_volume         : 1.500000
[INFO] max_top_height        : 0.958500
[INFO] utilization           : 0.4371
[INFO] utilization_percent   : 43.71%
[INFO] terminated            : True
[INFO] terminated_step       : 54
[INFO] finished_by_user      : False
[INFO] file_processing_time  : 2.720 sec

[INFO] file_index            : 75/78
[INFO] input_file            : /home/robotics/UOS-RoboStack/submit_buffer3_search/algorithm_results_final_model_selection_sweep/input_sequences/switch_5sku_002.json
[INFO] output_file           : /home/robotics/UOS-RoboStack/submit_buffer3_search/algorithm_results_final_model_selection_sweep/union_adaptive_first_1450/switch_5sku_002.json
[INFO] vis_file              : /home/robotics/UOS-RoboStack/submit_buffer3_search/algorithm_results_final_model_selection_sweep/union_adaptive_first_1450/vis/switch_5sku_002.png
[INFO] total_input_boxes     : 250
[INFO] output_boxes          : 72
[INFO] placed_count          : 72
[INFO] placed_volume         : 0.948458
[INFO] pallet_volume         : 1.500000
[INFO] max_top_height        : 1.232000
[INFO] utilization           : 0.6323
[INFO] utilization_percent   : 63.23%
[INFO] terminated            : True
[INFO] terminated_step       : 72
[INFO] finished_by_user      : False
[INFO] file_processing_time  : 4.408 sec

[INFO] file_index            : 76/78
[INFO] input_file            : /home/robotics/UOS-RoboStack/submit_buffer3_search/algorithm_results_final_model_selection_sweep/input_sequences/switch_5sku_003.json
[INFO] output_file           : /home/robotics/UOS-RoboStack/submit_buffer3_search/algorithm_results_final_model_selection_sweep/union_adaptive_first_1450/switch_5sku_003.json
[INFO] vis_file              : /home/robotics/UOS-RoboStack/submit_buffer3_search/algorithm_results_final_model_selection_sweep/union_adaptive_first_1450/vis/switch_5sku_003.png
[INFO] total_input_boxes     : 250
[INFO] output_boxes          : 77
[INFO] placed_count          : 77
[INFO] placed_volume         : 1.008345
[INFO] pallet_volume         : 1.500000
[INFO] max_top_height        : 1.220000
[INFO] utilization           : 0.6722
[INFO] utilization_percent   : 67.22%
[INFO] terminated            : True
[INFO] terminated_step       : 77
[INFO] finished_by_user      : False
[INFO] file_processing_time  : 4.509 sec

[INFO] file_index            : 77/78
[INFO] input_file            : /home/robotics/UOS-RoboStack/submit_buffer3_search/algorithm_results_final_model_selection_sweep/input_sequences/switch_5sku_004.json
[INFO] output_file           : /home/robotics/UOS-RoboStack/submit_buffer3_search/algorithm_results_final_model_selection_sweep/union_adaptive_first_1450/switch_5sku_004.json
[INFO] vis_file              : /home/robotics/UOS-RoboStack/submit_buffer3_search/algorithm_results_final_model_selection_sweep/union_adaptive_first_1450/vis/switch_5sku_004.png
[INFO] total_input_boxes     : 250
[INFO] output_boxes          : 73
[INFO] placed_count          : 73
[INFO] placed_volume         : 0.915167
[INFO] pallet_volume         : 1.500000
[INFO] max_top_height        : 1.147000
[INFO] utilization           : 0.6101
[INFO] utilization_percent   : 61.01%
[INFO] terminated            : True
[INFO] terminated_step       : 73
[INFO] finished_by_user      : False
[INFO] file_processing_time  : 4.495 sec

[INFO] file_index            : 78/78
[INFO] input_file            : /home/robotics/UOS-RoboStack/submit_buffer3_search/algorithm_results_final_model_selection_sweep/input_sequences/switch_5sku_005.json
[INFO] output_file           : /home/robotics/UOS-RoboStack/submit_buffer3_search/algorithm_results_final_model_selection_sweep/union_adaptive_first_1450/switch_5sku_005.json
[INFO] vis_file              : /home/robotics/UOS-RoboStack/submit_buffer3_search/algorithm_results_final_model_selection_sweep/union_adaptive_first_1450/vis/switch_5sku_005.png
[INFO] total_input_boxes     : 250
[INFO] output_boxes          : 81
[INFO] placed_count          : 81
[INFO] placed_volume         : 1.044532
[INFO] pallet_volume         : 1.500000
[INFO] max_top_height        : 1.213500
[INFO] utilization           : 0.6964
[INFO] utilization_percent   : 69.64%
[INFO] terminated            : True
[INFO] terminated_step       : 81
[INFO] finished_by_user      : False
[INFO] file_processing_time  : 4.360 sec

===================================================
[INFO] ALL FILES SUMMARY
===================================================
[INFO] total_input_files      : 78
[INFO] total_input_boxes      : 19500
[INFO] total_output_boxes     : 6526
[INFO] total_placed_volume    : 75.441325
[INFO] files_processing_time  : 832.765 sec
[INFO] total_processing_time  : 832.796 sec
