[INFO] input_path            : /home/robotics/UOS-RoboStack/submit_buffer3_search/algorithm_results_final_model_selection_sweep/input_sequences
[INFO] output_dir            : /home/robotics/UOS-RoboStack/submit_buffer3_search/algorithm_results_final_model_selection_sweep/union_fallback_first_best
[INFO] buffer_size           : 0
[INFO] pallet_length         : 1.2
[INFO] pallet_width          : 1.0
[INFO] pallet_height         : 1.25
[INFO] allow_rotation        : True
[INFO] total_input_files     : 78

[INFO] file_index            : 1/78
[INFO] input_file            : /home/robotics/UOS-RoboStack/submit_buffer3_search/algorithm_results_final_model_selection_sweep/input_sequences/continuous_iid_000.json
[INFO] output_file           : /home/robotics/UOS-RoboStack/submit_buffer3_search/algorithm_results_final_model_selection_sweep/union_fallback_first_best/continuous_iid_000.json
[INFO] vis_file              : /home/robotics/UOS-RoboStack/submit_buffer3_search/algorithm_results_final_model_selection_sweep/union_fallback_first_best/vis/continuous_iid_000.png
[INFO] total_input_boxes     : 250
[INFO] output_boxes          : 75
[INFO] placed_count          : 75
[INFO] placed_volume         : 0.891436
[INFO] pallet_volume         : 1.500000
[INFO] max_top_height        : 1.246000
[INFO] utilization           : 0.5943
[INFO] utilization_percent   : 59.43%
[INFO] terminated            : True
[INFO] terminated_step       : 75
[INFO] finished_by_user      : False
[INFO] file_processing_time  : 7.383 sec

[INFO] file_index            : 2/78
[INFO] input_file            : /home/robotics/UOS-RoboStack/submit_buffer3_search/algorithm_results_final_model_selection_sweep/input_sequences/continuous_iid_001.json
[INFO] output_file           : /home/robotics/UOS-RoboStack/submit_buffer3_search/algorithm_results_final_model_selection_sweep/union_fallback_first_best/continuous_iid_001.json
[INFO] vis_file              : /home/robotics/UOS-RoboStack/submit_buffer3_search/algorithm_results_final_model_selection_sweep/union_fallback_first_best/vis/continuous_iid_001.png
[INFO] total_input_boxes     : 250
[INFO] output_boxes          : 84
[INFO] placed_count          : 84
[INFO] placed_volume         : 0.925491
[INFO] pallet_volume         : 1.500000
[INFO] max_top_height        : 1.228500
[INFO] utilization           : 0.6170
[INFO] utilization_percent   : 61.70%
[INFO] terminated            : True
[INFO] terminated_step       : 84
[INFO] finished_by_user      : False
[INFO] file_processing_time  : 7.279 sec

[INFO] file_index            : 3/78
[INFO] input_file            : /home/robotics/UOS-RoboStack/submit_buffer3_search/algorithm_results_final_model_selection_sweep/input_sequences/continuous_iid_002.json
[INFO] output_file           : /home/robotics/UOS-RoboStack/submit_buffer3_search/algorithm_results_final_model_selection_sweep/union_fallback_first_best/continuous_iid_002.json
[INFO] vis_file              : /home/robotics/UOS-RoboStack/submit_buffer3_search/algorithm_results_final_model_selection_sweep/union_fallback_first_best/vis/continuous_iid_002.png
[INFO] total_input_boxes     : 250
[INFO] output_boxes          : 81
[INFO] placed_count          : 81
[INFO] placed_volume         : 0.958678
[INFO] pallet_volume         : 1.500000
[INFO] max_top_height        : 1.246000
[INFO] utilization           : 0.6391
[INFO] utilization_percent   : 63.91%
[INFO] terminated            : True
[INFO] terminated_step       : 81
[INFO] finished_by_user      : False
[INFO] file_processing_time  : 8.162 sec

[INFO] file_index            : 4/78
[INFO] input_file            : /home/robotics/UOS-RoboStack/submit_buffer3_search/algorithm_results_final_model_selection_sweep/input_sequences/continuous_iid_003.json
[INFO] output_file           : /home/robotics/UOS-RoboStack/submit_buffer3_search/algorithm_results_final_model_selection_sweep/union_fallback_first_best/continuous_iid_003.json
[INFO] vis_file              : /home/robotics/UOS-RoboStack/submit_buffer3_search/algorithm_results_final_model_selection_sweep/union_fallback_first_best/vis/continuous_iid_003.png
[INFO] total_input_boxes     : 250
[INFO] output_boxes          : 81
[INFO] placed_count          : 81
[INFO] placed_volume         : 0.989081
[INFO] pallet_volume         : 1.500000
[INFO] max_top_height        : 1.230000
[INFO] utilization           : 0.6594
[INFO] utilization_percent   : 65.94%
[INFO] terminated            : True
[INFO] terminated_step       : 81
[INFO] finished_by_user      : False
[INFO] file_processing_time  : 8.398 sec

[INFO] file_index            : 5/78
[INFO] input_file            : /home/robotics/UOS-RoboStack/submit_buffer3_search/algorithm_results_final_model_selection_sweep/input_sequences/continuous_iid_004.json
[INFO] output_file           : /home/robotics/UOS-RoboStack/submit_buffer3_search/algorithm_results_final_model_selection_sweep/union_fallback_first_best/continuous_iid_004.json
[INFO] vis_file              : /home/robotics/UOS-RoboStack/submit_buffer3_search/algorithm_results_final_model_selection_sweep/union_fallback_first_best/vis/continuous_iid_004.png
[INFO] total_input_boxes     : 250
[INFO] output_boxes          : 93
[INFO] placed_count          : 93
[INFO] placed_volume         : 1.025232
[INFO] pallet_volume         : 1.500000
[INFO] max_top_height        : 1.244500
[INFO] utilization           : 0.6835
[INFO] utilization_percent   : 68.35%
[INFO] terminated            : True
[INFO] terminated_step       : 93
[INFO] finished_by_user      : False
[INFO] file_processing_time  : 9.863 sec

[INFO] file_index            : 6/78
[INFO] input_file            : /home/robotics/UOS-RoboStack/submit_buffer3_search/algorithm_results_final_model_selection_sweep/input_sequences/continuous_iid_005.json
[INFO] output_file           : /home/robotics/UOS-RoboStack/submit_buffer3_search/algorithm_results_final_model_selection_sweep/union_fallback_first_best/continuous_iid_005.json
[INFO] vis_file              : /home/robotics/UOS-RoboStack/submit_buffer3_search/algorithm_results_final_model_selection_sweep/union_fallback_first_best/vis/continuous_iid_005.png
[INFO] total_input_boxes     : 250
[INFO] output_boxes          : 88
[INFO] placed_count          : 88
[INFO] placed_volume         : 1.043039
[INFO] pallet_volume         : 1.500000
[INFO] max_top_height        : 1.244500
[INFO] utilization           : 0.6954
[INFO] utilization_percent   : 69.54%
[INFO] terminated            : True
[INFO] terminated_step       : 88
[INFO] finished_by_user      : False
[INFO] file_processing_time  : 7.907 sec

[INFO] file_index            : 7/78
[INFO] input_file            : /home/robotics/UOS-RoboStack/submit_buffer3_search/algorithm_results_final_model_selection_sweep/input_sequences/continuous_iid_006.json
[INFO] output_file           : /home/robotics/UOS-RoboStack/submit_buffer3_search/algorithm_results_final_model_selection_sweep/union_fallback_first_best/continuous_iid_006.json
[INFO] vis_file              : /home/robotics/UOS-RoboStack/submit_buffer3_search/algorithm_results_final_model_selection_sweep/union_fallback_first_best/vis/continuous_iid_006.png
[INFO] total_input_boxes     : 250
[INFO] output_boxes          : 88
[INFO] placed_count          : 88
[INFO] placed_volume         : 1.069969
[INFO] pallet_volume         : 1.500000
[INFO] max_top_height        : 1.247500
[INFO] utilization           : 0.7133
[INFO] utilization_percent   : 71.33%
[INFO] terminated            : True
[INFO] terminated_step       : 88
[INFO] finished_by_user      : False
[INFO] file_processing_time  : 6.329 sec

[INFO] file_index            : 8/78
[INFO] input_file            : /home/robotics/UOS-RoboStack/submit_buffer3_search/algorithm_results_final_model_selection_sweep/input_sequences/continuous_iid_007.json
[INFO] output_file           : /home/robotics/UOS-RoboStack/submit_buffer3_search/algorithm_results_final_model_selection_sweep/union_fallback_first_best/continuous_iid_007.json
[INFO] vis_file              : /home/robotics/UOS-RoboStack/submit_buffer3_search/algorithm_results_final_model_selection_sweep/union_fallback_first_best/vis/continuous_iid_007.png
[INFO] total_input_boxes     : 250
[INFO] output_boxes          : 78
[INFO] placed_count          : 78
[INFO] placed_volume         : 0.939494
[INFO] pallet_volume         : 1.500000
[INFO] max_top_height        : 1.248000
[INFO] utilization           : 0.6263
[INFO] utilization_percent   : 62.63%
[INFO] terminated            : True
[INFO] terminated_step       : 78
[INFO] finished_by_user      : False
[INFO] file_processing_time  : 6.809 sec

[INFO] file_index            : 9/78
[INFO] input_file            : /home/robotics/UOS-RoboStack/submit_buffer3_search/algorithm_results_final_model_selection_sweep/input_sequences/continuous_iid_008.json
[INFO] output_file           : /home/robotics/UOS-RoboStack/submit_buffer3_search/algorithm_results_final_model_selection_sweep/union_fallback_first_best/continuous_iid_008.json
[INFO] vis_file              : /home/robotics/UOS-RoboStack/submit_buffer3_search/algorithm_results_final_model_selection_sweep/union_fallback_first_best/vis/continuous_iid_008.png
[INFO] total_input_boxes     : 250
[INFO] output_boxes          : 85
[INFO] placed_count          : 85
[INFO] placed_volume         : 1.006372
[INFO] pallet_volume         : 1.500000
[INFO] max_top_height        : 1.247000
[INFO] utilization           : 0.6709
[INFO] utilization_percent   : 67.09%
[INFO] terminated            : True
[INFO] terminated_step       : 85
[INFO] finished_by_user      : False
[INFO] file_processing_time  : 8.039 sec

[INFO] file_index            : 10/78
[INFO] input_file            : /home/robotics/UOS-RoboStack/submit_buffer3_search/algorithm_results_final_model_selection_sweep/input_sequences/continuous_iid_009.json
[INFO] output_file           : /home/robotics/UOS-RoboStack/submit_buffer3_search/algorithm_results_final_model_selection_sweep/union_fallback_first_best/continuous_iid_009.json
[INFO] vis_file              : /home/robotics/UOS-RoboStack/submit_buffer3_search/algorithm_results_final_model_selection_sweep/union_fallback_first_best/vis/continuous_iid_009.png
[INFO] total_input_boxes     : 250
[INFO] output_boxes          : 85
[INFO] placed_count          : 85
[INFO] placed_volume         : 0.962269
[INFO] pallet_volume         : 1.500000
[INFO] max_top_height        : 1.240500
[INFO] utilization           : 0.6415
[INFO] utilization_percent   : 64.15%
[INFO] terminated            : True
[INFO] terminated_step       : 85
[INFO] finished_by_user      : False
[INFO] file_processing_time  : 8.187 sec

[INFO] file_index            : 11/78
[INFO] input_file            : /home/robotics/UOS-RoboStack/submit_buffer3_search/algorithm_results_final_model_selection_sweep/input_sequences/continuous_iid_010.json
[INFO] output_file           : /home/robotics/UOS-RoboStack/submit_buffer3_search/algorithm_results_final_model_selection_sweep/union_fallback_first_best/continuous_iid_010.json
[INFO] vis_file              : /home/robotics/UOS-RoboStack/submit_buffer3_search/algorithm_results_final_model_selection_sweep/union_fallback_first_best/vis/continuous_iid_010.png
[INFO] total_input_boxes     : 250
[INFO] output_boxes          : 80
[INFO] placed_count          : 80
[INFO] placed_volume         : 0.961540
[INFO] pallet_volume         : 1.500000
[INFO] max_top_height        : 1.243500
[INFO] utilization           : 0.6410
[INFO] utilization_percent   : 64.10%
[INFO] terminated            : True
[INFO] terminated_step       : 80
[INFO] finished_by_user      : False
[INFO] file_processing_time  : 8.144 sec

[INFO] file_index            : 12/78
[INFO] input_file            : /home/robotics/UOS-RoboStack/submit_buffer3_search/algorithm_results_final_model_selection_sweep/input_sequences/continuous_iid_011.json
[INFO] output_file           : /home/robotics/UOS-RoboStack/submit_buffer3_search/algorithm_results_final_model_selection_sweep/union_fallback_first_best/continuous_iid_011.json
[INFO] vis_file              : /home/robotics/UOS-RoboStack/submit_buffer3_search/algorithm_results_final_model_selection_sweep/union_fallback_first_best/vis/continuous_iid_011.png
[INFO] total_input_boxes     : 250
[INFO] output_boxes          : 72
[INFO] placed_count          : 72
[INFO] placed_volume         : 0.832952
[INFO] pallet_volume         : 1.500000
[INFO] max_top_height        : 1.180500
[INFO] utilization           : 0.5553
[INFO] utilization_percent   : 55.53%
[INFO] terminated            : True
[INFO] terminated_step       : 72
[INFO] finished_by_user      : False
[INFO] file_processing_time  : 7.244 sec

[INFO] file_index            : 13/78
[INFO] input_file            : /home/robotics/UOS-RoboStack/submit_buffer3_search/algorithm_results_final_model_selection_sweep/input_sequences/continuous_iid_012.json
[INFO] output_file           : /home/robotics/UOS-RoboStack/submit_buffer3_search/algorithm_results_final_model_selection_sweep/union_fallback_first_best/continuous_iid_012.json
[INFO] vis_file              : /home/robotics/UOS-RoboStack/submit_buffer3_search/algorithm_results_final_model_selection_sweep/union_fallback_first_best/vis/continuous_iid_012.png
[INFO] total_input_boxes     : 250
[INFO] output_boxes          : 93
[INFO] placed_count          : 93
[INFO] placed_volume         : 1.039735
[INFO] pallet_volume         : 1.500000
[INFO] max_top_height        : 1.248000
[INFO] utilization           : 0.6932
[INFO] utilization_percent   : 69.32%
[INFO] terminated            : True
[INFO] terminated_step       : 93
[INFO] finished_by_user      : False
[INFO] file_processing_time  : 9.674 sec

[INFO] file_index            : 14/78
[INFO] input_file            : /home/robotics/UOS-RoboStack/submit_buffer3_search/algorithm_results_final_model_selection_sweep/input_sequences/continuous_iid_013.json
[INFO] output_file           : /home/robotics/UOS-RoboStack/submit_buffer3_search/algorithm_results_final_model_selection_sweep/union_fallback_first_best/continuous_iid_013.json
[INFO] vis_file              : /home/robotics/UOS-RoboStack/submit_buffer3_search/algorithm_results_final_model_selection_sweep/union_fallback_first_best/vis/continuous_iid_013.png
[INFO] total_input_boxes     : 250
[INFO] output_boxes          : 86
[INFO] placed_count          : 86
[INFO] placed_volume         : 0.999419
[INFO] pallet_volume         : 1.500000
[INFO] max_top_height        : 1.230000
[INFO] utilization           : 0.6663
[INFO] utilization_percent   : 66.63%
[INFO] terminated            : True
[INFO] terminated_step       : 86
[INFO] finished_by_user      : False
[INFO] file_processing_time  : 10.647 sec

[INFO] file_index            : 15/78
[INFO] input_file            : /home/robotics/UOS-RoboStack/submit_buffer3_search/algorithm_results_final_model_selection_sweep/input_sequences/continuous_iid_014.json
[INFO] output_file           : /home/robotics/UOS-RoboStack/submit_buffer3_search/algorithm_results_final_model_selection_sweep/union_fallback_first_best/continuous_iid_014.json
[INFO] vis_file              : /home/robotics/UOS-RoboStack/submit_buffer3_search/algorithm_results_final_model_selection_sweep/union_fallback_first_best/vis/continuous_iid_014.png
[INFO] total_input_boxes     : 250
[INFO] output_boxes          : 85
[INFO] placed_count          : 85
[INFO] placed_volume         : 1.012634
[INFO] pallet_volume         : 1.500000
[INFO] max_top_height        : 1.250000
[INFO] utilization           : 0.6751
[INFO] utilization_percent   : 67.51%
[INFO] terminated            : True
[INFO] terminated_step       : 85
[INFO] finished_by_user      : False
[INFO] file_processing_time  : 10.790 sec

[INFO] file_index            : 16/78
[INFO] input_file            : /home/robotics/UOS-RoboStack/submit_buffer3_search/algorithm_results_final_model_selection_sweep/input_sequences/continuous_iid_015.json
[INFO] output_file           : /home/robotics/UOS-RoboStack/submit_buffer3_search/algorithm_results_final_model_selection_sweep/union_fallback_first_best/continuous_iid_015.json
[INFO] vis_file              : /home/robotics/UOS-RoboStack/submit_buffer3_search/algorithm_results_final_model_selection_sweep/union_fallback_first_best/vis/continuous_iid_015.png
[INFO] total_input_boxes     : 250
[INFO] output_boxes          : 79
[INFO] placed_count          : 79
[INFO] placed_volume         : 0.939825
[INFO] pallet_volume         : 1.500000
[INFO] max_top_height        : 1.196500
[INFO] utilization           : 0.6265
[INFO] utilization_percent   : 62.65%
[INFO] terminated            : True
[INFO] terminated_step       : 79
[INFO] finished_by_user      : False
[INFO] file_processing_time  : 11.152 sec

[INFO] file_index            : 17/78
[INFO] input_file            : /home/robotics/UOS-RoboStack/submit_buffer3_search/algorithm_results_final_model_selection_sweep/input_sequences/continuous_iid_016.json
[INFO] output_file           : /home/robotics/UOS-RoboStack/submit_buffer3_search/algorithm_results_final_model_selection_sweep/union_fallback_first_best/continuous_iid_016.json
[INFO] vis_file              : /home/robotics/UOS-RoboStack/submit_buffer3_search/algorithm_results_final_model_selection_sweep/union_fallback_first_best/vis/continuous_iid_016.png
[INFO] total_input_boxes     : 250
[INFO] output_boxes          : 80
[INFO] placed_count          : 80
[INFO] placed_volume         : 0.963111
[INFO] pallet_volume         : 1.500000
[INFO] max_top_height        : 1.233000
[INFO] utilization           : 0.6421
[INFO] utilization_percent   : 64.21%
[INFO] terminated            : True
[INFO] terminated_step       : 80
[INFO] finished_by_user      : False
[INFO] file_processing_time  : 6.640 sec

[INFO] file_index            : 18/78
[INFO] input_file            : /home/robotics/UOS-RoboStack/submit_buffer3_search/algorithm_results_final_model_selection_sweep/input_sequences/continuous_iid_017.json
[INFO] output_file           : /home/robotics/UOS-RoboStack/submit_buffer3_search/algorithm_results_final_model_selection_sweep/union_fallback_first_best/continuous_iid_017.json
[INFO] vis_file              : /home/robotics/UOS-RoboStack/submit_buffer3_search/algorithm_results_final_model_selection_sweep/union_fallback_first_best/vis/continuous_iid_017.png
[INFO] total_input_boxes     : 250
[INFO] output_boxes          : 92
[INFO] placed_count          : 92
[INFO] placed_volume         : 1.059250
[INFO] pallet_volume         : 1.500000
[INFO] max_top_height        : 1.240500
[INFO] utilization           : 0.7062
[INFO] utilization_percent   : 70.62%
[INFO] terminated            : True
[INFO] terminated_step       : 92
[INFO] finished_by_user      : False
[INFO] file_processing_time  : 9.122 sec

[INFO] file_index            : 19/78
[INFO] input_file            : /home/robotics/UOS-RoboStack/submit_buffer3_search/algorithm_results_final_model_selection_sweep/input_sequences/continuous_iid_018.json
[INFO] output_file           : /home/robotics/UOS-RoboStack/submit_buffer3_search/algorithm_results_final_model_selection_sweep/union_fallback_first_best/continuous_iid_018.json
[INFO] vis_file              : /home/robotics/UOS-RoboStack/submit_buffer3_search/algorithm_results_final_model_selection_sweep/union_fallback_first_best/vis/continuous_iid_018.png
[INFO] total_input_boxes     : 250
[INFO] output_boxes          : 87
[INFO] placed_count          : 87
[INFO] placed_volume         : 1.018443
[INFO] pallet_volume         : 1.500000
[INFO] max_top_height        : 1.218500
[INFO] utilization           : 0.6790
[INFO] utilization_percent   : 67.90%
[INFO] terminated            : True
[INFO] terminated_step       : 87
[INFO] finished_by_user      : False
[INFO] file_processing_time  : 9.731 sec

[INFO] file_index            : 20/78
[INFO] input_file            : /home/robotics/UOS-RoboStack/submit_buffer3_search/algorithm_results_final_model_selection_sweep/input_sequences/continuous_iid_019.json
[INFO] output_file           : /home/robotics/UOS-RoboStack/submit_buffer3_search/algorithm_results_final_model_selection_sweep/union_fallback_first_best/continuous_iid_019.json
[INFO] vis_file              : /home/robotics/UOS-RoboStack/submit_buffer3_search/algorithm_results_final_model_selection_sweep/union_fallback_first_best/vis/continuous_iid_019.png
[INFO] total_input_boxes     : 250
[INFO] output_boxes          : 85
[INFO] placed_count          : 85
[INFO] placed_volume         : 1.032076
[INFO] pallet_volume         : 1.500000
[INFO] max_top_height        : 1.246000
[INFO] utilization           : 0.6881
[INFO] utilization_percent   : 68.81%
[INFO] terminated            : True
[INFO] terminated_step       : 85
[INFO] finished_by_user      : False
[INFO] file_processing_time  : 6.194 sec

[INFO] file_index            : 21/78
[INFO] input_file            : /home/robotics/UOS-RoboStack/submit_buffer3_search/algorithm_results_final_model_selection_sweep/input_sequences/continuous_iid_020.json
[INFO] output_file           : /home/robotics/UOS-RoboStack/submit_buffer3_search/algorithm_results_final_model_selection_sweep/union_fallback_first_best/continuous_iid_020.json
[INFO] vis_file              : /home/robotics/UOS-RoboStack/submit_buffer3_search/algorithm_results_final_model_selection_sweep/union_fallback_first_best/vis/continuous_iid_020.png
[INFO] total_input_boxes     : 250
[INFO] output_boxes          : 85
[INFO] placed_count          : 85
[INFO] placed_volume         : 1.028778
[INFO] pallet_volume         : 1.500000
[INFO] max_top_height        : 1.246500
[INFO] utilization           : 0.6859
[INFO] utilization_percent   : 68.59%
[INFO] terminated            : True
[INFO] terminated_step       : 85
[INFO] finished_by_user      : False
[INFO] file_processing_time  : 8.708 sec

[INFO] file_index            : 22/78
[INFO] input_file            : /home/robotics/UOS-RoboStack/submit_buffer3_search/algorithm_results_final_model_selection_sweep/input_sequences/continuous_iid_021.json
[INFO] output_file           : /home/robotics/UOS-RoboStack/submit_buffer3_search/algorithm_results_final_model_selection_sweep/union_fallback_first_best/continuous_iid_021.json
[INFO] vis_file              : /home/robotics/UOS-RoboStack/submit_buffer3_search/algorithm_results_final_model_selection_sweep/union_fallback_first_best/vis/continuous_iid_021.png
[INFO] total_input_boxes     : 250
[INFO] output_boxes          : 84
[INFO] placed_count          : 84
[INFO] placed_volume         : 0.951801
[INFO] pallet_volume         : 1.500000
[INFO] max_top_height        : 1.241500
[INFO] utilization           : 0.6345
[INFO] utilization_percent   : 63.45%
[INFO] terminated            : True
[INFO] terminated_step       : 84
[INFO] finished_by_user      : False
[INFO] file_processing_time  : 12.430 sec

[INFO] file_index            : 23/78
[INFO] input_file            : /home/robotics/UOS-RoboStack/submit_buffer3_search/algorithm_results_final_model_selection_sweep/input_sequences/continuous_iid_022.json
[INFO] output_file           : /home/robotics/UOS-RoboStack/submit_buffer3_search/algorithm_results_final_model_selection_sweep/union_fallback_first_best/continuous_iid_022.json
[INFO] vis_file              : /home/robotics/UOS-RoboStack/submit_buffer3_search/algorithm_results_final_model_selection_sweep/union_fallback_first_best/vis/continuous_iid_022.png
[INFO] total_input_boxes     : 250
[INFO] output_boxes          : 80
[INFO] placed_count          : 80
[INFO] placed_volume         : 0.923199
[INFO] pallet_volume         : 1.500000
[INFO] max_top_height        : 1.241500
[INFO] utilization           : 0.6155
[INFO] utilization_percent   : 61.55%
[INFO] terminated            : True
[INFO] terminated_step       : 80
[INFO] finished_by_user      : False
[INFO] file_processing_time  : 9.811 sec

[INFO] file_index            : 24/78
[INFO] input_file            : /home/robotics/UOS-RoboStack/submit_buffer3_search/algorithm_results_final_model_selection_sweep/input_sequences/continuous_iid_023.json
[INFO] output_file           : /home/robotics/UOS-RoboStack/submit_buffer3_search/algorithm_results_final_model_selection_sweep/union_fallback_first_best/continuous_iid_023.json
[INFO] vis_file              : /home/robotics/UOS-RoboStack/submit_buffer3_search/algorithm_results_final_model_selection_sweep/union_fallback_first_best/vis/continuous_iid_023.png
[INFO] total_input_boxes     : 250
[INFO] output_boxes          : 72
[INFO] placed_count          : 72
[INFO] placed_volume         : 0.848741
[INFO] pallet_volume         : 1.500000
[INFO] max_top_height        : 1.223500
[INFO] utilization           : 0.5658
[INFO] utilization_percent   : 56.58%
[INFO] terminated            : True
[INFO] terminated_step       : 72
[INFO] finished_by_user      : False
[INFO] file_processing_time  : 6.791 sec

[INFO] file_index            : 25/78
[INFO] input_file            : /home/robotics/UOS-RoboStack/submit_buffer3_search/algorithm_results_final_model_selection_sweep/input_sequences/continuous_iid_024.json
[INFO] output_file           : /home/robotics/UOS-RoboStack/submit_buffer3_search/algorithm_results_final_model_selection_sweep/union_fallback_first_best/continuous_iid_024.json
[INFO] vis_file              : /home/robotics/UOS-RoboStack/submit_buffer3_search/algorithm_results_final_model_selection_sweep/union_fallback_first_best/vis/continuous_iid_024.png
[INFO] total_input_boxes     : 250
[INFO] output_boxes          : 74
[INFO] placed_count          : 74
[INFO] placed_volume         : 0.840051
[INFO] pallet_volume         : 1.500000
[INFO] max_top_height        : 1.218500
[INFO] utilization           : 0.5600
[INFO] utilization_percent   : 56.00%
[INFO] terminated            : True
[INFO] terminated_step       : 74
[INFO] finished_by_user      : False
[INFO] file_processing_time  : 6.361 sec

[INFO] file_index            : 26/78
[INFO] input_file            : /home/robotics/UOS-RoboStack/submit_buffer3_search/algorithm_results_final_model_selection_sweep/input_sequences/continuous_iid_025.json
[INFO] output_file           : /home/robotics/UOS-RoboStack/submit_buffer3_search/algorithm_results_final_model_selection_sweep/union_fallback_first_best/continuous_iid_025.json
[INFO] vis_file              : /home/robotics/UOS-RoboStack/submit_buffer3_search/algorithm_results_final_model_selection_sweep/union_fallback_first_best/vis/continuous_iid_025.png
[INFO] total_input_boxes     : 250
[INFO] output_boxes          : 89
[INFO] placed_count          : 89
[INFO] placed_volume         : 1.019060
[INFO] pallet_volume         : 1.500000
[INFO] max_top_height        : 1.237000
[INFO] utilization           : 0.6794
[INFO] utilization_percent   : 67.94%
[INFO] terminated            : True
[INFO] terminated_step       : 89
[INFO] finished_by_user      : False
[INFO] file_processing_time  : 12.984 sec

[INFO] file_index            : 27/78
[INFO] input_file            : /home/robotics/UOS-RoboStack/submit_buffer3_search/algorithm_results_final_model_selection_sweep/input_sequences/continuous_iid_026.json
[INFO] output_file           : /home/robotics/UOS-RoboStack/submit_buffer3_search/algorithm_results_final_model_selection_sweep/union_fallback_first_best/continuous_iid_026.json
[INFO] vis_file              : /home/robotics/UOS-RoboStack/submit_buffer3_search/algorithm_results_final_model_selection_sweep/union_fallback_first_best/vis/continuous_iid_026.png
[INFO] total_input_boxes     : 250
[INFO] output_boxes          : 91
[INFO] placed_count          : 91
[INFO] placed_volume         : 1.025534
[INFO] pallet_volume         : 1.500000
[INFO] max_top_height        : 1.238000
[INFO] utilization           : 0.6837
[INFO] utilization_percent   : 68.37%
[INFO] terminated            : True
[INFO] terminated_step       : 91
[INFO] finished_by_user      : False
[INFO] file_processing_time  : 11.707 sec

[INFO] file_index            : 28/78
[INFO] input_file            : /home/robotics/UOS-RoboStack/submit_buffer3_search/algorithm_results_final_model_selection_sweep/input_sequences/continuous_iid_027.json
[INFO] output_file           : /home/robotics/UOS-RoboStack/submit_buffer3_search/algorithm_results_final_model_selection_sweep/union_fallback_first_best/continuous_iid_027.json
[INFO] vis_file              : /home/robotics/UOS-RoboStack/submit_buffer3_search/algorithm_results_final_model_selection_sweep/union_fallback_first_best/vis/continuous_iid_027.png
[INFO] total_input_boxes     : 250
[INFO] output_boxes          : 86
[INFO] placed_count          : 86
[INFO] placed_volume         : 0.997392
[INFO] pallet_volume         : 1.500000
[INFO] max_top_height        : 1.235500
[INFO] utilization           : 0.6649
[INFO] utilization_percent   : 66.49%
[INFO] terminated            : True
[INFO] terminated_step       : 86
[INFO] finished_by_user      : False
[INFO] file_processing_time  : 8.351 sec

[INFO] file_index            : 29/78
[INFO] input_file            : /home/robotics/UOS-RoboStack/submit_buffer3_search/algorithm_results_final_model_selection_sweep/input_sequences/continuous_iid_028.json
[INFO] output_file           : /home/robotics/UOS-RoboStack/submit_buffer3_search/algorithm_results_final_model_selection_sweep/union_fallback_first_best/continuous_iid_028.json
[INFO] vis_file              : /home/robotics/UOS-RoboStack/submit_buffer3_search/algorithm_results_final_model_selection_sweep/union_fallback_first_best/vis/continuous_iid_028.png
[INFO] total_input_boxes     : 250
[INFO] output_boxes          : 83
[INFO] placed_count          : 83
[INFO] placed_volume         : 1.010568
[INFO] pallet_volume         : 1.500000
[INFO] max_top_height        : 1.247500
[INFO] utilization           : 0.6737
[INFO] utilization_percent   : 67.37%
[INFO] terminated            : True
[INFO] terminated_step       : 83
[INFO] finished_by_user      : False
[INFO] file_processing_time  : 9.109 sec

[INFO] file_index            : 30/78
[INFO] input_file            : /home/robotics/UOS-RoboStack/submit_buffer3_search/algorithm_results_final_model_selection_sweep/input_sequences/continuous_iid_029.json
[INFO] output_file           : /home/robotics/UOS-RoboStack/submit_buffer3_search/algorithm_results_final_model_selection_sweep/union_fallback_first_best/continuous_iid_029.json
[INFO] vis_file              : /home/robotics/UOS-RoboStack/submit_buffer3_search/algorithm_results_final_model_selection_sweep/union_fallback_first_best/vis/continuous_iid_029.png
[INFO] total_input_boxes     : 250
[INFO] output_boxes          : 85
[INFO] placed_count          : 85
[INFO] placed_volume         : 0.956074
[INFO] pallet_volume         : 1.500000
[INFO] max_top_height        : 1.246500
[INFO] utilization           : 0.6374
[INFO] utilization_percent   : 63.74%
[INFO] terminated            : True
[INFO] terminated_step       : 85
[INFO] finished_by_user      : False
[INFO] file_processing_time  : 8.123 sec

[INFO] file_index            : 31/78
[INFO] input_file            : /home/robotics/UOS-RoboStack/submit_buffer3_search/algorithm_results_final_model_selection_sweep/input_sequences/continuous_iid_030.json
[INFO] output_file           : /home/robotics/UOS-RoboStack/submit_buffer3_search/algorithm_results_final_model_selection_sweep/union_fallback_first_best/continuous_iid_030.json
[INFO] vis_file              : /home/robotics/UOS-RoboStack/submit_buffer3_search/algorithm_results_final_model_selection_sweep/union_fallback_first_best/vis/continuous_iid_030.png
[INFO] total_input_boxes     : 250
[INFO] output_boxes          : 83
[INFO] placed_count          : 83
[INFO] placed_volume         : 0.987451
[INFO] pallet_volume         : 1.500000
[INFO] max_top_height        : 1.241000
[INFO] utilization           : 0.6583
[INFO] utilization_percent   : 65.83%
[INFO] terminated            : True
[INFO] terminated_step       : 83
[INFO] finished_by_user      : False
[INFO] file_processing_time  : 7.728 sec

[INFO] file_index            : 32/78
[INFO] input_file            : /home/robotics/UOS-RoboStack/submit_buffer3_search/algorithm_results_final_model_selection_sweep/input_sequences/continuous_iid_031.json
[INFO] output_file           : /home/robotics/UOS-RoboStack/submit_buffer3_search/algorithm_results_final_model_selection_sweep/union_fallback_first_best/continuous_iid_031.json
[INFO] vis_file              : /home/robotics/UOS-RoboStack/submit_buffer3_search/algorithm_results_final_model_selection_sweep/union_fallback_first_best/vis/continuous_iid_031.png
[INFO] total_input_boxes     : 250
[INFO] output_boxes          : 79
[INFO] placed_count          : 79
[INFO] placed_volume         : 0.969969
[INFO] pallet_volume         : 1.500000
[INFO] max_top_height        : 1.241000
[INFO] utilization           : 0.6466
[INFO] utilization_percent   : 64.66%
[INFO] terminated            : True
[INFO] terminated_step       : 79
[INFO] finished_by_user      : False
[INFO] file_processing_time  : 8.464 sec

[INFO] file_index            : 33/78
[INFO] input_file            : /home/robotics/UOS-RoboStack/submit_buffer3_search/algorithm_results_final_model_selection_sweep/input_sequences/continuous_iid_032.json
[INFO] output_file           : /home/robotics/UOS-RoboStack/submit_buffer3_search/algorithm_results_final_model_selection_sweep/union_fallback_first_best/continuous_iid_032.json
[INFO] vis_file              : /home/robotics/UOS-RoboStack/submit_buffer3_search/algorithm_results_final_model_selection_sweep/union_fallback_first_best/vis/continuous_iid_032.png
[INFO] total_input_boxes     : 250
[INFO] output_boxes          : 81
[INFO] placed_count          : 81
[INFO] placed_volume         : 0.924153
[INFO] pallet_volume         : 1.500000
[INFO] max_top_height        : 1.207500
[INFO] utilization           : 0.6161
[INFO] utilization_percent   : 61.61%
[INFO] terminated            : True
[INFO] terminated_step       : 81
[INFO] finished_by_user      : False
[INFO] file_processing_time  : 7.992 sec

[INFO] file_index            : 34/78
[INFO] input_file            : /home/robotics/UOS-RoboStack/submit_buffer3_search/algorithm_results_final_model_selection_sweep/input_sequences/continuous_iid_033.json
[INFO] output_file           : /home/robotics/UOS-RoboStack/submit_buffer3_search/algorithm_results_final_model_selection_sweep/union_fallback_first_best/continuous_iid_033.json
[INFO] vis_file              : /home/robotics/UOS-RoboStack/submit_buffer3_search/algorithm_results_final_model_selection_sweep/union_fallback_first_best/vis/continuous_iid_033.png
[INFO] total_input_boxes     : 250
[INFO] output_boxes          : 71
[INFO] placed_count          : 71
[INFO] placed_volume         : 0.789801
[INFO] pallet_volume         : 1.500000
[INFO] max_top_height        : 1.100000
[INFO] utilization           : 0.5265
[INFO] utilization_percent   : 52.65%
[INFO] terminated            : True
[INFO] terminated_step       : 71
[INFO] finished_by_user      : False
[INFO] file_processing_time  : 7.122 sec

[INFO] file_index            : 35/78
[INFO] input_file            : /home/robotics/UOS-RoboStack/submit_buffer3_search/algorithm_results_final_model_selection_sweep/input_sequences/continuous_iid_034.json
[INFO] output_file           : /home/robotics/UOS-RoboStack/submit_buffer3_search/algorithm_results_final_model_selection_sweep/union_fallback_first_best/continuous_iid_034.json
[INFO] vis_file              : /home/robotics/UOS-RoboStack/submit_buffer3_search/algorithm_results_final_model_selection_sweep/union_fallback_first_best/vis/continuous_iid_034.png
[INFO] total_input_boxes     : 250
[INFO] output_boxes          : 92
[INFO] placed_count          : 92
[INFO] placed_volume         : 1.084934
[INFO] pallet_volume         : 1.500000
[INFO] max_top_height        : 1.249500
[INFO] utilization           : 0.7233
[INFO] utilization_percent   : 72.33%
[INFO] terminated            : True
[INFO] terminated_step       : 92
[INFO] finished_by_user      : False
[INFO] file_processing_time  : 9.051 sec

[INFO] file_index            : 36/78
[INFO] input_file            : /home/robotics/UOS-RoboStack/submit_buffer3_search/algorithm_results_final_model_selection_sweep/input_sequences/continuous_iid_035.json
[INFO] output_file           : /home/robotics/UOS-RoboStack/submit_buffer3_search/algorithm_results_final_model_selection_sweep/union_fallback_first_best/continuous_iid_035.json
[INFO] vis_file              : /home/robotics/UOS-RoboStack/submit_buffer3_search/algorithm_results_final_model_selection_sweep/union_fallback_first_best/vis/continuous_iid_035.png
[INFO] total_input_boxes     : 250
[INFO] output_boxes          : 77
[INFO] placed_count          : 77
[INFO] placed_volume         : 0.950732
[INFO] pallet_volume         : 1.500000
[INFO] max_top_height        : 1.186000
[INFO] utilization           : 0.6338
[INFO] utilization_percent   : 63.38%
[INFO] terminated            : True
[INFO] terminated_step       : 77
[INFO] finished_by_user      : False
[INFO] file_processing_time  : 7.725 sec

[INFO] file_index            : 37/78
[INFO] input_file            : /home/robotics/UOS-RoboStack/submit_buffer3_search/algorithm_results_final_model_selection_sweep/input_sequences/continuous_iid_036.json
[INFO] output_file           : /home/robotics/UOS-RoboStack/submit_buffer3_search/algorithm_results_final_model_selection_sweep/union_fallback_first_best/continuous_iid_036.json
[INFO] vis_file              : /home/robotics/UOS-RoboStack/submit_buffer3_search/algorithm_results_final_model_selection_sweep/union_fallback_first_best/vis/continuous_iid_036.png
[INFO] total_input_boxes     : 250
[INFO] output_boxes          : 85
[INFO] placed_count          : 85
[INFO] placed_volume         : 1.014978
[INFO] pallet_volume         : 1.500000
[INFO] max_top_height        : 1.243500
[INFO] utilization           : 0.6767
[INFO] utilization_percent   : 67.67%
[INFO] terminated            : True
[INFO] terminated_step       : 85
[INFO] finished_by_user      : False
[INFO] file_processing_time  : 8.573 sec

[INFO] file_index            : 38/78
[INFO] input_file            : /home/robotics/UOS-RoboStack/submit_buffer3_search/algorithm_results_final_model_selection_sweep/input_sequences/continuous_iid_037.json
[INFO] output_file           : /home/robotics/UOS-RoboStack/submit_buffer3_search/algorithm_results_final_model_selection_sweep/union_fallback_first_best/continuous_iid_037.json
[INFO] vis_file              : /home/robotics/UOS-RoboStack/submit_buffer3_search/algorithm_results_final_model_selection_sweep/union_fallback_first_best/vis/continuous_iid_037.png
[INFO] total_input_boxes     : 250
[INFO] output_boxes          : 89
[INFO] placed_count          : 89
[INFO] placed_volume         : 1.046713
[INFO] pallet_volume         : 1.500000
[INFO] max_top_height        : 1.249500
[INFO] utilization           : 0.6978
[INFO] utilization_percent   : 69.78%
[INFO] terminated            : True
[INFO] terminated_step       : 89
[INFO] finished_by_user      : False
[INFO] file_processing_time  : 8.863 sec

[INFO] file_index            : 39/78
[INFO] input_file            : /home/robotics/UOS-RoboStack/submit_buffer3_search/algorithm_results_final_model_selection_sweep/input_sequences/continuous_iid_038.json
[INFO] output_file           : /home/robotics/UOS-RoboStack/submit_buffer3_search/algorithm_results_final_model_selection_sweep/union_fallback_first_best/continuous_iid_038.json
[INFO] vis_file              : /home/robotics/UOS-RoboStack/submit_buffer3_search/algorithm_results_final_model_selection_sweep/union_fallback_first_best/vis/continuous_iid_038.png
[INFO] total_input_boxes     : 250
[INFO] output_boxes          : 83
[INFO] placed_count          : 83
[INFO] placed_volume         : 0.944054
[INFO] pallet_volume         : 1.500000
[INFO] max_top_height        : 1.217500
[INFO] utilization           : 0.6294
[INFO] utilization_percent   : 62.94%
[INFO] terminated            : True
[INFO] terminated_step       : 83
[INFO] finished_by_user      : False
[INFO] file_processing_time  : 11.499 sec

[INFO] file_index            : 40/78
[INFO] input_file            : /home/robotics/UOS-RoboStack/submit_buffer3_search/algorithm_results_final_model_selection_sweep/input_sequences/continuous_iid_039.json
[INFO] output_file           : /home/robotics/UOS-RoboStack/submit_buffer3_search/algorithm_results_final_model_selection_sweep/union_fallback_first_best/continuous_iid_039.json
[INFO] vis_file              : /home/robotics/UOS-RoboStack/submit_buffer3_search/algorithm_results_final_model_selection_sweep/union_fallback_first_best/vis/continuous_iid_039.png
[INFO] total_input_boxes     : 250
[INFO] output_boxes          : 87
[INFO] placed_count          : 87
[INFO] placed_volume         : 1.098865
[INFO] pallet_volume         : 1.500000
[INFO] max_top_height        : 1.238500
[INFO] utilization           : 0.7326
[INFO] utilization_percent   : 73.26%
[INFO] terminated            : True
[INFO] terminated_step       : 87
[INFO] finished_by_user      : False
[INFO] file_processing_time  : 11.555 sec

[INFO] file_index            : 41/78
[INFO] input_file            : /home/robotics/UOS-RoboStack/submit_buffer3_search/algorithm_results_final_model_selection_sweep/input_sequences/continuous_iid_040.json
[INFO] output_file           : /home/robotics/UOS-RoboStack/submit_buffer3_search/algorithm_results_final_model_selection_sweep/union_fallback_first_best/continuous_iid_040.json
[INFO] vis_file              : /home/robotics/UOS-RoboStack/submit_buffer3_search/algorithm_results_final_model_selection_sweep/union_fallback_first_best/vis/continuous_iid_040.png
[INFO] total_input_boxes     : 250
[INFO] output_boxes          : 88
[INFO] placed_count          : 88
[INFO] placed_volume         : 0.998675
[INFO] pallet_volume         : 1.500000
[INFO] max_top_height        : 1.238000
[INFO] utilization           : 0.6658
[INFO] utilization_percent   : 66.58%
[INFO] terminated            : True
[INFO] terminated_step       : 88
[INFO] finished_by_user      : False
[INFO] file_processing_time  : 11.433 sec

[INFO] file_index            : 42/78
[INFO] input_file            : /home/robotics/UOS-RoboStack/submit_buffer3_search/algorithm_results_final_model_selection_sweep/input_sequences/continuous_iid_041.json
[INFO] output_file           : /home/robotics/UOS-RoboStack/submit_buffer3_search/algorithm_results_final_model_selection_sweep/union_fallback_first_best/continuous_iid_041.json
[INFO] vis_file              : /home/robotics/UOS-RoboStack/submit_buffer3_search/algorithm_results_final_model_selection_sweep/union_fallback_first_best/vis/continuous_iid_041.png
[INFO] total_input_boxes     : 250
[INFO] output_boxes          : 82
[INFO] placed_count          : 82
[INFO] placed_volume         : 0.987867
[INFO] pallet_volume         : 1.500000
[INFO] max_top_height        : 1.246000
[INFO] utilization           : 0.6586
[INFO] utilization_percent   : 65.86%
[INFO] terminated            : True
[INFO] terminated_step       : 82
[INFO] finished_by_user      : False
[INFO] file_processing_time  : 9.508 sec

[INFO] file_index            : 43/78
[INFO] input_file            : /home/robotics/UOS-RoboStack/submit_buffer3_search/algorithm_results_final_model_selection_sweep/input_sequences/continuous_iid_042.json
[INFO] output_file           : /home/robotics/UOS-RoboStack/submit_buffer3_search/algorithm_results_final_model_selection_sweep/union_fallback_first_best/continuous_iid_042.json
[INFO] vis_file              : /home/robotics/UOS-RoboStack/submit_buffer3_search/algorithm_results_final_model_selection_sweep/union_fallback_first_best/vis/continuous_iid_042.png
[INFO] total_input_boxes     : 250
[INFO] output_boxes          : 81
[INFO] placed_count          : 81
[INFO] placed_volume         : 0.963070
[INFO] pallet_volume         : 1.500000
[INFO] max_top_height        : 1.231000
[INFO] utilization           : 0.6420
[INFO] utilization_percent   : 64.20%
[INFO] terminated            : True
[INFO] terminated_step       : 81
[INFO] finished_by_user      : False
[INFO] file_processing_time  : 7.164 sec

[INFO] file_index            : 44/78
[INFO] input_file            : /home/robotics/UOS-RoboStack/submit_buffer3_search/algorithm_results_final_model_selection_sweep/input_sequences/continuous_iid_043.json
[INFO] output_file           : /home/robotics/UOS-RoboStack/submit_buffer3_search/algorithm_results_final_model_selection_sweep/union_fallback_first_best/continuous_iid_043.json
[INFO] vis_file              : /home/robotics/UOS-RoboStack/submit_buffer3_search/algorithm_results_final_model_selection_sweep/union_fallback_first_best/vis/continuous_iid_043.png
[INFO] total_input_boxes     : 250
[INFO] output_boxes          : 84
[INFO] placed_count          : 84
[INFO] placed_volume         : 0.945670
[INFO] pallet_volume         : 1.500000
[INFO] max_top_height        : 1.233500
[INFO] utilization           : 0.6304
[INFO] utilization_percent   : 63.04%
[INFO] terminated            : True
[INFO] terminated_step       : 84
[INFO] finished_by_user      : False
[INFO] file_processing_time  : 8.468 sec

[INFO] file_index            : 45/78
[INFO] input_file            : /home/robotics/UOS-RoboStack/submit_buffer3_search/algorithm_results_final_model_selection_sweep/input_sequences/continuous_iid_044.json
[INFO] output_file           : /home/robotics/UOS-RoboStack/submit_buffer3_search/algorithm_results_final_model_selection_sweep/union_fallback_first_best/continuous_iid_044.json
[INFO] vis_file              : /home/robotics/UOS-RoboStack/submit_buffer3_search/algorithm_results_final_model_selection_sweep/union_fallback_first_best/vis/continuous_iid_044.png
[INFO] total_input_boxes     : 250
[INFO] output_boxes          : 83
[INFO] placed_count          : 83
[INFO] placed_volume         : 0.937488
[INFO] pallet_volume         : 1.500000
[INFO] max_top_height        : 1.232000
[INFO] utilization           : 0.6250
[INFO] utilization_percent   : 62.50%
[INFO] terminated            : True
[INFO] terminated_step       : 83
[INFO] finished_by_user      : False
[INFO] file_processing_time  : 9.565 sec

[INFO] file_index            : 46/78
[INFO] input_file            : /home/robotics/UOS-RoboStack/submit_buffer3_search/algorithm_results_final_model_selection_sweep/input_sequences/continuous_iid_045.json
[INFO] output_file           : /home/robotics/UOS-RoboStack/submit_buffer3_search/algorithm_results_final_model_selection_sweep/union_fallback_first_best/continuous_iid_045.json
[INFO] vis_file              : /home/robotics/UOS-RoboStack/submit_buffer3_search/algorithm_results_final_model_selection_sweep/union_fallback_first_best/vis/continuous_iid_045.png
[INFO] total_input_boxes     : 250
[INFO] output_boxes          : 74
[INFO] placed_count          : 74
[INFO] placed_volume         : 0.960568
[INFO] pallet_volume         : 1.500000
[INFO] max_top_height        : 1.235500
[INFO] utilization           : 0.6404
[INFO] utilization_percent   : 64.04%
[INFO] terminated            : True
[INFO] terminated_step       : 74
[INFO] finished_by_user      : False
[INFO] file_processing_time  : 5.426 sec

[INFO] file_index            : 47/78
[INFO] input_file            : /home/robotics/UOS-RoboStack/submit_buffer3_search/algorithm_results_final_model_selection_sweep/input_sequences/continuous_iid_046.json
[INFO] output_file           : /home/robotics/UOS-RoboStack/submit_buffer3_search/algorithm_results_final_model_selection_sweep/union_fallback_first_best/continuous_iid_046.json
[INFO] vis_file              : /home/robotics/UOS-RoboStack/submit_buffer3_search/algorithm_results_final_model_selection_sweep/union_fallback_first_best/vis/continuous_iid_046.png
[INFO] total_input_boxes     : 250
[INFO] output_boxes          : 84
[INFO] placed_count          : 84
[INFO] placed_volume         : 1.000025
[INFO] pallet_volume         : 1.500000
[INFO] max_top_height        : 1.243500
[INFO] utilization           : 0.6667
[INFO] utilization_percent   : 66.67%
[INFO] terminated            : True
[INFO] terminated_step       : 84
[INFO] finished_by_user      : False
[INFO] file_processing_time  : 8.670 sec

[INFO] file_index            : 48/78
[INFO] input_file            : /home/robotics/UOS-RoboStack/submit_buffer3_search/algorithm_results_final_model_selection_sweep/input_sequences/continuous_iid_047.json
[INFO] output_file           : /home/robotics/UOS-RoboStack/submit_buffer3_search/algorithm_results_final_model_selection_sweep/union_fallback_first_best/continuous_iid_047.json
[INFO] vis_file              : /home/robotics/UOS-RoboStack/submit_buffer3_search/algorithm_results_final_model_selection_sweep/union_fallback_first_best/vis/continuous_iid_047.png
[INFO] total_input_boxes     : 250
[INFO] output_boxes          : 89
[INFO] placed_count          : 89
[INFO] placed_volume         : 1.029396
[INFO] pallet_volume         : 1.500000
[INFO] max_top_height        : 1.239500
[INFO] utilization           : 0.6863
[INFO] utilization_percent   : 68.63%
[INFO] terminated            : True
[INFO] terminated_step       : 89
[INFO] finished_by_user      : False
[INFO] file_processing_time  : 10.774 sec

[INFO] file_index            : 49/78
[INFO] input_file            : /home/robotics/UOS-RoboStack/submit_buffer3_search/algorithm_results_final_model_selection_sweep/input_sequences/continuous_iid_048.json
[INFO] output_file           : /home/robotics/UOS-RoboStack/submit_buffer3_search/algorithm_results_final_model_selection_sweep/union_fallback_first_best/continuous_iid_048.json
[INFO] vis_file              : /home/robotics/UOS-RoboStack/submit_buffer3_search/algorithm_results_final_model_selection_sweep/union_fallback_first_best/vis/continuous_iid_048.png
[INFO] total_input_boxes     : 250
[INFO] output_boxes          : 78
[INFO] placed_count          : 78
[INFO] placed_volume         : 0.944122
[INFO] pallet_volume         : 1.500000
[INFO] max_top_height        : 1.235000
[INFO] utilization           : 0.6294
[INFO] utilization_percent   : 62.94%
[INFO] terminated            : True
[INFO] terminated_step       : 78
[INFO] finished_by_user      : False
[INFO] file_processing_time  : 10.115 sec

[INFO] file_index            : 50/78
[INFO] input_file            : /home/robotics/UOS-RoboStack/submit_buffer3_search/algorithm_results_final_model_selection_sweep/input_sequences/continuous_iid_049.json
[INFO] output_file           : /home/robotics/UOS-RoboStack/submit_buffer3_search/algorithm_results_final_model_selection_sweep/union_fallback_first_best/continuous_iid_049.json
[INFO] vis_file              : /home/robotics/UOS-RoboStack/submit_buffer3_search/algorithm_results_final_model_selection_sweep/union_fallback_first_best/vis/continuous_iid_049.png
[INFO] total_input_boxes     : 250
[INFO] output_boxes          : 92
[INFO] placed_count          : 92
[INFO] placed_volume         : 1.064143
[INFO] pallet_volume         : 1.500000
[INFO] max_top_height        : 1.250000
[INFO] utilization           : 0.7094
[INFO] utilization_percent   : 70.94%
[INFO] terminated            : True
[INFO] terminated_step       : 92
[INFO] finished_by_user      : False
[INFO] file_processing_time  : 8.853 sec

[INFO] file_index            : 51/78
[INFO] input_file            : /home/robotics/UOS-RoboStack/submit_buffer3_search/algorithm_results_final_model_selection_sweep/input_sequences/edge_geometry_000.json
[INFO] output_file           : /home/robotics/UOS-RoboStack/submit_buffer3_search/algorithm_results_final_model_selection_sweep/union_fallback_first_best/edge_geometry_000.json
[INFO] vis_file              : /home/robotics/UOS-RoboStack/submit_buffer3_search/algorithm_results_final_model_selection_sweep/union_fallback_first_best/vis/edge_geometry_000.png
[INFO] total_input_boxes     : 250
[INFO] output_boxes          : 87
[INFO] placed_count          : 87
[INFO] placed_volume         : 0.974285
[INFO] pallet_volume         : 1.500000
[INFO] max_top_height        : 1.203500
[INFO] utilization           : 0.6495
[INFO] utilization_percent   : 64.95%
[INFO] terminated            : True
[INFO] terminated_step       : 87
[INFO] finished_by_user      : False
[INFO] file_processing_time  : 9.368 sec

[INFO] file_index            : 52/78
[INFO] input_file            : /home/robotics/UOS-RoboStack/submit_buffer3_search/algorithm_results_final_model_selection_sweep/input_sequences/edge_geometry_001.json
[INFO] output_file           : /home/robotics/UOS-RoboStack/submit_buffer3_search/algorithm_results_final_model_selection_sweep/union_fallback_first_best/edge_geometry_001.json
[INFO] vis_file              : /home/robotics/UOS-RoboStack/submit_buffer3_search/algorithm_results_final_model_selection_sweep/union_fallback_first_best/vis/edge_geometry_001.png
[INFO] total_input_boxes     : 250
[INFO] output_boxes          : 66
[INFO] placed_count          : 66
[INFO] placed_volume         : 0.754695
[INFO] pallet_volume         : 1.500000
[INFO] max_top_height        : 1.062000
[INFO] utilization           : 0.5031
[INFO] utilization_percent   : 50.31%
[INFO] terminated            : True
[INFO] terminated_step       : 66
[INFO] finished_by_user      : False
[INFO] file_processing_time  : 5.719 sec

[INFO] file_index            : 53/78
[INFO] input_file            : /home/robotics/UOS-RoboStack/submit_buffer3_search/algorithm_results_final_model_selection_sweep/input_sequences/edge_geometry_002.json
[INFO] output_file           : /home/robotics/UOS-RoboStack/submit_buffer3_search/algorithm_results_final_model_selection_sweep/union_fallback_first_best/edge_geometry_002.json
[INFO] vis_file              : /home/robotics/UOS-RoboStack/submit_buffer3_search/algorithm_results_final_model_selection_sweep/union_fallback_first_best/vis/edge_geometry_002.png
[INFO] total_input_boxes     : 250
[INFO] output_boxes          : 80
[INFO] placed_count          : 80
[INFO] placed_volume         : 0.959022
[INFO] pallet_volume         : 1.500000
[INFO] max_top_height        : 1.248000
[INFO] utilization           : 0.6393
[INFO] utilization_percent   : 63.93%
[INFO] terminated            : True
[INFO] terminated_step       : 80
[INFO] finished_by_user      : False
[INFO] file_processing_time  : 8.659 sec

[INFO] file_index            : 54/78
[INFO] input_file            : /home/robotics/UOS-RoboStack/submit_buffer3_search/algorithm_results_final_model_selection_sweep/input_sequences/edge_geometry_003.json
[INFO] output_file           : /home/robotics/UOS-RoboStack/submit_buffer3_search/algorithm_results_final_model_selection_sweep/union_fallback_first_best/edge_geometry_003.json
[INFO] vis_file              : /home/robotics/UOS-RoboStack/submit_buffer3_search/algorithm_results_final_model_selection_sweep/union_fallback_first_best/vis/edge_geometry_003.png
[INFO] total_input_boxes     : 250
[INFO] output_boxes          : 68
[INFO] placed_count          : 68
[INFO] placed_volume         : 0.826386
[INFO] pallet_volume         : 1.500000
[INFO] max_top_height        : 1.172500
[INFO] utilization           : 0.5509
[INFO] utilization_percent   : 55.09%
[INFO] terminated            : True
[INFO] terminated_step       : 68
[INFO] finished_by_user      : False
[INFO] file_processing_time  : 5.355 sec

[INFO] file_index            : 55/78
[INFO] input_file            : /home/robotics/UOS-RoboStack/submit_buffer3_search/algorithm_results_final_model_selection_sweep/input_sequences/edge_geometry_004.json
[INFO] output_file           : /home/robotics/UOS-RoboStack/submit_buffer3_search/algorithm_results_final_model_selection_sweep/union_fallback_first_best/edge_geometry_004.json
[INFO] vis_file              : /home/robotics/UOS-RoboStack/submit_buffer3_search/algorithm_results_final_model_selection_sweep/union_fallback_first_best/vis/edge_geometry_004.png
[INFO] total_input_boxes     : 250
[INFO] output_boxes          : 82
[INFO] placed_count          : 82
[INFO] placed_volume         : 1.041068
[INFO] pallet_volume         : 1.500000
[INFO] max_top_height        : 1.227000
[INFO] utilization           : 0.6940
[INFO] utilization_percent   : 69.40%
[INFO] terminated            : True
[INFO] terminated_step       : 82
[INFO] finished_by_user      : False
[INFO] file_processing_time  : 6.380 sec

[INFO] file_index            : 56/78
[INFO] input_file            : /home/robotics/UOS-RoboStack/submit_buffer3_search/algorithm_results_final_model_selection_sweep/input_sequences/edge_geometry_005.json
[INFO] output_file           : /home/robotics/UOS-RoboStack/submit_buffer3_search/algorithm_results_final_model_selection_sweep/union_fallback_first_best/edge_geometry_005.json
[INFO] vis_file              : /home/robotics/UOS-RoboStack/submit_buffer3_search/algorithm_results_final_model_selection_sweep/union_fallback_first_best/vis/edge_geometry_005.png
[INFO] total_input_boxes     : 250
[INFO] output_boxes          : 93
[INFO] placed_count          : 93
[INFO] placed_volume         : 1.016847
[INFO] pallet_volume         : 1.500000
[INFO] max_top_height        : 1.248500
[INFO] utilization           : 0.6779
[INFO] utilization_percent   : 67.79%
[INFO] terminated            : True
[INFO] terminated_step       : 93
[INFO] finished_by_user      : False
[INFO] file_processing_time  : 8.981 sec

[INFO] file_index            : 57/78
[INFO] input_file            : /home/robotics/UOS-RoboStack/submit_buffer3_search/algorithm_results_final_model_selection_sweep/input_sequences/edge_geometry_006.json
[INFO] output_file           : /home/robotics/UOS-RoboStack/submit_buffer3_search/algorithm_results_final_model_selection_sweep/union_fallback_first_best/edge_geometry_006.json
[INFO] vis_file              : /home/robotics/UOS-RoboStack/submit_buffer3_search/algorithm_results_final_model_selection_sweep/union_fallback_first_best/vis/edge_geometry_006.png
[INFO] total_input_boxes     : 250
[INFO] output_boxes          : 85
[INFO] placed_count          : 85
[INFO] placed_volume         : 0.959080
[INFO] pallet_volume         : 1.500000
[INFO] max_top_height        : 1.229500
[INFO] utilization           : 0.6394
[INFO] utilization_percent   : 63.94%
[INFO] terminated            : True
[INFO] terminated_step       : 85
[INFO] finished_by_user      : False
[INFO] file_processing_time  : 13.286 sec

[INFO] file_index            : 58/78
[INFO] input_file            : /home/robotics/UOS-RoboStack/submit_buffer3_search/algorithm_results_final_model_selection_sweep/input_sequences/edge_geometry_007.json
[INFO] output_file           : /home/robotics/UOS-RoboStack/submit_buffer3_search/algorithm_results_final_model_selection_sweep/union_fallback_first_best/edge_geometry_007.json
[INFO] vis_file              : /home/robotics/UOS-RoboStack/submit_buffer3_search/algorithm_results_final_model_selection_sweep/union_fallback_first_best/vis/edge_geometry_007.png
[INFO] total_input_boxes     : 250
[INFO] output_boxes          : 86
[INFO] placed_count          : 86
[INFO] placed_volume         : 1.027855
[INFO] pallet_volume         : 1.500000
[INFO] max_top_height        : 1.215000
[INFO] utilization           : 0.6852
[INFO] utilization_percent   : 68.52%
[INFO] terminated            : True
[INFO] terminated_step       : 86
[INFO] finished_by_user      : False
[INFO] file_processing_time  : 10.347 sec

[INFO] file_index            : 59/78
[INFO] input_file            : /home/robotics/UOS-RoboStack/submit_buffer3_search/algorithm_results_final_model_selection_sweep/input_sequences/edge_geometry_008.json
[INFO] output_file           : /home/robotics/UOS-RoboStack/submit_buffer3_search/algorithm_results_final_model_selection_sweep/union_fallback_first_best/edge_geometry_008.json
[INFO] vis_file              : /home/robotics/UOS-RoboStack/submit_buffer3_search/algorithm_results_final_model_selection_sweep/union_fallback_first_best/vis/edge_geometry_008.png
[INFO] total_input_boxes     : 250
[INFO] output_boxes          : 68
[INFO] placed_count          : 68
[INFO] placed_volume         : 0.788190
[INFO] pallet_volume         : 1.500000
[INFO] max_top_height        : 1.148500
[INFO] utilization           : 0.5255
[INFO] utilization_percent   : 52.55%
[INFO] terminated            : True
[INFO] terminated_step       : 68
[INFO] finished_by_user      : False
[INFO] file_processing_time  : 5.991 sec

[INFO] file_index            : 60/78
[INFO] input_file            : /home/robotics/UOS-RoboStack/submit_buffer3_search/algorithm_results_final_model_selection_sweep/input_sequences/edge_geometry_009.json
[INFO] output_file           : /home/robotics/UOS-RoboStack/submit_buffer3_search/algorithm_results_final_model_selection_sweep/union_fallback_first_best/edge_geometry_009.json
[INFO] vis_file              : /home/robotics/UOS-RoboStack/submit_buffer3_search/algorithm_results_final_model_selection_sweep/union_fallback_first_best/vis/edge_geometry_009.png
[INFO] total_input_boxes     : 250
[INFO] output_boxes          : 83
[INFO] placed_count          : 83
[INFO] placed_volume         : 0.995695
[INFO] pallet_volume         : 1.500000
[INFO] max_top_height        : 1.218000
[INFO] utilization           : 0.6638
[INFO] utilization_percent   : 66.38%
[INFO] terminated            : True
[INFO] terminated_step       : 83
[INFO] finished_by_user      : False
[INFO] file_processing_time  : 7.943 sec

[INFO] file_index            : 61/78
[INFO] input_file            : /home/robotics/UOS-RoboStack/submit_buffer3_search/algorithm_results_final_model_selection_sweep/input_sequences/large_heavy_000.json
[INFO] output_file           : /home/robotics/UOS-RoboStack/submit_buffer3_search/algorithm_results_final_model_selection_sweep/union_fallback_first_best/large_heavy_000.json
[INFO] vis_file              : /home/robotics/UOS-RoboStack/submit_buffer3_search/algorithm_results_final_model_selection_sweep/union_fallback_first_best/vis/large_heavy_000.png
[INFO] total_input_boxes     : 250
[INFO] output_boxes          : 42
[INFO] placed_count          : 42
[INFO] placed_volume         : 0.825650
[INFO] pallet_volume         : 1.500000
[INFO] max_top_height        : 1.123500
[INFO] utilization           : 0.5504
[INFO] utilization_percent   : 55.04%
[INFO] terminated            : True
[INFO] terminated_step       : 42
[INFO] finished_by_user      : False
[INFO] file_processing_time  : 3.286 sec

[INFO] file_index            : 62/78
[INFO] input_file            : /home/robotics/UOS-RoboStack/submit_buffer3_search/algorithm_results_final_model_selection_sweep/input_sequences/large_heavy_001.json
[INFO] output_file           : /home/robotics/UOS-RoboStack/submit_buffer3_search/algorithm_results_final_model_selection_sweep/union_fallback_first_best/large_heavy_001.json
[INFO] vis_file              : /home/robotics/UOS-RoboStack/submit_buffer3_search/algorithm_results_final_model_selection_sweep/union_fallback_first_best/vis/large_heavy_001.png
[INFO] total_input_boxes     : 250
[INFO] output_boxes          : 52
[INFO] placed_count          : 52
[INFO] placed_volume         : 1.017437
[INFO] pallet_volume         : 1.500000
[INFO] max_top_height        : 1.200500
[INFO] utilization           : 0.6783
[INFO] utilization_percent   : 67.83%
[INFO] terminated            : True
[INFO] terminated_step       : 52
[INFO] finished_by_user      : False
[INFO] file_processing_time  : 2.750 sec

[INFO] file_index            : 63/78
[INFO] input_file            : /home/robotics/UOS-RoboStack/submit_buffer3_search/algorithm_results_final_model_selection_sweep/input_sequences/large_heavy_002.json
[INFO] output_file           : /home/robotics/UOS-RoboStack/submit_buffer3_search/algorithm_results_final_model_selection_sweep/union_fallback_first_best/large_heavy_002.json
[INFO] vis_file              : /home/robotics/UOS-RoboStack/submit_buffer3_search/algorithm_results_final_model_selection_sweep/union_fallback_first_best/vis/large_heavy_002.png
[INFO] total_input_boxes     : 250
[INFO] output_boxes          : 58
[INFO] placed_count          : 58
[INFO] placed_volume         : 1.131766
[INFO] pallet_volume         : 1.500000
[INFO] max_top_height        : 1.196500
[INFO] utilization           : 0.7545
[INFO] utilization_percent   : 75.45%
[INFO] terminated            : True
[INFO] terminated_step       : 58
[INFO] finished_by_user      : False
[INFO] file_processing_time  : 3.726 sec

[INFO] file_index            : 64/78
[INFO] input_file            : /home/robotics/UOS-RoboStack/submit_buffer3_search/algorithm_results_final_model_selection_sweep/input_sequences/large_heavy_003.json
[INFO] output_file           : /home/robotics/UOS-RoboStack/submit_buffer3_search/algorithm_results_final_model_selection_sweep/union_fallback_first_best/large_heavy_003.json
[INFO] vis_file              : /home/robotics/UOS-RoboStack/submit_buffer3_search/algorithm_results_final_model_selection_sweep/union_fallback_first_best/vis/large_heavy_003.png
[INFO] total_input_boxes     : 250
[INFO] output_boxes          : 60
[INFO] placed_count          : 60
[INFO] placed_volume         : 1.158985
[INFO] pallet_volume         : 1.500000
[INFO] max_top_height        : 1.184000
[INFO] utilization           : 0.7727
[INFO] utilization_percent   : 77.27%
[INFO] terminated            : True
[INFO] terminated_step       : 60
[INFO] finished_by_user      : False
[INFO] file_processing_time  : 3.733 sec

[INFO] file_index            : 65/78
[INFO] input_file            : /home/robotics/UOS-RoboStack/submit_buffer3_search/algorithm_results_final_model_selection_sweep/input_sequences/large_heavy_004.json
[INFO] output_file           : /home/robotics/UOS-RoboStack/submit_buffer3_search/algorithm_results_final_model_selection_sweep/union_fallback_first_best/large_heavy_004.json
[INFO] vis_file              : /home/robotics/UOS-RoboStack/submit_buffer3_search/algorithm_results_final_model_selection_sweep/union_fallback_first_best/vis/large_heavy_004.png
[INFO] total_input_boxes     : 250
[INFO] output_boxes          : 50
[INFO] placed_count          : 50
[INFO] placed_volume         : 0.988965
[INFO] pallet_volume         : 1.500000
[INFO] max_top_height        : 1.200500
[INFO] utilization           : 0.6593
[INFO] utilization_percent   : 65.93%
[INFO] terminated            : True
[INFO] terminated_step       : 50
[INFO] finished_by_user      : False
[INFO] file_processing_time  : 2.485 sec

[INFO] file_index            : 66/78
[INFO] input_file            : /home/robotics/UOS-RoboStack/submit_buffer3_search/algorithm_results_final_model_selection_sweep/input_sequences/large_heavy_005.json
[INFO] output_file           : /home/robotics/UOS-RoboStack/submit_buffer3_search/algorithm_results_final_model_selection_sweep/union_fallback_first_best/large_heavy_005.json
[INFO] vis_file              : /home/robotics/UOS-RoboStack/submit_buffer3_search/algorithm_results_final_model_selection_sweep/union_fallback_first_best/vis/large_heavy_005.png
[INFO] total_input_boxes     : 250
[INFO] output_boxes          : 57
[INFO] placed_count          : 57
[INFO] placed_volume         : 1.096830
[INFO] pallet_volume         : 1.500000
[INFO] max_top_height        : 1.209000
[INFO] utilization           : 0.7312
[INFO] utilization_percent   : 73.12%
[INFO] terminated            : True
[INFO] terminated_step       : 57
[INFO] finished_by_user      : False
[INFO] file_processing_time  : 3.566 sec

[INFO] file_index            : 67/78
[INFO] input_file            : /home/robotics/UOS-RoboStack/submit_buffer3_search/algorithm_results_final_model_selection_sweep/input_sequences/small_dense_000.json
[INFO] output_file           : /home/robotics/UOS-RoboStack/submit_buffer3_search/algorithm_results_final_model_selection_sweep/union_fallback_first_best/small_dense_000.json
[INFO] vis_file              : /home/robotics/UOS-RoboStack/submit_buffer3_search/algorithm_results_final_model_selection_sweep/union_fallback_first_best/vis/small_dense_000.png
[INFO] total_input_boxes     : 250
[INFO] output_boxes          : 130
[INFO] placed_count          : 130
[INFO] placed_volume         : 0.846175
[INFO] pallet_volume         : 1.500000
[INFO] max_top_height        : 1.122000
[INFO] utilization           : 0.5641
[INFO] utilization_percent   : 56.41%
[INFO] terminated            : False
[INFO] terminated_step       : None
[INFO] finished_by_user      : True
[INFO] file_processing_time  : 19.071 sec

[INFO] file_index            : 68/78
[INFO] input_file            : /home/robotics/UOS-RoboStack/submit_buffer3_search/algorithm_results_final_model_selection_sweep/input_sequences/small_dense_001.json
[INFO] output_file           : /home/robotics/UOS-RoboStack/submit_buffer3_search/algorithm_results_final_model_selection_sweep/union_fallback_first_best/small_dense_001.json
[INFO] vis_file              : /home/robotics/UOS-RoboStack/submit_buffer3_search/algorithm_results_final_model_selection_sweep/union_fallback_first_best/vis/small_dense_001.png
[INFO] total_input_boxes     : 250
[INFO] output_boxes          : 130
[INFO] placed_count          : 130
[INFO] placed_volume         : 0.822846
[INFO] pallet_volume         : 1.500000
[INFO] max_top_height        : 1.243500
[INFO] utilization           : 0.5486
[INFO] utilization_percent   : 54.86%
[INFO] terminated            : False
[INFO] terminated_step       : None
[INFO] finished_by_user      : True
[INFO] file_processing_time  : 18.372 sec

[INFO] file_index            : 69/78
[INFO] input_file            : /home/robotics/UOS-RoboStack/submit_buffer3_search/algorithm_results_final_model_selection_sweep/input_sequences/small_dense_002.json
[INFO] output_file           : /home/robotics/UOS-RoboStack/submit_buffer3_search/algorithm_results_final_model_selection_sweep/union_fallback_first_best/small_dense_002.json
[INFO] vis_file              : /home/robotics/UOS-RoboStack/submit_buffer3_search/algorithm_results_final_model_selection_sweep/union_fallback_first_best/vis/small_dense_002.png
[INFO] total_input_boxes     : 250
[INFO] output_boxes          : 130
[INFO] placed_count          : 130
[INFO] placed_volume         : 0.812132
[INFO] pallet_volume         : 1.500000
[INFO] max_top_height        : 1.101500
[INFO] utilization           : 0.5414
[INFO] utilization_percent   : 54.14%
[INFO] terminated            : False
[INFO] terminated_step       : None
[INFO] finished_by_user      : True
[INFO] file_processing_time  : 15.812 sec

[INFO] file_index            : 70/78
[INFO] input_file            : /home/robotics/UOS-RoboStack/submit_buffer3_search/algorithm_results_final_model_selection_sweep/input_sequences/small_dense_003.json
[INFO] output_file           : /home/robotics/UOS-RoboStack/submit_buffer3_search/algorithm_results_final_model_selection_sweep/union_fallback_first_best/small_dense_003.json
[INFO] vis_file              : /home/robotics/UOS-RoboStack/submit_buffer3_search/algorithm_results_final_model_selection_sweep/union_fallback_first_best/vis/small_dense_003.png
[INFO] total_input_boxes     : 250
[INFO] output_boxes          : 130
[INFO] placed_count          : 130
[INFO] placed_volume         : 0.841071
[INFO] pallet_volume         : 1.500000
[INFO] max_top_height        : 1.189000
[INFO] utilization           : 0.5607
[INFO] utilization_percent   : 56.07%
[INFO] terminated            : False
[INFO] terminated_step       : None
[INFO] finished_by_user      : True
[INFO] file_processing_time  : 17.892 sec

[INFO] file_index            : 71/78
[INFO] input_file            : /home/robotics/UOS-RoboStack/submit_buffer3_search/algorithm_results_final_model_selection_sweep/input_sequences/small_dense_004.json
[INFO] output_file           : /home/robotics/UOS-RoboStack/submit_buffer3_search/algorithm_results_final_model_selection_sweep/union_fallback_first_best/small_dense_004.json
[INFO] vis_file              : /home/robotics/UOS-RoboStack/submit_buffer3_search/algorithm_results_final_model_selection_sweep/union_fallback_first_best/vis/small_dense_004.png
[INFO] total_input_boxes     : 250
[INFO] output_boxes          : 130
[INFO] placed_count          : 130
[INFO] placed_volume         : 0.847488
[INFO] pallet_volume         : 1.500000
[INFO] max_top_height        : 1.129000
[INFO] utilization           : 0.5650
[INFO] utilization_percent   : 56.50%
[INFO] terminated            : False
[INFO] terminated_step       : None
[INFO] finished_by_user      : True
[INFO] file_processing_time  : 19.231 sec

[INFO] file_index            : 72/78
[INFO] input_file            : /home/robotics/UOS-RoboStack/submit_buffer3_search/algorithm_results_final_model_selection_sweep/input_sequences/small_dense_005.json
[INFO] output_file           : /home/robotics/UOS-RoboStack/submit_buffer3_search/algorithm_results_final_model_selection_sweep/union_fallback_first_best/small_dense_005.json
[INFO] vis_file              : /home/robotics/UOS-RoboStack/submit_buffer3_search/algorithm_results_final_model_selection_sweep/union_fallback_first_best/vis/small_dense_005.png
[INFO] total_input_boxes     : 250
[INFO] output_boxes          : 130
[INFO] placed_count          : 130
[INFO] placed_volume         : 0.810936
[INFO] pallet_volume         : 1.500000
[INFO] max_top_height        : 1.122000
[INFO] utilization           : 0.5406
[INFO] utilization_percent   : 54.06%
[INFO] terminated            : False
[INFO] terminated_step       : None
[INFO] finished_by_user      : True
[INFO] file_processing_time  : 20.698 sec

[INFO] file_index            : 73/78
[INFO] input_file            : /home/robotics/UOS-RoboStack/submit_buffer3_search/algorithm_results_final_model_selection_sweep/input_sequences/switch_5sku_000.json
[INFO] output_file           : /home/robotics/UOS-RoboStack/submit_buffer3_search/algorithm_results_final_model_selection_sweep/union_fallback_first_best/switch_5sku_000.json
[INFO] vis_file              : /home/robotics/UOS-RoboStack/submit_buffer3_search/algorithm_results_final_model_selection_sweep/union_fallback_first_best/vis/switch_5sku_000.png
[INFO] total_input_boxes     : 250
[INFO] output_boxes          : 80
[INFO] placed_count          : 80
[INFO] placed_volume         : 1.037918
[INFO] pallet_volume         : 1.500000
[INFO] max_top_height        : 1.220000
[INFO] utilization           : 0.6919
[INFO] utilization_percent   : 69.19%
[INFO] terminated            : True
[INFO] terminated_step       : 80
[INFO] finished_by_user      : False
[INFO] file_processing_time  : 6.437 sec

[INFO] file_index            : 74/78
[INFO] input_file            : /home/robotics/UOS-RoboStack/submit_buffer3_search/algorithm_results_final_model_selection_sweep/input_sequences/switch_5sku_001.json
[INFO] output_file           : /home/robotics/UOS-RoboStack/submit_buffer3_search/algorithm_results_final_model_selection_sweep/union_fallback_first_best/switch_5sku_001.json
[INFO] vis_file              : /home/robotics/UOS-RoboStack/submit_buffer3_search/algorithm_results_final_model_selection_sweep/union_fallback_first_best/vis/switch_5sku_001.png
[INFO] total_input_boxes     : 250
[INFO] output_boxes          : 69
[INFO] placed_count          : 69
[INFO] placed_volume         : 0.838890
[INFO] pallet_volume         : 1.500000
[INFO] max_top_height        : 1.209000
[INFO] utilization           : 0.5593
[INFO] utilization_percent   : 55.93%
[INFO] terminated            : True
[INFO] terminated_step       : 69
[INFO] finished_by_user      : False
[INFO] file_processing_time  : 6.078 sec

[INFO] file_index            : 75/78
[INFO] input_file            : /home/robotics/UOS-RoboStack/submit_buffer3_search/algorithm_results_final_model_selection_sweep/input_sequences/switch_5sku_002.json
[INFO] output_file           : /home/robotics/UOS-RoboStack/submit_buffer3_search/algorithm_results_final_model_selection_sweep/union_fallback_first_best/switch_5sku_002.json
[INFO] vis_file              : /home/robotics/UOS-RoboStack/submit_buffer3_search/algorithm_results_final_model_selection_sweep/union_fallback_first_best/vis/switch_5sku_002.png
[INFO] total_input_boxes     : 250
[INFO] output_boxes          : 76
[INFO] placed_count          : 76
[INFO] placed_volume         : 1.017589
[INFO] pallet_volume         : 1.500000
[INFO] max_top_height        : 1.249500
[INFO] utilization           : 0.6784
[INFO] utilization_percent   : 67.84%
[INFO] terminated            : True
[INFO] terminated_step       : 76
[INFO] finished_by_user      : False
[INFO] file_processing_time  : 6.286 sec

[INFO] file_index            : 76/78
[INFO] input_file            : /home/robotics/UOS-RoboStack/submit_buffer3_search/algorithm_results_final_model_selection_sweep/input_sequences/switch_5sku_003.json
[INFO] output_file           : /home/robotics/UOS-RoboStack/submit_buffer3_search/algorithm_results_final_model_selection_sweep/union_fallback_first_best/switch_5sku_003.json
[INFO] vis_file              : /home/robotics/UOS-RoboStack/submit_buffer3_search/algorithm_results_final_model_selection_sweep/union_fallback_first_best/vis/switch_5sku_003.png
[INFO] total_input_boxes     : 250
[INFO] output_boxes          : 74
[INFO] placed_count          : 74
[INFO] placed_volume         : 0.938905
[INFO] pallet_volume         : 1.500000
[INFO] max_top_height        : 1.220000
[INFO] utilization           : 0.6259
[INFO] utilization_percent   : 62.59%
[INFO] terminated            : True
[INFO] terminated_step       : 74
[INFO] finished_by_user      : False
[INFO] file_processing_time  : 5.334 sec

[INFO] file_index            : 77/78
[INFO] input_file            : /home/robotics/UOS-RoboStack/submit_buffer3_search/algorithm_results_final_model_selection_sweep/input_sequences/switch_5sku_004.json
[INFO] output_file           : /home/robotics/UOS-RoboStack/submit_buffer3_search/algorithm_results_final_model_selection_sweep/union_fallback_first_best/switch_5sku_004.json
[INFO] vis_file              : /home/robotics/UOS-RoboStack/submit_buffer3_search/algorithm_results_final_model_selection_sweep/union_fallback_first_best/vis/switch_5sku_004.png
[INFO] total_input_boxes     : 250
[INFO] output_boxes          : 67
[INFO] placed_count          : 67
[INFO] placed_volume         : 0.843737
[INFO] pallet_volume         : 1.500000
[INFO] max_top_height        : 1.141500
[INFO] utilization           : 0.5625
[INFO] utilization_percent   : 56.25%
[INFO] terminated            : True
[INFO] terminated_step       : 67
[INFO] finished_by_user      : False
[INFO] file_processing_time  : 4.323 sec

[INFO] file_index            : 78/78
[INFO] input_file            : /home/robotics/UOS-RoboStack/submit_buffer3_search/algorithm_results_final_model_selection_sweep/input_sequences/switch_5sku_005.json
[INFO] output_file           : /home/robotics/UOS-RoboStack/submit_buffer3_search/algorithm_results_final_model_selection_sweep/union_fallback_first_best/switch_5sku_005.json
[INFO] vis_file              : /home/robotics/UOS-RoboStack/submit_buffer3_search/algorithm_results_final_model_selection_sweep/union_fallback_first_best/vis/switch_5sku_005.png
[INFO] total_input_boxes     : 250
[INFO] output_boxes          : 75
[INFO] placed_count          : 75
[INFO] placed_volume         : 0.968645
[INFO] pallet_volume         : 1.500000
[INFO] max_top_height        : 1.227000
[INFO] utilization           : 0.6458
[INFO] utilization_percent   : 64.58%
[INFO] terminated            : True
[INFO] terminated_step       : 75
[INFO] finished_by_user      : False
[INFO] file_processing_time  : 4.641 sec

===================================================
[INFO] ALL FILES SUMMARY
===================================================
[INFO] total_input_files      : 78
[INFO] total_input_boxes      : 19500
[INFO] total_output_boxes     : 6506
[INFO] total_placed_volume    : 75.103003
[INFO] files_processing_time  : 686.364 sec
[INFO] total_processing_time  : 686.393 sec
