[reward-sweep] warm-start profile=smooth_low run=reward_sweep_rerank_fix_smoke_smooth_low seed=0 Tue Jul  7 12:55:11 PM KST 2026
Gym has been unmaintained since 2022 and does not support NumPy 2.0 amongst other critical functionality.
Please upgrade to Gymnasium, the maintained drop-in replacement of Gym, or contact the authors of your software and request that they upgrade.
See the migration guide at https://gymnasium.farama.org/introduction/migration_guide/ for additional information.
[INFO][AppLauncher]: Using device: cuda:0
[INFO][AppLauncher]: Loading experience file: /home/user/IsaacLab/apps/isaaclab.python.headless.kit

[36m======================================================================================[0m
[36m[1m[INFO][IsaacLab]: Logging to file: /tmp/isaaclab/logs/isaaclab_2026-07-07_12-55-14.log[0m
[36m======================================================================================[0m

[33m12:55:14 [simulation_context.py] WARNING: The `enable_external_forces_every_iteration` parameter in the PhysxCfg is set to False. If you are experiencing noisy velocities, consider enabling this flag. You may need to slightly increase the number of velocity iterations (setting it to 1 or 2 rather than 0), together with this flag, to improve the accuracy of velocity updates.[0m
[INFO]: Base environment:
	Environment device    : cuda:0
	Environment seed      : None
	Physics step-size     : 0.008333333333333333
	Rendering step-size   : 0.16666666666666666
	Environment step-size : 0.16666666666666666
[33m12:55:15 [interactive_scene.py] WARNING: Collision filtering can only be automatically enabled when replicate_physics=True and using GPU simulation. Please call scene.filter_collisions(global_prim_paths) to filter collisions across environments.[0m
[INFO]: Time taken for scene creation : 0.999386 seconds
[INFO]: Scene manager:  <class InteractiveScene>
	Number of environments: 4
	Environment spacing   : 3.0
	Source prim name      : /World/envs/env_0
	Global prim paths     : []
	Replicate physics     : False
[INFO]: Starting the simulation. This may take a few seconds. Please wait...
[INFO]: Time taken for simulation start : 0.347496 seconds
[INFO]: Completed setting up the environment...
[gat-train] loaded GAT checkpoint: isaaclab_pallet/runs/overnight_full/PCT-latest.pt
[gat-train] run_dir=isaaclab_pallet/runs/reward_sweep_rerank_fix_smoke_smooth_low device=cuda:0 num_envs=4 obs_shape=(4, 301, 9) leaf_shape=(4, 100, 9) num_steps=5 normFactor=0.8 drift_fail_threshold=0.4 reward_profile=smooth_low learn_finish_action=False action_space=100 candidate_rerank_k=5 candidate_diversity_center_m=0.05
/home/user/Documents/assignment2_project/templete code/src/pct/convex_hull.py:104: DeprecationWarning: Arrays of 2-dimensional vectors are deprecated. Use arrays of 3-dimensional vectors instead. (deprecated in NumPy 2.0)
  if np.sum(np.cross(coords[i] - point, point - coords[j])) == 0:
[gat-train] update=1 samples=20 fps=4.4 loss=0.3589 actor=0.2888 value=0.0811 entropy=1.1021 mean_return=0.000 mean_len=0.0
[gat-train] update=2 samples=40 fps=4.7 loss=27.6245 actor=-21.8187 value=49.4552 entropy=1.1966 mean_return=3.519 mean_len=8.0
[gat-train] update=3 samples=60 fps=5.4 loss=3.5522 actor=3.0344 value=0.5284 entropy=1.0525 mean_return=3.519 mean_len=8.0
[gat-train] update=4 samples=80 fps=5.7 loss=15.9846 actor=-2.0743 value=18.0662 entropy=0.7301 mean_return=3.529 mean_len=8.0
[gat-train] update=5 samples=100 fps=5.9 loss=33.7702 actor=-30.8563 value=64.6387 entropy=1.2192 mean_return=3.529 mean_len=8.0
[gat-train] update=6 samples=120 fps=6.2 loss=0.6759 actor=0.6099 value=0.0753 entropy=0.9414 mean_return=3.529 mean_len=8.0
[gat-train] update=7 samples=140 fps=6.5 loss=14.2297 actor=-18.2669 value=32.5048 entropy=0.8172 mean_return=3.527 mean_len=8.0
[gat-train] update=8 samples=160 fps=6.7 loss=38.6557 actor=-39.7489 value=78.4210 entropy=1.6369 mean_return=3.527 mean_len=8.0
[gat-train] update=9 samples=180 fps=6.5 loss=0.5049 actor=0.4147 value=0.0980 entropy=0.7806 mean_return=3.527 mean_len=8.0
[gat-train] update=10 samples=200 fps=6.4 loss=25.2580 actor=-23.7405 value=49.0095 entropy=1.0934 mean_return=3.526 mean_len=8.0
[gat-train] update=11 samples=220 fps=6.4 loss=2.2821 actor=2.0187 value=0.2756 entropy=1.2246 mean_return=3.526 mean_len=8.0
[gat-train] update=12 samples=240 fps=6.1 loss=11.4527 actor=-5.3740 value=16.8342 entropy=0.7528 mean_return=3.523 mean_len=8.0
[gat-train] update=13 samples=260 fps=6.1 loss=38.3661 actor=-22.5616 value=60.9417 entropy=1.3982 mean_return=3.521 mean_len=8.0
[gat-train] update=14 samples=280 fps=6.2 loss=2.2798 actor=2.0020 value=0.2885 entropy=1.0719 mean_return=3.521 mean_len=8.0
[gat-train] update=15 samples=300 fps=6.0 loss=25.2329 actor=-9.1784 value=34.4182 entropy=0.6909 mean_return=3.523 mean_len=8.0
Loading user config located at: '/home/user/isaacsim/kit/data/Kit/Isaac-Sim/5.1/user.config.json'
[Info] [carb] Logging to file: /home/user/isaacsim/kit/logs/Kit/Isaac-Sim/5.1/kit_20260707_125511.log
2026-07-07T03:55:11Z [180ms] [Warning] [omni.platforminfo.plugin] failed to open the default display.  Can't verify X Server version.
2026-07-07T03:55:11Z [182ms] [Warning] [omni.usd_config.extension] Enable omni.materialx.libs extension to use MaterialX
2026-07-07T03:55:12Z [495ms] [Warning] [carb] Acquiring non optional plugin interface which is not listed as dependency: [omni::physx::IPhysxBenchmarks v1.0] (plugin: <default plugin>), by client: omni.physics.physx.plugin. Add it to CARB_PLUGIN_IMPL_DEPS() macro of a client.
2026-07-07T03:55:12Z [622ms] [Warning] [omni.isaac.dynamic_control] omni.isaac.dynamic_control is deprecated as of Isaac Sim 4.5. No action is needed from end-users.
2026-07-07T03:55:14Z [2,608ms] [Warning] [gpu.foundation.plugin] Skipping unsupported non-NVIDIA GPU: AMD Unknown (RADV RAPHAEL_MENDOCINO)
2026-07-07T03:55:14Z [2,608ms] [Warning] [gpu.foundation.plugin] Skipping unsupported non-NVIDIA GPU: AMD Unknown (RADV RAPHAEL_MENDOCINO)

|---------------------------------------------------------------------------------------------|
| Driver Version: 580.159.03    | Graphics API: Vulkan
|=============================================================================================|
| GPU | Name                             | Active | LDA | GPU Memory | Vendor-ID | LUID       |
|     |                                  |        |     |            | Device-ID | UUID       |
|     |                                  |        |     |            | Bus-ID    |            |
|---------------------------------------------------------------------------------------------|
| 0   | NVIDIA RTX PRO 6000 Blackwell .. | Yes: 0 |     | 97887   MB | 10de      | 0          |
|     |                                  |        |     |            | 2bb1      | 25b334fd.. |
|     |                                  |        |     |            | 1         |            |
|---------------------------------------------------------------------------------------------|
| 1   | AMD Unknown (RADV RAPHAEL_MEND.. |        |     | 43508   MB | 1002      | 0          |
|     |                                  |        |     |            | 13c0      | 00000000.. |
|     |                                  |        |     |            | 79        |            |
|=============================================================================================|
| OS: 22.04.5 LTS (Jammy Jellyfish) ubuntu, Version: 22.04.5, Kernel: 6.8.0-124-generic
| Processor: AMD Ryzen 9 9950X3D 16-Core Processor
| Cores: 16 | Logical Cores: 32
|---------------------------------------------------------------------------------------------|
| Total Memory (MB): 126429 | Free Memory: 112555
| Total Page/Swap (MB): 2047 | Free Page/Swap: 857
|---------------------------------------------------------------------------------------------|
2026-07-07T03:55:14Z [3,166ms] [Warning] [isaaclab.envs.direct_rl_env] Seed not set for the environment. The environment creation may not be deterministic.
[reward-sweep] profile=smooth_low exited code=0 Tue Jul  7 12:56:07 PM KST 2026
