[Info] [carb] Logging to file: /home/user/isaacsim/kit/logs/Kit/Isaac-Sim Python/5.1/kit_20260704_225009.log
[0.033s] [ext: omni.kit.async_engine-0.0.3] startup
[0.169s] [ext: omni.metrics.core-0.0.3] startup
[0.169s] [ext: omni.client.lib-1.1.0] startup
[0.178s] [ext: omni.blobkey-1.1.2] startup
[0.178s] [ext: omni.stats-1.0.1] startup
[0.179s] [ext: omni.datastore-0.0.0] startup
[0.183s] [ext: omni.client-1.3.0] startup
[0.237s] [ext: omni.ujitso.default-1.0.0] startup
[0.240s] [ext: omni.hsscclient-1.1.2] startup
[0.243s] [ext: omni.gpu_foundation.shadercache.vulkan-1.0.0] startup
[0.244s] [ext: omni.assets.plugins-0.0.0] startup
[0.245s] [ext: omni.gpu_foundation-0.0.0] startup
[0.252s] [ext: carb.windowing.plugins-1.0.0] startup
2026-07-04T13:50:09Z [242ms] [Warning] [carb.windowing-glfw.plugin] GLFW initialization failed.
2026-07-04T13:50:09Z [242ms] [Warning] [carb] Failed to startup plugin carb.windowing-glfw.plugin (interfaces: [carb::windowing::IGLContext v1.0],[carb::windowing::IWindowing v1.5]) (impl: carb.windowing-glfw.plugin)
[0.253s] [ext: omni.kit.renderer.init-0.0.0] startup
2026-07-04T13:50:09Z [260ms] [Warning] [omni.platforminfo.plugin] failed to open the default display.  Can't verify X Server version.
2026-07-04T13:50:09Z [800ms] [Warning] [gpu.foundation.plugin] Skipping unsupported non-NVIDIA GPU: AMD Unknown (RADV RAPHAEL_MENDOCINO)
2026-07-04T13:50:09Z [800ms] [Warning] [gpu.foundation.plugin] Skipping unsupported non-NVIDIA GPU: AMD Unknown (RADV RAPHAEL_MENDOCINO)

|---------------------------------------------------------------------------------------------|
| Driver Version: 580.159.03    | Graphics API: Vulkan
|=============================================================================================|
| GPU | Name                             | Active | LDA | GPU Memory | Vendor-ID | LUID       |
|     |                                  |        |     |            | Device-ID | UUID       |
|     |                                  |        |     |            | Bus-ID    |            |
|---------------------------------------------------------------------------------------------|
| 0   | NVIDIA RTX PRO 6000 Blackwell .. | Yes: 0 |     | 97887   MB | 10de      | 0          |
|     |                                  |        |     |            | 2bb1      | 25b334fd.. |
|     |                                  |        |     |            | 1         |            |
|---------------------------------------------------------------------------------------------|
| 1   | AMD Unknown (RADV RAPHAEL_MEND.. |        |     | 43508   MB | 1002      | 0          |
|     |                                  |        |     |            | 13c0      | 00000000.. |
|     |                                  |        |     |            | 79        |            |
|=============================================================================================|
| OS: 22.04.5 LTS (Jammy Jellyfish) ubuntu, Version: 22.04.5, Kernel: 6.8.0-124-generic
| Processor: AMD Ryzen 9 9950X3D 16-Core Processor
| Cores: 16 | Logical Cores: 32
|---------------------------------------------------------------------------------------------|
| Total Memory (MB): 126429 | Free Memory: 109538
| Total Page/Swap (MB): 2047 | Free Page/Swap: 1330
|---------------------------------------------------------------------------------------------|
[1.509s] [ext: omni.kit.pipapi-0.0.0] startup
[1.510s] [ext: omni.kit.pip_archive-0.0.0] startup
[1.510s] [ext: omni.pip.compute-1.6.3] startup
[1.510s] [ext: omni.materialx.libs-1.0.7] startup
[1.515s] [ext: omni.pip.cloud-1.4.3] startup
[1.518s] [ext: omni.isaac.core_archive-3.0.0] startup
[1.518s] [ext: omni.usd.config-1.0.6] startup
[1.520s] [ext: omni.gpucompute.plugins-0.0.0] startup
[1.520s] [ext: omni.usd.libs-1.0.1] startup
[1.595s] [ext: omni.kit.telemetry-0.5.2] startup
[1.620s] [ext: omni.mdl-56.0.3] startup
[1.693s] [ext: omni.iray.libs-0.0.0] startup
[1.698s] [ext: omni.mdl.neuraylib-0.2.12] startup
[1.699s] [ext: omni.kit.usd.mdl-1.1.5] startup
[1.781s] [ext: omni.isaac.ml_archive-3.0.4] startup
[1.781s] [ext: omni.kit.loop-isaac-1.3.7] startup
[1.782s] [ext: omni.kit.test-2.0.1] startup
[1.818s] [ext: omni.appwindow-1.1.10] startup
2026-07-04T13:50:10Z [1,809ms] [Warning] [carb.windowing-glfw.plugin] GLFW initialization failed.
2026-07-04T13:50:10Z [1,809ms] [Warning] [carb] Failed to startup plugin carb.windowing-glfw.plugin (interfaces: [carb::windowing::IGLContext v1.0],[carb::windowing::IWindowing v1.5]) (impl: carb.windowing-glfw.plugin)
[1.822s] [ext: omni.kit.renderer.core-1.1.0] startup
2026-07-04T13:50:10Z [1,844ms] [Warning] [carb.windowing-glfw.plugin] GLFW initialization failed.
2026-07-04T13:50:10Z [1,844ms] [Warning] [carb] Failed to startup plugin carb.windowing-glfw.plugin (interfaces: [carb::windowing::IGLContext v1.0],[carb::windowing::IWindowing v1.5]) (impl: carb.windowing-glfw.plugin)
2026-07-04T13:50:10Z [1,853ms] [Warning] [carb.windowing-glfw.plugin] GLFW initialization failed.
2026-07-04T13:50:10Z [1,853ms] [Warning] [carb] Failed to startup plugin carb.windowing-glfw.plugin (interfaces: [carb::windowing::IGLContext v1.0],[carb::windowing::IWindowing v1.5]) (impl: carb.windowing-glfw.plugin)
[1.865s] [ext: omni.kit.renderer.capture-0.0.0] startup
[1.867s] [ext: omni.kit.renderer.imgui-2.0.5] startup
2026-07-04T13:50:10Z [1,858ms] [Warning] [carb.windowing-glfw.plugin] GLFW initialization failed.
2026-07-04T13:50:10Z [1,858ms] [Warning] [carb] Failed to startup plugin carb.windowing-glfw.plugin (interfaces: [carb::windowing::IGLContext v1.0],[carb::windowing::IWindowing v1.5]) (impl: carb.windowing-glfw.plugin)
2026-07-04T13:50:10Z [1,859ms] [Warning] [carb.windowing-glfw.plugin] GLFW initialization failed.
2026-07-04T13:50:10Z [1,859ms] [Warning] [carb] Failed to startup plugin carb.windowing-glfw.plugin (interfaces: [carb::windowing::IGLContext v1.0],[carb::windowing::IWindowing v1.5]) (impl: carb.windowing-glfw.plugin)
2026-07-04T13:50:10Z [1,860ms] [Warning] [carb.windowing-glfw.plugin] GLFW initialization failed.
2026-07-04T13:50:10Z [1,860ms] [Warning] [carb] Failed to startup plugin carb.windowing-glfw.plugin (interfaces: [carb::windowing::IGLContext v1.0],[carb::windowing::IWindowing v1.5]) (impl: carb.windowing-glfw.plugin)
[1.920s] [ext: omni.ui-2.27.1] startup
[1.932s] [ext: omni.kit.mainwindow-1.0.3] startup
[1.933s] [ext: carb.audio-0.1.0] startup
[1.936s] [ext: omni.uiaudio-1.0.0] startup
[1.937s] [ext: omni.kit.uiapp-0.0.0] startup
[1.937s] [ext: omni.usd.schema.metrics.assembler-107.3.1] startup
[1.940s] [ext: omni.usd.schema.audio-0.0.0] startup
[1.943s] [ext: omni.anim.graph.schema-107.3.3] startup
[1.954s] [ext: omni.usd_resolver-1.0.0] startup
[1.958s] [ext: omni.usd.core-1.5.3] startup
[1.960s] [ext: omni.usd.schema.render_settings.rtx-0.0.0] startup
[1.973s] [ext: omni.usd.schema.semantics-0.0.0] startup
[1.975s] [ext: isaacsim.robot.schema-3.6.0] startup
[1.981s] [ext: omni.usd.schema.geospatial-0.0.0] startup
[1.983s] [ext: omni.usd.schema.anim-0.0.0] startup
[1.994s] [ext: omni.kit.window.popup_dialog-2.0.24] startup
[1.997s] [ext: usdrt.scenegraph-7.6.1] startup
[2.032s] [ext: omni.timeline-1.0.14] startup
[2.034s] [ext: omni.resourcemonitor-107.0.1] startup
[2.036s] [ext: omni.activity.core-1.0.3] startup
[2.037s] [ext: omni.kit.widget.nucleus_connector-2.0.1] startup
[2.038s] [ext: omni.hydra.usdrt_delegate-7.5.1] startup
[2.041s] [ext: omni.kit.actions.core-1.0.0] startup
[2.043s] [ext: omni.graph.exec-0.9.6] startup
[2.043s] [ext: omni.kit.commands-1.4.10] startup
[2.045s] [ext: omni.kit.usd_undo-0.1.8] startup
[2.045s] [ext: omni.kit.exec.core-0.13.4] startup
[2.046s] [ext: omni.kit.audiodeviceenum-1.0.2] startup
[2.047s] [ext: omni.hydra.scene_delegate-0.3.4] startup
[2.050s] [ext: omni.usd-1.13.10] startup
[2.069s] [ext: omni.kit.asset_converter-5.0.17] startup
[2.085s] [ext: omni.usd.schema.flow-107.1.1] startup
[2.086s] [ext: omni.usd.schema.omnigraph-1.0.0] startup
[2.093s] [ext: omni.usd.schema.omni_sensors-0.0.0] startup
[2.094s] [ext: omni.anim.navigation.schema-107.3.3] startup
[2.096s] [ext: omni.inspect-1.0.2] startup
[2.097s] [ext: omni.kit.notification_manager-1.0.10] startup
[2.098s] [ext: omni.graph.core-2.184.5] startup
[2.100s] [ext: isaacsim.core.deprecation_manager-0.2.7] startup
[2.101s] [ext: omni.usd.schema.physx-107.3.26] startup
[2.132s] [ext: omni.usd.schema.isaac-3.0.5] startup
[2.132s] [ext: omni.usd.schema.omniscripting-1.0.0] startup
[2.136s] [ext: omni.usd.schema.omni_lens_distortion-0.0.0] startup
[2.137s] [ext: omni.kvdb-107.3.26] startup
[2.140s] [ext: omni.usdphysics-107.3.26] startup
[2.142s] [ext: omni.physx.foundation-107.3.26] startup
[2.143s] [ext: omni.localcache-107.3.26] startup
[2.144s] [ext: omni.convexdecomposition-107.3.26] startup
[2.146s] [ext: omni.physx.cooking-107.3.26] startup
[2.148s] [ext: omni.physx-107.3.26] startup
[2.156s] [ext: omni.physics-107.3.26] startup
[2.159s] [ext: omni.kit.usd.layers-2.2.11] startup
[2.165s] [ext: omni.physics.physx-107.3.26] startup
2026-07-04T13:50:11Z [2,155ms] [Warning] [carb] Acquiring non optional plugin interface which is not listed as dependency: [omni::physx::IPhysxBenchmarks v1.0] (plugin: <default plugin>), by client: omni.physics.physx.plugin. Add it to CARB_PLUGIN_IMPL_DEPS() macro of a client.
[2.166s] [ext: omni.physics.stageupdate-107.3.26] startup
[2.167s] [ext: omni.kit.numpy.common-0.1.3] startup
[2.168s] [ext: isaacsim.core.version-2.0.6] startup
[2.168s] [ext: omni.isaac.dynamic_control-2.0.7] startup
2026-07-04T13:50:11Z [2,161ms] [Warning] [omni.isaac.dynamic_control] omni.isaac.dynamic_control is deprecated as of Isaac Sim 4.5. No action is needed from end-users.
[2.172s] [ext: isaacsim.storage.native-1.5.1] startup
[2.173s] [ext: omni.kit.menu.core-1.1.2] startup
[2.174s] [ext: omni.kit.helper.file_utils-0.1.9] startup
[2.176s] [ext: omni.usd.metrics.assembler-107.3.1] startup
[2.181s] [ext: omni.kit.widget.context_menu-1.2.5] startup
[2.182s] [ext: omni.warp.core-1.8.2] startup
[2.303s] [ext: omni.usd.metrics.assembler.physics-107.3.26] startup
[2.304s] [ext: omni.physics.tensors-107.3.26] startup
[2.309s] [ext: omni.kit.context_menu-1.8.6] startup
[2.312s] [ext: omni.kit.clipboard-1.0.5] startup
[2.313s] [ext: isaacsim.core.utils-3.5.1] startup
[2.314s] [ext: omni.kit.widget.filebrowser-2.12.3] startup
[2.317s] [ext: omni.kit.widget.options_menu-1.1.6] startup
[2.319s] [ext: omni.kit.widget.path_field-2.0.11] startup
[2.319s] [ext: omni.index.libs-380600.8087.0] startup
[2.319s] [ext: omni.ui.scene-1.11.5] startup
[2.323s] [ext: omni.kit.widget.options_button-1.0.3] startup
[2.323s] [ext: omni.kit.widget.browser_bar-2.0.10] startup
[2.324s] [ext: omni.index-1.0.1] startup
[2.324s] [ext: omni.hydra.rtx.shadercache.vulkan-1.0.0] startup
[2.325s] [ext: omni.kit.window.filepicker-2.13.4] startup
[2.333s] [ext: omni.volume-0.5.2] startup
[2.336s] [ext: omni.ujitso.client-0.0.0] startup
[2.336s] [ext: omni.graph.tools-1.79.2] startup
[2.354s] [ext: omni.graph.image.core-0.6.1] startup
[2.355s] [ext: omni.hydra.rtx-1.0.0] startup
2026-07-04T13:50:11Z [2,362ms] [Warning] [omni.log] Source: omni.hydra was already registered.
[2.381s] [ext: omni.kit.window.file_importer-1.1.18] startup
[2.383s] [ext: omni.kit.menu.utils-2.0.5] startup
[2.387s] [ext: omni.graph.image.nodes-1.3.1] startup
[2.388s] [ext: omni.kit.widget.searchable_combobox-1.0.6] startup
[2.388s] [ext: omni.kit.hydra_texture-1.4.6] startup
[2.391s] [ext: omni.kit.material.library-2.0.7] startup
[2.394s] [ext: omni.hydra.engine.stats-1.0.3] startup
[2.395s] [ext: omni.kit.viewport.scene_camera_model-1.0.6] startup
[2.397s] [ext: omni.kit.widget.settings-1.2.6] startup
[2.398s] [ext: omni.kit.viewport.legacy_gizmos-1.0.19] startup
[2.400s] [ext: omni.kit.widget.viewport-107.1.3] startup
[2.404s] [ext: omni.kit.viewport.registry-104.0.6] startup
[2.404s] [ext: omni.kit.raycast.query-1.1.0] startup
[2.408s] [ext: omni.physx.tensors-107.3.26] startup
[2.414s] [ext: omni.kit.window.drop_support-1.0.5] startup
[2.415s] [ext: omni.kit.primitive.mesh-1.0.17] startup
[2.418s] [ext: omni.kit.viewport.window-107.2.0] startup
[2.432s] [ext: omni.kit.window.preferences-1.8.0] startup
[2.435s] [ext: isaacsim.core.simulation_manager-1.4.4] startup
[3.397s] [ext: omni.graph.action_core-1.1.7] startup
[3.398s] [ext: omni.graph-1.141.2] startup
[3.435s] [ext: omni.kit.viewport.utility-1.1.2] startup
[3.436s] [ext: omni.kit.viewport.menubar.core-107.2.1] startup
[3.446s] [ext: isaacsim.core.prims-0.6.1] startup
[3.470s] [ext: omni.graph.action_nodes-1.50.4] startup
[3.481s] [ext: omni.kit.stage_template.core-1.1.22] startup
[3.486s] [ext: omni.syntheticdata-0.6.13] startup
[3.513s] [ext: omni.graph.nodes-1.170.10] startup
[3.533s] [ext: omni.graph.action-1.130.0] startup
[3.538s] [ext: omni.kit.stage_templates-2.0.0] startup
[3.553s] [ext: omni.kit.widget.filter-1.1.4] startup
[3.555s] [ext: omni.kit.widget.graph-2.0.0] startup
[3.565s] [ext: omni.kit.property.adapter.core-1.0.2] startup
[3.567s] [ext: omni.kit.window.file_exporter-1.0.33] startup
[3.568s] [ext: omni.kit.widget.searchfield-1.1.8] startup
[3.569s] [ext: omni.kit.hotkeys.core-1.3.10] startup
[3.571s] [ext: omni.kit.graph.delegate.default-1.2.3] startup
[3.572s] [ext: omni.kit.property.adapter.fabric-1.0.3] startup
[3.574s] [ext: omni.kit.widget.stage-3.1.4] startup
[3.585s] [ext: omni.kit.property.adapter.usd-1.0.2] startup
[3.586s] [ext: omni.kit.graph.editor.core-1.5.3] startup
[3.589s] [ext: omni.kit.widget.material_preview-1.0.16] startup
[3.591s] [ext: omni.kit.widget.highlight_label-1.0.3] startup
[3.592s] [ext: omni.kit.window.file-2.0.5] startup
[3.595s] [ext: omni.kit.window.content_browser_registry-0.0.6] startup
[3.596s] [ext: omni.kit.window.property-1.12.1] startup
[3.598s] [ext: omni.kit.window.content_browser-3.1.3] startup
[3.607s] [ext: omni.kit.graph.usd.commands-1.3.1] startup
[3.610s] [ext: omni.kit.property.usd-4.5.12] startup
[3.621s] [ext: omni.graph.ui_nodes-1.50.5] startup
[3.624s] [ext: omni.videoencoding-0.1.2] startup
[3.628s] [ext: omni.kit.window.material_graph-1.9.1] startup
[3.638s] [ext: omni.warp-1.8.2] startup
[3.643s] [ext: isaacsim.core.api-4.8.0] startup
[3.661s] [ext: omni.graph.scriptnode-1.50.0] startup
[3.665s] [ext: isaacsim.test.docstring-1.1.0] startup
[3.671s] [ext: isaacsim.core.experimental.utils-0.3.0] startup
[3.678s] [ext: omni.replicator.core-1.12.27] startup
2026-07-04T13:50:12Z [3,693ms] [Warning] [pxr.Semantics] pxr.Semantics is deprecated - please use Semantics instead
2026-07-04T13:50:12Z [3,788ms] [Warning] [omni.graph.core.plugin] Found duplicate of category 'Replicator' - was 'Annotators', adding 'Fabric Reader'
2026-07-04T13:50:12Z [3,788ms] [Warning] [omni.graph.core.plugin] Category 'Replicator' not accepted on node type 'omni.replicator.core.FabricReader' in extension 'omni.replicator.core'
2026-07-04T13:50:12Z [3,789ms] [Warning] [omni.replicator.core.scripts.extension] No material configuration file, adding configuration to material settings directly.
[3.803s] [ext: isaacsim.core.experimental.prims-0.8.1] startup
[3.838s] [ext: omni.kit.window.extensions-1.4.27] startup
[3.849s] [ext: isaacsim.core.experimental.objects-0.4.0] startup
[3.863s] [ext: omni.ui_query-1.1.8] startup
[3.870s] [ext: omni.kit.manipulator.viewport-107.0.1] startup
[3.875s] [ext: isaacsim.robot.surface_gripper-3.3.1] startup
[3.880s] [ext: omni.kit.ui_test-1.3.7] startup
[3.884s] [ext: omni.graph.visualization.nodes-2.1.3] startup
[3.941s] [ext: isaacsim.robot_motion.lula-4.0.8] startup
[3.991s] [ext: isaacsim.core.nodes-3.4.3] startup
[4.017s] [ext: isaacsim.gui.components-1.2.1] startup
[4.110s] [ext: isaacsim.robot_motion.motion_generation-8.0.26] startup
[4.236s] [ext: isaacsim.robot.manipulators-3.3.6] startup
[4.254s] [ext: isaacsim.core.experimental.materials-0.4.0] startup
[4.271s] [ext: isaacsim.robot.manipulators.examples-1.1.2] startup
[4.278s] [ext: isaacsim.cortex.framework-1.0.12] startup
[4.282s] [ext: isaacsim.cortex.behaviors-2.0.14] startup
[4.285s] [ext: omni.isaac.cortex.sample_behaviors-2.0.5] startup
2026-07-04T13:50:13Z [4,276ms] [Warning] [omni.isaac.cortex] omni.isaac.cortex has been deprecated in favor of isaacsim.cortex.framework. Please update your code accordingly.
2026-07-04T13:50:13Z [4,277ms] [Warning] [omni.isaac.cortex.sample_behaviors] omni.isaac.cortex.sample_behaviors has been deprecated in favor of isaacsim.cortex.behaviors. Please update your code accordingly.
[4.292s] [ext: omni.kit.widget.zoombar-1.0.6] startup
[4.296s] [ext: isaacsim.gui.content_browser-0.1.11] startup
[4.301s] [ext: omni.kit.browser.core-2.3.13] startup
[4.308s] [ext: omni.kit.widget.stage_icons-1.0.8] startup
[4.310s] [ext: omni.kit.widget.prompt-1.0.7] startup
[4.312s] [ext: omni.kit.usd.collect-2.4.5] startup
[4.314s] [ext: omni.kit.browser.folder.core-1.10.9] startup
[4.327s] [ext: omni.kit.window.stage-2.6.1] startup
[4.337s] [ext: omni.kit.usdz_export-1.0.9] startup
[4.340s] [ext: omni.kit.tool.collect-2.2.18] startup
[4.347s] [ext: omni.kit.menu.stage-1.2.7] startup
[4.348s] [ext: omni.kit.tool.asset_importer-4.3.2] startup
[4.353s] [ext: isaacsim.robot.wheeled_robots-4.0.24] startup
[4.360s] [ext: isaacsim.examples.browser-0.2.1] startup
[4.367s] [ext: isaacsim.asset.importer.urdf-2.4.30] startup
[4.440s] [ext: omni.isaac.wheeled_robots-3.0.7] startup
2026-07-04T13:50:13Z [4,431ms] [Warning] [omni.isaac.wheeled_robots] omni.isaac.wheeled_robots has been deprecated in favor of isaacsim.robot.wheeled_robots. Please update your code accordingly.
2026-07-04T13:50:13Z [4,431ms] [Warning] [omni.isaac.wheeled_robots.controllers] omni.isaac.wheeled_robots has been deprecated in favor of isaacsim.robot.wheeled_robots. Please update your code accordingly.
2026-07-04T13:50:13Z [4,431ms] [Warning] [omni.isaac.wheeled_robots.controllers.ackermann_controller] omni.isaac.wheeled_robots has been deprecated in favor of isaacsim.robot.wheeled_robots. Please update your code accordingly.
2026-07-04T13:50:13Z [4,431ms] [Warning] [omni.isaac.wheeled_robots.controllers.differential_controller] omni.isaac.wheeled_robots has been deprecated in favor of isaacsim.robot.wheeled_robots. Please update your code accordingly.
2026-07-04T13:50:13Z [4,431ms] [Warning] [omni.isaac.wheeled_robots.controllers.holonomic_controller] omni.isaac.wheeled_robots has been deprecated in favor of isaacsim.robot.wheeled_robots. Please update your code accordingly.
2026-07-04T13:50:13Z [4,431ms] [Warning] [omni.isaac.wheeled_robots.controllers.quintic_path_planner] omni.isaac.wheeled_robots has been deprecated in favor of isaacsim.robot.wheeled_robots. Please update your code accordingly.
2026-07-04T13:50:13Z [4,433ms] [Warning] [omni.isaac.wheeled_robots.controllers.stanley_control] omni.isaac.wheeled_robots has been deprecated in favor of isaacsim.robot.wheeled_robots. Please update your code accordingly.
2026-07-04T13:50:13Z [4,435ms] [Warning] [omni.isaac.wheeled_robots.controllers.wheel_base_pose_controller] omni.isaac.wheeled_robots has been deprecated in favor of isaacsim.robot.wheeled_robots. Please update your code accordingly.
2026-07-04T13:50:13Z [4,435ms] [Warning] [omni.isaac.wheeled_robots.impl] omni.isaac.wheeled_robots has been deprecated in favor of isaacsim.robot.wheeled_robots. Please update your code accordingly.
2026-07-04T13:50:13Z [4,435ms] [Warning] [omni.isaac.wheeled_robots.robots] omni.isaac.wheeled_robots has been deprecated in favor of isaacsim.robot.wheeled_robots. Please update your code accordingly.
2026-07-04T13:50:13Z [4,436ms] [Warning] [omni.isaac.wheeled_robots.robots.holonomic_robot_usd_setup] omni.isaac.wheeled_robots has been deprecated in favor of isaacsim.robot.wheeled_robots. Please update your code accordingly.
2026-07-04T13:50:13Z [4,436ms] [Warning] [omni.isaac.wheeled_robots.robots.wheeled_robot] omni.isaac.wheeled_robots has been deprecated in favor of isaacsim.robot.wheeled_robots. Please update your code accordingly.
[4.446s] [ext: isaacsim.simulation_app-2.12.2] startup
[4.448s] [ext: omni.isaac.franka-1.0.7] startup
2026-07-04T13:50:13Z [4,438ms] [Warning] [omni.isaac.franka] omni.isaac.franka has been deprecated in favor of isaacsim.robot.manipulators.examples.franka. Please update your code accordingly.
2026-07-04T13:50:13Z [4,438ms] [Warning] [omni.isaac.franka.franka] omni.isaac.franka has been deprecated in favor of isaacsim.robot.manipulators.examples.franka. Please update your code accordingly.
2026-07-04T13:50:13Z [4,450ms] [Warning] [omni.isaac.franka.kinematics_solver] omni.isaac.franka has been deprecated in favor of isaacsim.robot.manipulators.examples.franka. Please update your code accordingly.
[4.461s] [ext: omni.isaac.kit-2.0.6] startup
2026-07-04T13:50:13Z [4,452ms] [Warning] [omni.isaac.kit] omni.isaac.kit has been deprecated in favor of isaacsim.simulation_app. Please update your code accordingly.
[4.462s] [ext: omni.kit.selection-0.1.6] startup
[4.464s] [ext: omni.isaac.lula-4.0.6] startup
2026-07-04T13:50:13Z [4,454ms] [Warning] [omni.isaac.lula] omni.isaac.lula has been deprecated in favor of isaacsim.robot_motion.lula. Please update your code accordingly.
[4.465s] [ext: isaacsim.robot_motion.lula_test_widget-1.0.12] startup
[4.469s] [ext: isaacsim.asset.browser-1.3.23] startup
[4.507s] [ext: omni.kit.viewport.actions-107.0.2] startup
[4.512s] [ext: isaacsim.gui.menu-2.4.4] startup
[4.520s] [ext: omni.isaac.manipulators-3.0.7] startup
2026-07-04T13:50:13Z [4,512ms] [Warning] [omni.isaac.manipulators] omni.isaac.manipulators has been deprecated in favor of isaacsim.robot.manipulators. Please update your code accordingly.
2026-07-04T13:50:13Z [4,513ms] [Warning] [omni.isaac.manipulators.controllers] omni.isaac.manipulators has been deprecated in favor of isaacsim.robot.manipulators. Please update your code accordingly.
2026-07-04T13:50:13Z [4,513ms] [Warning] [omni.isaac.manipulators.controllers.pick_place_controller] omni.isaac.manipulators has been deprecated in favor of isaacsim.robot.manipulators. Please update your code accordingly.
2026-07-04T13:50:13Z [4,515ms] [Warning] [omni.isaac.manipulators.controllers.stacking_controller] omni.isaac.manipulators has been deprecated in favor of isaacsim.robot.manipulators. Please update your code accordingly.
2026-07-04T13:50:13Z [4,515ms] [Warning] [omni.isaac.manipulators.grippers] omni.isaac.manipulators has been deprecated in favor of isaacsim.robot.manipulators. Please update your code accordingly.
2026-07-04T13:50:13Z [4,515ms] [Warning] [omni.isaac.manipulators.grippers.gripper] omni.isaac.manipulators has been deprecated in favor of isaacsim.robot.manipulators. Please update your code accordingly.
2026-07-04T13:50:13Z [4,515ms] [Warning] [omni.isaac.manipulators.grippers.parallel_gripper] omni.isaac.manipulators has been deprecated in favor of isaacsim.robot.manipulators. Please update your code accordingly.
2026-07-04T13:50:13Z [4,515ms] [Warning] [omni.isaac.manipulators.grippers.surface_gripper] omni.isaac.manipulators has been deprecated in favor of isaacsim.robot.manipulators. Please update your code accordingly.
2026-07-04T13:50:13Z [4,515ms] [Warning] [omni.isaac.manipulators.manipulators] omni.isaac.manipulators has been deprecated in favor of isaacsim.robot.manipulators. Please update your code accordingly.
2026-07-04T13:50:13Z [4,516ms] [Warning] [omni.isaac.manipulators.manipulators.single_manipulator] omni.isaac.manipulators has been deprecated in favor of isaacsim.robot.manipulators. Please update your code accordingly.
[4.527s] [ext: omni.isaac.lula_test_widget-1.0.6] startup
2026-07-04T13:50:13Z [4,518ms] [Warning] [omni.isaac.lula_test_widget] omni.isaac.lula_test_widget has been deprecated in favor of isaacsim.robot_motion.lula_test_widget. Please update your code accordingly.
[4.528s] [ext: omni.isaac.asset_browser-1.0.6] startup
2026-07-04T13:50:13Z [4,519ms] [Warning] [omni.isaac.asset_browser] omni.isaac.asset_browser has been deprecated in favor of isaacsim.asset.browser. Please update your code accordingly.
[4.530s] [ext: omni.kit.viewport.menubar.display-107.0.3] startup
[4.535s] [ext: omni.isaac.menu-1.0.6] startup
2026-07-04T13:50:13Z [4,526ms] [Warning] [omni.isaac.menu] omni.isaac.menu has been deprecated in favor of isaacsim.gui.menu. Please update your code accordingly.
[4.537s] [ext: omni.isaac.motion_generation-8.0.7] startup
2026-07-04T13:50:13Z [4,529ms] [Warning] [omni.isaac.motion_generation] omni.isaac.motion_generation has been deprecated in favor of isaacsim.robot_motion.motion_generation. Please update your code accordingly.
2026-07-04T13:50:13Z [4,531ms] [Warning] [omni.isaac.motion_generation.articulation_kinematics_solver] omni.isaac.motion_generation has been deprecated in favor of isaacsim.robot_motion.motion_generation. Please update your code accordingly.
2026-07-04T13:50:13Z [4,531ms] [Warning] [omni.isaac.motion_generation.articulation_motion_policy] omni.isaac.motion_generation has been deprecated in favor of isaacsim.robot_motion.motion_generation. Please update your code accordingly.
2026-07-04T13:50:13Z [4,531ms] [Warning] [omni.isaac.motion_generation.articulation_trajectory] omni.isaac.motion_generation has been deprecated in favor of isaacsim.robot_motion.motion_generation. Please update your code accordingly.
2026-07-04T13:50:13Z [4,531ms] [Warning] [omni.isaac.motion_generation.kinematics_interface] omni.isaac.motion_generation has been deprecated in favor of isaacsim.robot_motion.motion_generation. Please update your code accordingly.
2026-07-04T13:50:13Z [4,531ms] [Warning] [omni.isaac.motion_generation.lula] omni.isaac.motion_generation has been deprecated in favor of isaacsim.robot_motion.motion_generation. Please update your code accordingly.
2026-07-04T13:50:13Z [4,531ms] [Warning] [omni.isaac.motion_generation.lula.kinematics] omni.isaac.motion_generation has been deprecated in favor of isaacsim.robot_motion.motion_generation. Please update your code accordingly.
2026-07-04T13:50:13Z [4,531ms] [Warning] [omni.isaac.motion_generation.lula.motion_policies] omni.isaac.motion_generation has been deprecated in favor of isaacsim.robot_motion.motion_generation. Please update your code accordingly.
2026-07-04T13:50:13Z [4,531ms] [Warning] [omni.isaac.motion_generation.lula.path_planners] omni.isaac.motion_generation has been deprecated in favor of isaacsim.robot_motion.motion_generation. Please update your code accordingly.
2026-07-04T13:50:13Z [4,531ms] [Warning] [omni.isaac.motion_generation.lula.trajectory_generator] omni.isaac.motion_generation has been deprecated in favor of isaacsim.robot_motion.motion_generation. Please update your code accordingly.
2026-07-04T13:50:13Z [4,532ms] [Warning] [omni.isaac.motion_generation.motion_policy_controller] omni.isaac.motion_generation has been deprecated in favor of isaacsim.robot_motion.motion_generation. Please update your code accordingly.
2026-07-04T13:50:13Z [4,532ms] [Warning] [omni.isaac.motion_generation.motion_policy_interface] omni.isaac.motion_generation has been deprecated in favor of isaacsim.robot_motion.motion_generation. Please update your code accordingly.
2026-07-04T13:50:13Z [4,532ms] [Warning] [omni.isaac.motion_generation.path_planner_visualizer] omni.isaac.motion_generation has been deprecated in favor of isaacsim.robot_motion.motion_generation. Please update your code accordingly.
2026-07-04T13:50:13Z [4,532ms] [Warning] [omni.isaac.motion_generation.path_planning_interface] omni.isaac.motion_generation has been deprecated in favor of isaacsim.robot_motion.motion_generation. Please update your code accordingly.
2026-07-04T13:50:13Z [4,532ms] [Warning] [omni.isaac.motion_generation.trajectory] omni.isaac.motion_generation has been deprecated in favor of isaacsim.robot_motion.motion_generation. Please update your code accordingly.
2026-07-04T13:50:13Z [4,532ms] [Warning] [omni.isaac.motion_generation.world_interface] omni.isaac.motion_generation has been deprecated in favor of isaacsim.robot_motion.motion_generation. Please update your code accordingly.
[4.543s] [ext: omni.isaac.assets_check-0.3.13] startup
2026-07-04T13:50:13Z [4,534ms] [Warning] [omni.isaac.assets_check] omni.isaac.assets_check has been deprecated in favor of isaacsim.asset.browser. Please update your code accordingly.
[4.545s] [ext: isaacsim.gui.sensors.icon-2.0.3] startup
[4.561s] [ext: isaacsim.asset.importer.mjcf-2.5.13] startup
[4.568s] [ext: omni.sensors.nv.common-3.0.0] startup
[4.578s] [ext: isaacsim.sensors.physics-0.4.3] startup
[4.586s] [ext: omni.sensors.net-1.0.0] startup
[4.590s] [ext: omni.isaac.nucleus-1.0.6] startup
2026-07-04T13:50:13Z [4,581ms] [Warning] [omni.isaac.nucleus] omni.isaac.nucleus has been deprecated in favor of isaacsim.storage.native. Please update your code accordingly.
2026-07-04T13:50:13Z [4,581ms] [Warning] [omni.isaac.nucleus.nucleus] omni.isaac.nucleus.nucleus has been deprecated in favor of isaacsim.storage.native. Please update your code accordingly.
[4.592s] [ext: omni.sensors.nv.materials-2.0.0] startup
[4.596s] [ext: isaacsim.robot.policy.examples-4.1.11] startup
[4.598s] [ext: omni.sensors.nv.wpm-3.0.0] startup
[4.600s] [ext: omni.sensors.nv.lidar-3.0.0] startup
[4.607s] [ext: isaacsim.util.debug_draw-3.1.0] startup
[4.611s] [ext: omni.sensors.nv.radar-3.0.0] startup
[4.614s] [ext: omni.sensors.nv.ids-2.0.0] startup
[4.615s] [ext: isaacsim.core.cloner-1.4.10] startup
[4.619s] [ext: isaacsim.sensors.physx-2.3.2] startup
[4.624s] [ext: isaacsim.sensors.rtx-15.8.4] startup
[4.632s] [ext: isaacsim.sensors.camera-1.3.6] startup
[4.640s] [ext: omni.isaac.quadruped-3.0.7] startup
2026-07-04T13:50:13Z [4,632ms] [Warning] [omni.isaac.quadruped] omni.isaac.quadruped has been deprecated in favor of isaacsim.robot.policy.examples. Please update your code accordingly.
[4.643s] [ext: omni.isaac.cloner-1.0.7] startup
2026-07-04T13:50:13Z [4,634ms] [Warning] [omni.isaac.cloner] omni.isaac.cloner has been deprecated in favor of isaacsim.core.cloner. Please update your code accordingly.
[4.644s] [ext: omni.isaac.range_sensor-4.0.6] startup
2026-07-04T13:50:13Z [4,640ms] [Warning] [omni.isaac.range_sensor] omni.isaac.range_sensor has been deprecated in favor of isaacsim.sensors.physx. Please update your code accordingly.
2026-07-04T13:50:13Z [4,643ms] [Warning] [omni.isaac.range_sensor.commands] omni.isaac.range_sensor.commands has been deprecated in favor of isaacsim.sensors.physx.commands. Please update your code accordingly.
[4.658s] [ext: omni.isaac.sensor-13.0.7] startup
2026-07-04T13:50:13Z [4,650ms] [Warning] [omni.isaac.sensor] omni.isaac.sensor has been deprecated in favor of isaacsim.sensors.camera, isaacsim.sensors.physics, isaacsim.sensors.physx, and isaacsim.sensors.rtx. Please update your code accordingly.
2026-07-04T13:50:13Z [4,653ms] [Warning] [omni.isaac.sensor.camera] omni.isaac.sensor.camera has been deprecated in favor of isaacsim.sensors.camera.camera. Please update your code accordingly.
2026-07-04T13:50:13Z [4,654ms] [Warning] [omni.isaac.sensor.camera_view] omni.isaac.sensor.camera_view has been deprecated in favor of isaacsim.sensors.camera.camera_view. Please update your code accordingly.
2026-07-04T13:50:13Z [4,654ms] [Warning] [omni.isaac.sensor.commands] omni.isaac.sensor.commands has been deprecated in favor of isaacsim.sensors.physics.commands, isaacsim.sensors.physx.commands, and isaacsim.sensors.rtx.commands. Please update your code accordingly.
2026-07-04T13:50:13Z [4,654ms] [Warning] [omni.isaac.sensor.contact_sensor] omni.isaac.sensor.contact_sensor has been deprecated in favor of isaacsim.sensors.physics.contact_sensor. Please update your code accordingly.
2026-07-04T13:50:13Z [4,654ms] [Warning] [omni.isaac.sensor.imu_sensor] omni.isaac.sensor.imu_sensor has been deprecated in favor of isaacsim.sensors.physics.imu_sensor. Please update your code accordingly.
2026-07-04T13:50:13Z [4,654ms] [Warning] [omni.isaac.sensor.lidar_rtx] omni.isaac.sensor.lidar_rtx has been deprecated in favor of isaacsim.sensors.rtx.lidar_rtx. Please update your code accordingly.
2026-07-04T13:50:13Z [4,654ms] [Warning] [omni.isaac.sensor.rotating_lidar_physX] omni.isaac.sensor.imu_sensor has been deprecated in favor of isaacsim.sensors.physix.rotating_lidar_physX. Please update your code accordingly.
2026-07-04T13:50:13Z [4,655ms] [Warning] [omni.isaac.sensor.scripts.samples.contact_sensor] omni.isaac.sensor.scripts.samples.contact_sensor has been deprecated in favor of isaacsim.sensors.physics.scripts.samples.contact_sensor. Please update your code accordingly.
2026-07-04T13:50:13Z [4,655ms] [Warning] [omni.isaac.sensor.scripts.samples.imu_sensor] omni.isaac.sensor.scripts.samples.imu_sensor has been deprecated in favor of isaacsim.sensors.physics.scripts.samples.imu_sensor. Please update your code accordingly.
2026-07-04T13:50:13Z [4,655ms] [Warning] [omni.isaac.sensor.scripts.samples.lightbeam_sensor] omni.isaac.sensor.scripts.samples.lightbeam_sensor has been deprecated in favor of isaacsim.sensors.physx.scripts.samples.lightbeam_sensor. Please update your code accordingly.
[4.665s] [ext: omni.kit.menu.create-2.0.1] startup
[4.670s] [ext: omni.kit.widget.toolbar-2.0.1] startup
[4.682s] [ext: omni.kit.manipulator.transform-107.0.0] startup
[4.685s] [ext: omni.isaac.core-4.0.7] startup
2026-07-04T13:50:13Z [4,675ms] [Warning] [omni.isaac.core.physics_context.physics_context] omni.isaac.core.physics_context.physics_context has been deprecated in favor of isaacsim.core.api.physics_context.physics_context. Please update your code accordingly.
2026-07-04T13:50:13Z [4,675ms] [Warning] [omni.isaac.core.simulation_context.simulation_context] omni.isaac.core.simulation_context.simulation_context has been deprecated in favor of isaacsim.core.api.simulation_context.simulation_context. Please update your code accordingly.
2026-07-04T13:50:13Z [4,676ms] [Warning] [omni.isaac.core.world.world] omni.isaac.core.world.world has been deprecated in favor of isaacsim.core.api.world.world. Please update your code accordingly.
2026-07-04T13:50:13Z [4,676ms] [Warning] [omni.isaac.core] omni.isaac.core has been deprecated in favor of isaacsim.core.api. Please update your code accordingly.
[4.686s] [ext: omni.kit.scripting-107.3.2] startup
[4.690s] [ext: omni.kit.manipulator.tool.snap-1.5.13] startup
[4.694s] [ext: omni.kit.manipulator.selector-1.1.3] startup
[4.695s] [ext: isaacsim.app.about-2.0.11] startup
[4.701s] [ext: isaacsim.replicator.behavior-1.1.16] startup
[4.702s] [ext: omni.kit.viewport.manipulator.transform-107.0.4] startup
[4.704s] [ext: omni.isaac.window.about-2.0.7] startup
2026-07-04T13:50:13Z [4,697ms] [Warning] [omni.isaac.window.about] omni.isaac.window.about has been deprecated in favor of isaacsim.app.about. Please update your code accordingly.
2026-07-04T13:50:13Z [4,697ms] [Warning] [omni.isaac.window.about.about] omni.isaac.window.about.about has been deprecated in favor of isaacsim.app.about.about. Please update your code accordingly.
[4.707s] [ext: omni.fabric.commands-1.1.6] startup
[4.710s] [ext: omni.kit.manipulator.prim.core-107.0.8] startup
[4.716s] [ext: omni.kit.property.audio-1.0.16] startup
[4.719s] [ext: omni.kit.property.camera-1.0.10] startup
[4.723s] [ext: omni.kit.property.geometry-2.0.4] startup
[4.726s] [ext: omni.hydra.scene_api-0.1.2] startup
[4.729s] [ext: omni.kit.property.light-1.0.12] startup
[4.755s] [ext: omni.kit.manipulator.prim.fabric-107.0.4] startup
[4.758s] [ext: omni.kit.manipulator.prim.usd-107.0.3] startup
[4.760s] [ext: omni.kit.property.material-1.11.9] startup
[4.767s] [ext: omni.kit.property.render-1.2.1] startup
[4.769s] [ext: omni.kit.property.transform-1.5.13] startup
[4.775s] [ext: isaacsim.gui.property-1.1.3] startup
[4.779s] [ext: omni.kit.manipulator.camera-106.0.4] startup
[4.785s] [ext: omni.kit.manipulator.prim-107.0.0] startup
[4.786s] [ext: omni.isaac.surface_gripper-2.0.6] startup
2026-07-04T13:50:13Z [4,776ms] [Warning] [omni.isaac.surface_gripper] omni.isaac.surface_gripper has been deprecated in favor of isaacsim.robot.surface_gripper. Please update your code accordingly.
[4.787s] [ext: omni.kit.manipulator.selection-106.0.1] startup
[4.791s] [ext: omni.kit.property.bundle-1.4.1] startup
[4.793s] [ext: omni.kit.property.isaac-1.0.6] startup
2026-07-04T13:50:13Z [4,784ms] [Warning] [omni.kit.property.isaac] omni.kit.property.isaac has been deprecated in favor of isaacsim.gui.property. Please update your code accordingly.
2026-07-04T13:50:13Z [4,784ms] [Warning] [omni.kit.property.isaac.widgets] omni.kit.property.isaac.widgets has been deprecated in favor of isaacsim.gui.property.widgets. Please update your code accordingly.
[4.795s] [ext: omni.isaac.universal_robots-1.0.6] startup
2026-07-04T13:50:13Z [4,786ms] [Warning] [omni.isaac.universal_robots] omni.isaac.universal_robots has been deprecated in favor of isaacsim.robot.manipulators.examples.universal_robots. Please update your code accordingly.
2026-07-04T13:50:13Z [4,786ms] [Warning] [omni.isaac.universal_robots.kinematics_solver] omni.isaac.franka has been deprecated in favor of isaacsim.robot.manipulators.examples.universal_robots. Please update your code accordingly.
2026-07-04T13:50:13Z [4,787ms] [Warning] [omni.isaac.universal_robots.ur10] omni.isaac.franka has been deprecated in favor of isaacsim.robot.manipulators.examples.universal_robots. Please update your code accordingly.
[4.798s] [ext: omni.isaac.core_nodes-2.0.6] startup
2026-07-04T13:50:13Z [4,791ms] [Warning] [omni.isaac.core_nodes] omni.isaac.core_nodes has been deprecated in favor of isaacsim.core.nodes. Please update your code accordingly.
[4.801s] [ext: omni.kit.viewport.menubar.camera-107.0.6] startup
[4.809s] [ext: omni.kit.viewport.menubar.lighting-107.3.1] startup
[4.811s] [ext: isaacsim.replicator.writers-1.0.17] startup
[4.821s] [ext: omni.kit.viewport.menubar.render-107.0.10] startup
[4.828s] [ext: omni.kit.viewport.menubar.settings-107.0.3] startup
[4.838s] [ext: omni.kit.window.console-1.1.4] startup
[4.843s] [ext: isaacsim.replicator.domain_randomization-1.0.16] startup
[4.846s] [ext: isaacsim.replicator.examples-1.3.6] startup
[4.849s] [ext: omni.ocio-0.1.1] startup
[4.855s] [ext: omni.rtx.window.settings-0.6.19] startup
[4.870s] [ext: omni.kit.window.status_bar-0.1.9] startup
[4.879s] [ext: omni.kit.window.toolbar-2.0.0] startup
[4.882s] [ext: omni.replicator.isaac-2.0.8] startup
2026-07-04T13:50:13Z [4,873ms] [Warning] [omni.replicator.isaac] omni.replicator.isaac has been deprecated in favor of isaacsim.replicator.domain_randomization, isaacsim.replicator.examples, isaacsim.replicator.writers. Please update your code accordingly.
[4.883s] [ext: omni.replicator.replicator_yaml-2.0.11] startup
[4.894s] [ext: omni.rtx.settings.core-0.6.5] startup
[4.900s] [ext: omni.usd.metrics.assembler.ui-107.3.1] startup
[4.913s] [ext: omni.isaac.utils-2.0.6] startup
[4.915s] [ext: semantics.schema.editor-2.0.2] startup
[4.920s] [ext: omni.kit.ui.actions-1.0.5] startup
[4.922s] [ext: semantics.schema.property-2.0.1] startup
[4.926s] [ext: omni.isaac.version-2.0.7] startup
2026-07-04T13:50:14Z [4,917ms] [Warning] [omni.isaac.version] omni.isaac.version has been deprecated in favor of isaacsim.core.version. Please update your code accordingly.
[4.928s] [ext: omni.isaac.cortex-1.0.5] startup
[4.929s] [ext: omni.anim.curve.core-1.3.1] startup
[4.945s] [ext: isaacsim.core.throttling-2.2.2] startup
[4.951s] [ext: omni.kit.menu.common-2.0.1] startup
[4.954s] [ext: isaacsim.exp.base-5.1.0] startup
[4.955s] [ext: isaacsim.exp.base.python-5.1.0] startup
[4.957s] Simulation App Starting
2026-07-04T13:50:14Z [5,356ms] [Warning] [omni.fabric.plugin] Warning: attribute viewPickingId not found for bucket id 9

[5.615s] app ready
Starting kit application with the following args:  ['/home/user/IsaacLab/_isaac_sim/exts/isaacsim.simulation_app/isaacsim/simulation_app/simulation_app.py', '/home/user/isaacsim/apps/isaacsim.exp.base.python.kit', '--/app/tokens/exe-path=/home/user/IsaacLab/_isaac_sim/kit', '--/persistent/app/viewport/displayOptions=3286', '--/rtx/materialDb/syncLoads=True', '--/rtx/hydra/materialSyncLoads=True', '--/omni.kit.plugin/syncUsdLoads=True', '--/app/renderer/resolution/width=1920', '--/app/renderer/resolution/height=1080', '--/app/window/width=1920', '--/app/window/height=1080', '--/renderer/multiGpu/enabled=True', '--/app/fastShutdown=True', '--/app/installSignalHandlers=0', '--ext-folder', '/home/user/IsaacLab/_isaac_sim/exts', '--ext-folder', '/home/user/IsaacLab/_isaac_sim/apps', '--/physics/cudaDevice=0', '--/plugins/carb.tasking.plugin/threadCount=32', '--/plugins/omni.tbb.globalcontrol/maxThreadCount=32', '--portable', '--no-window', '--/app/window/hideUi=False']
Passing the following args to the base kit application:  ['--config', 'palletizing_simulator/config/sim_config.yaml', '--input-dir', '/home/user/Documents/assignment2_project/artifacts/smooth_low_best_isaac_stability_looser/runner/algorithm_results', '-o', '/home/user/Documents/assignment2_project/artifacts/smooth_low_best_isaac_stability_looser/sim_results']
Warp 1.8.2 initialized:
   CUDA Toolkit 12.8, Driver 13.0
   Devices:
     "cpu"      : "x86_64"
     "cuda:0"   : "NVIDIA RTX PRO 6000 Blackwell Workstation Edition" (95 GiB, sm_120, mempool enabled)
   Kernel cache:
     /home/user/.cache/warp/1.8.2
Warp DeprecationWarning: The `warp.sim` module is deprecated and will be removed in v1.10. Please transition to using the forthcoming Newton library instead.
[simulator] Config     : palletizing_simulator/config/sim_config.yaml
[simulator] Input dir  : /home/user/Documents/assignment2_project/artifacts/smooth_low_best_isaac_stability_looser/runner/algorithm_results
[simulator] Output dir : /home/user/Documents/assignment2_project/artifacts/smooth_low_best_isaac_stability_looser/sim_results
[simulator] Found 2 input file(s)
  - box_sequence_0.json
  - box_sequence_1.json
[simulator] drop_offset=0.02m  settle_steps(max)=10  settle_vel=0.05m/s  final_steps=100
[simulator] auto_start : True
[simulator] auto_start=True -> start immediately

[simulator] ══ Processing: box_sequence_0.json ══
[simulator] plan=98  buffer_size=0  source_boxes=250
[simulator] initial buffer ids = []
[simulator] Final settle 100 steps …
[simulator] All steps done  (total 14.7s)
[evaluator] [SUCCESS]  ok=98/98  stacking=70.9% [70.9%]  collapse=0  oob=0  drop=0  buffer=0  score=90.9 (stacking=70.9 + buffer_bonus=20)
[simulator] Screenshot → /home/user/Documents/assignment2_project/artifacts/smooth_low_best_isaac_stability_looser/sim_results/box_sequence_0_result.png

[simulator] ══ Processing: box_sequence_1.json ══
[simulator] plan=80  buffer_size=0  source_boxes=250
[simulator] initial buffer ids = []
[simulator] Final settle 100 steps …
[simulator] All steps done  (total 19.1s)
[evaluator] [SUCCESS]  ok=80/80  stacking=69.1% [69.1%]  collapse=0  oob=0  drop=0  buffer=0  score=89.1 (stacking=69.1 + buffer_bonus=20)
[simulator] Screenshot → /home/user/Documents/assignment2_project/artifacts/smooth_low_best_isaac_stability_looser/sim_results/box_sequence_1_result.png

[evaluator] ══ Result ══
  ✓ box_sequence_0.json  stacking=70.9% [70.9%]  ok=98/98  time=0.0s  buffer=0  score=90.9 (stacking=70.9 + bonus=20)
  ✓ box_sequence_1.json  stacking=69.1% [69.1%]  ok=80/80  time=0.0s  buffer=0  score=89.1 (stacking=69.1 + bonus=20)
  ───────────────────────────────────────────────────────
  summary : episodes 2 success / 0 failure / 0 height_overflow
            avg stacking rate  70.0% [70.0%]
            avg success rate   100.0%
            avg score          90.00
            total processing time 40.6s
[evaluator] Saved → /home/user/Documents/assignment2_project/artifacts/smooth_low_best_isaac_stability_looser/sim_results/result.json

[simulator] All files processed.
[8.718s] Simulation App Startup Complete
2026-07-04T13:50:33Z [23,957ms] [Warning] [omni.syntheticdata.plugin] OgnSdPostRenderVarToHost : rendervar copy from texture directly to host buffer is counter-performant. Please use copy from texture to device buffer first.
2026-07-04T13:50:35Z [26,623ms] [Warning] [omni.physx.tensors.plugin] prim '/World/box_000' was deleted while being used by a shape in a tensor view class. The physics.tensors simulationView was invalidated.
2026-07-04T13:50:36Z [27,140ms] [Warning] [omni.syntheticdata.plugin] SdRenderVarPtr missing valid input renderVar LdrColorSDhost
2026-07-04T13:50:58Z [49,244ms] [Warning] [omni.physx.tensors.plugin] prim '/World/box_000' was deleted while being used by a shape in a tensor view class. The physics.tensors simulationView was invalidated.
[50.699s] Simulation App Shutting Down
