[reward-sweep] warm-start profile=terminal_ratio run=reward_sweep_terminal_ratio seed=2 Tue Jun 30 11:09:32 AM KST 2026
Loading user config located at: '/home/user/isaacsim/kit/data/Kit/Isaac-Sim/5.1/user.config.json'
[Info] [carb] Logging to file: /home/user/isaacsim/kit/logs/Kit/Isaac-Sim/5.1/kit_20260630_110932.log
2026-06-30T02:09:33Z [162ms] [Warning] [omni.platforminfo.plugin] failed to open the default display.  Can't verify X Server version.
2026-06-30T02:09:33Z [163ms] [Warning] [omni.usd_config.extension] Enable omni.materialx.libs extension to use MaterialX
2026-06-30T02:09:33Z [409ms] [Warning] [carb] Acquiring non optional plugin interface which is not listed as dependency: [omni::physx::IPhysxBenchmarks v1.0] (plugin: <default plugin>), by client: omni.physics.physx.plugin. Add it to CARB_PLUGIN_IMPL_DEPS() macro of a client.
2026-06-30T02:09:33Z [504ms] [Warning] [omni.isaac.dynamic_control] omni.isaac.dynamic_control is deprecated as of Isaac Sim 4.5. No action is needed from end-users.
2026-06-30T02:09:33Z [678ms] [Error] [omni.ext._impl.custom_importer] Failed to import python module isaacsim.core.simulation_manager. Error: libcusparseLt.so.0: cannot open shared object file: No such file or directory. Traceback:
Traceback (most recent call last):
  File "/home/user/IsaacLab/_isaac_sim/kit/kernel/py/omni/ext/_impl/custom_importer.py", line 85, in import_module
    return importlib.import_module(name)
           ^^^^^^^^^^^^^^^^^^^^^^^^^^^^^
  File "/home/user/miniconda3/envs/env_isaaclab/lib/python3.11/importlib/__init__.py", line 126, in import_module
    return _bootstrap._gcd_import(name[level:], package, level)
           ^^^^^^^^^^^^^^^^^^^^^^^^^^^^^^^^^^^^^^^^^^^^^^^^^^^^
  File "<frozen importlib._bootstrap>", line 1204, in _gcd_import
  File "<frozen importlib._bootstrap>", line 1176, in _find_and_load
  File "<frozen importlib._bootstrap>", line 1147, in _find_and_load_unlocked
  File "<frozen importlib._bootstrap>", line 690, in _load_unlocked
  File "<frozen importlib._bootstrap_external>", line 940, in exec_module
  File "<frozen importlib._bootstrap>", line 241, in _call_with_frames_removed
  File "/home/user/isaacsim/exts/isaacsim.core.simulation_manager/isaacsim/core/simulation_manager/__init__.py", line 15, in <module>
    from .impl.extension import Extension
  File "/home/user/isaacsim/exts/isaacsim.core.simulation_manager/isaacsim/core/simulation_manager/impl/__init__.py", line 15, in <module>
    from .extension import *
  File "/home/user/isaacsim/exts/isaacsim.core.simulation_manager/isaacsim/core/simulation_manager/impl/extension.py", line 21, in <module>
    from .simulation_manager import SimulationManager
  File "/home/user/isaacsim/exts/isaacsim.core.simulation_manager/isaacsim/core/simulation_manager/impl/simulation_manager.py", line 20, in <module>
    import isaacsim.core.utils.torch as torch_utils
  File "/home/user/isaacsim/exts/isaacsim.core.utils/isaacsim/core/utils/torch/__init__.py", line 15, in <module>
    from .maths import *
  File "/home/user/isaacsim/exts/isaacsim.core.utils/isaacsim/core/utils/torch/maths.py", line 19, in <module>
    import torch
  File "/home/user/miniconda3/envs/env_isaaclab/lib/python3.11/site-packages/torch/__init__.py", line 409, in <module>
    from torch._C import *  # noqa: F403
    ^^^^^^^^^^^^^^^^^^^^^^
ImportError: libcusparseLt.so.0: cannot open shared object file: No such file or directory

2026-06-30T02:09:33Z [678ms] [Error] [carb.scripting-python.plugin] Exception: Extension python module: 'isaacsim.core.simulation_manager' in '/home/user/isaacsim/exts/isaacsim.core.simulation_manager' failed to load.

At:
  /home/user/IsaacLab/_isaac_sim/kit/kernel/py/omni/ext/_impl/_internal.py(222): startup
  /home/user/IsaacLab/_isaac_sim/kit/kernel/py/omni/ext/_impl/_internal.py(337): startup_extension
  PythonExtension.cpp::startup()(2): <module>
  /home/user/IsaacLab/_isaac_sim/exts/isaacsim.simulation_app/isaacsim/simulation_app/simulation_app.py(534): _start_app
  /home/user/IsaacLab/_isaac_sim/exts/isaacsim.simulation_app/isaacsim/simulation_app/simulation_app.py(270): __init__
  /home/user/IsaacLab/source/isaaclab/isaaclab/app/app_launcher.py(823): _create_app
  /home/user/IsaacLab/source/isaaclab/isaaclab/app/app_launcher.py(131): __init__
  /home/user/Documents/assignment2_project/isaaclab_pallet/scripts/train_pallet_gat.py(57): <module>

2026-06-30T02:09:33Z [678ms] [Error] [omni.ext.plugin] [ext: isaacsim.core.simulation_manager-1.4.4] Failed to startup python extension.
2026-06-30T02:09:33Z [701ms] [Error] [omni.ext._impl.custom_importer] Failed to import python module isaacsim.core.prims. Error: libcusparseLt.so.0: cannot open shared object file: No such file or directory. Traceback:
Traceback (most recent call last):
  File "/home/user/IsaacLab/_isaac_sim/kit/kernel/py/omni/ext/_impl/custom_importer.py", line 85, in import_module
    return importlib.import_module(name)
           ^^^^^^^^^^^^^^^^^^^^^^^^^^^^^
  File "/home/user/miniconda3/envs/env_isaaclab/lib/python3.11/importlib/__init__.py", line 126, in import_module
    return _bootstrap._gcd_import(name[level:], package, level)
           ^^^^^^^^^^^^^^^^^^^^^^^^^^^^^^^^^^^^^^^^^^^^^^^^^^^^
  File "<frozen importlib._bootstrap>", line 1204, in _gcd_import
  File "<frozen importlib._bootstrap>", line 1176, in _find_and_load
  File "<frozen importlib._bootstrap>", line 1147, in _find_and_load_unlocked
  File "<frozen importlib._bootstrap>", line 690, in _load_unlocked
  File "<frozen importlib._bootstrap_external>", line 940, in exec_module
  File "<frozen importlib._bootstrap>", line 241, in _call_with_frames_removed
  File "/home/user/isaacsim/exts/isaacsim.core.prims/isaacsim/core/prims/__init__.py", line 16, in <module>
    from .impl import *
  File "/home/user/isaacsim/exts/isaacsim.core.prims/isaacsim/core/prims/impl/__init__.py", line 16, in <module>
    from .articulation import Articulation
  File "/home/user/isaacsim/exts/isaacsim.core.prims/isaacsim/core/prims/impl/articulation.py", line 27, in <module>
    import torch
  File "/home/user/miniconda3/envs/env_isaaclab/lib/python3.11/site-packages/torch/__init__.py", line 409, in <module>
    from torch._C import *  # noqa: F403
    ^^^^^^^^^^^^^^^^^^^^^^
ImportError: libcusparseLt.so.0: cannot open shared object file: No such file or directory

2026-06-30T02:09:33Z [701ms] [Error] [carb.scripting-python.plugin] Exception: Extension python module: 'isaacsim.core.prims' in '/home/user/isaacsim/exts/isaacsim.core.prims' failed to load.

At:
  /home/user/IsaacLab/_isaac_sim/kit/kernel/py/omni/ext/_impl/_internal.py(222): startup
  /home/user/IsaacLab/_isaac_sim/kit/kernel/py/omni/ext/_impl/_internal.py(337): startup_extension
  PythonExtension.cpp::startup()(2): <module>
  /home/user/IsaacLab/_isaac_sim/exts/isaacsim.simulation_app/isaacsim/simulation_app/simulation_app.py(534): _start_app
  /home/user/IsaacLab/_isaac_sim/exts/isaacsim.simulation_app/isaacsim/simulation_app/simulation_app.py(270): __init__
  /home/user/IsaacLab/source/isaaclab/isaaclab/app/app_launcher.py(823): _create_app
  /home/user/IsaacLab/source/isaaclab/isaaclab/app/app_launcher.py(131): __init__
  /home/user/Documents/assignment2_project/isaaclab_pallet/scripts/train_pallet_gat.py(57): <module>

2026-06-30T02:09:33Z [701ms] [Error] [omni.ext.plugin] [ext: isaacsim.core.prims-0.6.1] Failed to startup python extension.
2026-06-30T02:09:33Z [725ms] [Error] [omni.ext._impl.custom_importer] Failed to import python module isaacsim.core.api. Error: libcusparseLt.so.0: cannot open shared object file: No such file or directory. Traceback:
Traceback (most recent call last):
  File "/home/user/IsaacLab/_isaac_sim/kit/kernel/py/omni/ext/_impl/custom_importer.py", line 85, in import_module
    return importlib.import_module(name)
           ^^^^^^^^^^^^^^^^^^^^^^^^^^^^^
  File "/home/user/miniconda3/envs/env_isaaclab/lib/python3.11/importlib/__init__.py", line 126, in import_module
    return _bootstrap._gcd_import(name[level:], package, level)
           ^^^^^^^^^^^^^^^^^^^^^^^^^^^^^^^^^^^^^^^^^^^^^^^^^^^^
  File "<frozen importlib._bootstrap>", line 1204, in _gcd_import
  File "<frozen importlib._bootstrap>", line 1176, in _find_and_load
  File "<frozen importlib._bootstrap>", line 1147, in _find_and_load_unlocked
  File "<frozen importlib._bootstrap>", line 690, in _load_unlocked
  File "<frozen importlib._bootstrap_external>", line 940, in exec_module
  File "<frozen importlib._bootstrap>", line 241, in _call_with_frames_removed
  File "/home/user/isaacsim/exts/isaacsim.core.api/isaacsim/core/api/__init__.py", line 17, in <module>
    from isaacsim.core.api.physics_context.physics_context import PhysicsContext
  File "/home/user/isaacsim/exts/isaacsim.core.api/isaacsim/core/api/physics_context/__init__.py", line 15, in <module>
    from isaacsim.core.api.physics_context.physics_context import PhysicsContext
  File "/home/user/isaacsim/exts/isaacsim.core.api/isaacsim/core/api/physics_context/physics_context.py", line 20, in <module>
    from isaacsim.core.simulation_manager import SimulationManager
  File "/home/user/isaacsim/exts/isaacsim.core.simulation_manager/isaacsim/core/simulation_manager/__init__.py", line 15, in <module>
    from .impl.extension import Extension
  File "/home/user/isaacsim/exts/isaacsim.core.simulation_manager/isaacsim/core/simulation_manager/impl/__init__.py", line 15, in <module>
    from .extension import *
  File "/home/user/isaacsim/exts/isaacsim.core.simulation_manager/isaacsim/core/simulation_manager/impl/extension.py", line 21, in <module>
    from .simulation_manager import SimulationManager
  File "/home/user/isaacsim/exts/isaacsim.core.simulation_manager/isaacsim/core/simulation_manager/impl/simulation_manager.py", line 20, in <module>
    import isaacsim.core.utils.torch as torch_utils
  File "/home/user/isaacsim/exts/isaacsim.core.utils/isaacsim/core/utils/torch/__init__.py", line 15, in <module>
    from .maths import *
  File "/home/user/isaacsim/exts/isaacsim.core.utils/isaacsim/core/utils/torch/maths.py", line 19, in <module>
    import torch
  File "/home/user/miniconda3/envs/env_isaaclab/lib/python3.11/site-packages/torch/__init__.py", line 409, in <module>
    from torch._C import *  # noqa: F403
    ^^^^^^^^^^^^^^^^^^^^^^
ImportError: libcusparseLt.so.0: cannot open shared object file: No such file or directory

2026-06-30T02:09:33Z [725ms] [Error] [carb.scripting-python.plugin] Exception: Extension python module: 'isaacsim.core.api' in '/home/user/isaacsim/exts/isaacsim.core.api' failed to load.

At:
  /home/user/IsaacLab/_isaac_sim/kit/kernel/py/omni/ext/_impl/_internal.py(222): startup
  /home/user/IsaacLab/_isaac_sim/kit/kernel/py/omni/ext/_impl/_internal.py(337): startup_extension
  PythonExtension.cpp::startup()(2): <module>
  /home/user/IsaacLab/_isaac_sim/exts/isaacsim.simulation_app/isaacsim/simulation_app/simulation_app.py(534): _start_app
  /home/user/IsaacLab/_isaac_sim/exts/isaacsim.simulation_app/isaacsim/simulation_app/simulation_app.py(270): __init__
  /home/user/IsaacLab/source/isaaclab/isaaclab/app/app_launcher.py(823): _create_app
  /home/user/IsaacLab/source/isaaclab/isaaclab/app/app_launcher.py(131): __init__
  /home/user/Documents/assignment2_project/isaaclab_pallet/scripts/train_pallet_gat.py(57): <module>

2026-06-30T02:09:33Z [725ms] [Error] [omni.ext.plugin] [ext: isaacsim.core.api-4.8.0] Failed to startup python extension.
2026-06-30T02:09:33Z [850ms] [Error] [omni.ext._impl.custom_importer] Failed to import python module isaacsim.core.cloner. Error: libcusparseLt.so.0: cannot open shared object file: No such file or directory. Traceback:
Traceback (most recent call last):
  File "/home/user/IsaacLab/_isaac_sim/kit/kernel/py/omni/ext/_impl/custom_importer.py", line 85, in import_module
    return importlib.import_module(name)
           ^^^^^^^^^^^^^^^^^^^^^^^^^^^^^
  File "/home/user/miniconda3/envs/env_isaaclab/lib/python3.11/importlib/__init__.py", line 126, in import_module
    return _bootstrap._gcd_import(name[level:], package, level)
           ^^^^^^^^^^^^^^^^^^^^^^^^^^^^^^^^^^^^^^^^^^^^^^^^^^^^
  File "<frozen importlib._bootstrap>", line 1204, in _gcd_import
  File "<frozen importlib._bootstrap>", line 1176, in _find_and_load
  File "<frozen importlib._bootstrap>", line 1147, in _find_and_load_unlocked
  File "<frozen importlib._bootstrap>", line 690, in _load_unlocked
  File "<frozen importlib._bootstrap_external>", line 940, in exec_module
  File "<frozen importlib._bootstrap>", line 241, in _call_with_frames_removed
  File "/home/user/isaacsim/exts/isaacsim.core.cloner/isaacsim/core/cloner/__init__.py", line 16, in <module>
    from .impl.cloner import *
  File "/home/user/isaacsim/exts/isaacsim.core.cloner/isaacsim/core/cloner/impl/cloner.py", line 21, in <module>
    import torch
  File "/home/user/miniconda3/envs/env_isaaclab/lib/python3.11/site-packages/torch/__init__.py", line 409, in <module>
    from torch._C import *  # noqa: F403
    ^^^^^^^^^^^^^^^^^^^^^^
ImportError: libcusparseLt.so.0: cannot open shared object file: No such file or directory

2026-06-30T02:09:33Z [850ms] [Error] [carb.scripting-python.plugin] Exception: Extension python module: 'isaacsim.core.cloner' in '/home/user/isaacsim/exts/isaacsim.core.cloner' failed to load.

At:
  /home/user/IsaacLab/_isaac_sim/kit/kernel/py/omni/ext/_impl/_internal.py(222): startup
  /home/user/IsaacLab/_isaac_sim/kit/kernel/py/omni/ext/_impl/_internal.py(337): startup_extension
  PythonExtension.cpp::startup()(2): <module>
  /home/user/IsaacLab/_isaac_sim/exts/isaacsim.simulation_app/isaacsim/simulation_app/simulation_app.py(534): _start_app
  /home/user/IsaacLab/_isaac_sim/exts/isaacsim.simulation_app/isaacsim/simulation_app/simulation_app.py(270): __init__
  /home/user/IsaacLab/source/isaaclab/isaaclab/app/app_launcher.py(823): _create_app
  /home/user/IsaacLab/source/isaaclab/isaaclab/app/app_launcher.py(131): __init__
  /home/user/Documents/assignment2_project/isaaclab_pallet/scripts/train_pallet_gat.py(57): <module>

2026-06-30T02:09:33Z [850ms] [Error] [omni.ext.plugin] [ext: isaacsim.core.cloner-1.4.10] Failed to startup python extension.
2026-06-30T02:09:33Z [890ms] [Error] [omni.ext._impl.custom_importer] Failed to import python module isaaclab_assets. Error: libcusparseLt.so.0: cannot open shared object file: No such file or directory. Traceback:
Traceback (most recent call last):
  File "/home/user/IsaacLab/_isaac_sim/kit/kernel/py/omni/ext/_impl/custom_importer.py", line 85, in import_module
    return importlib.import_module(name)
           ^^^^^^^^^^^^^^^^^^^^^^^^^^^^^
  File "/home/user/miniconda3/envs/env_isaaclab/lib/python3.11/importlib/__init__.py", line 126, in import_module
    return _bootstrap._gcd_import(name[level:], package, level)
           ^^^^^^^^^^^^^^^^^^^^^^^^^^^^^^^^^^^^^^^^^^^^^^^^^^^^
  File "<frozen importlib._bootstrap>", line 1204, in _gcd_import
  File "<frozen importlib._bootstrap>", line 1176, in _find_and_load
  File "<frozen importlib._bootstrap>", line 1147, in _find_and_load_unlocked
  File "<frozen importlib._bootstrap>", line 690, in _load_unlocked
  File "<frozen importlib._bootstrap_external>", line 940, in exec_module
  File "<frozen importlib._bootstrap>", line 241, in _call_with_frames_removed
  File "/home/user/IsaacLab/source/isaaclab_assets/isaaclab_assets/__init__.py", line 23, in <module>
    from .robots import *
  File "/home/user/IsaacLab/source/isaaclab_assets/isaaclab_assets/robots/__init__.py", line 10, in <module>
    from .agibot import *
  File "/home/user/IsaacLab/source/isaaclab_assets/isaaclab_assets/robots/agibot.py", line 15, in <module>
    import isaaclab.sim as sim_utils
  File "/home/user/IsaacLab/source/isaaclab/isaaclab/sim/__init__.py", line 29, in <module>
    from .converters import *  # noqa: F401, F403
    ^^^^^^^^^^^^^^^^^^^^^^^^^
  File "/home/user/IsaacLab/source/isaaclab/isaaclab/sim/converters/__init__.py", line 19, in <module>
    from .asset_converter_base import AssetConverterBase
  File "/home/user/IsaacLab/source/isaaclab/isaaclab/sim/converters/asset_converter_base.py", line 14, in <module>
    from isaaclab.sim.converters.asset_converter_base_cfg import AssetConverterBaseCfg
  File "/home/user/IsaacLab/source/isaaclab/isaaclab/sim/converters/asset_converter_base_cfg.py", line 8, in <module>
    from isaaclab.utils import configclass
  File "/home/user/IsaacLab/source/isaaclab/isaaclab/utils/__init__.py", line 8, in <module>
    from .array import *
  File "/home/user/IsaacLab/source/isaaclab/isaaclab/utils/array.py", line 14, in <module>
    import torch
  File "/home/user/miniconda3/envs/env_isaaclab/lib/python3.11/site-packages/torch/__init__.py", line 409, in <module>
    from torch._C import *  # noqa: F403
    ^^^^^^^^^^^^^^^^^^^^^^
ImportError: libcusparseLt.so.0: cannot open shared object file: No such file or directory

2026-06-30T02:09:33Z [890ms] [Error] [carb.scripting-python.plugin] Exception: Extension python module: 'isaaclab_assets' in '/home/user/IsaacLab/source/isaaclab_assets' failed to load.

At:
  /home/user/IsaacLab/_isaac_sim/kit/kernel/py/omni/ext/_impl/_internal.py(222): startup
  /home/user/IsaacLab/_isaac_sim/kit/kernel/py/omni/ext/_impl/_internal.py(337): startup_extension
  PythonExtension.cpp::startup()(2): <module>
  /home/user/IsaacLab/_isaac_sim/exts/isaacsim.simulation_app/isaacsim/simulation_app/simulation_app.py(534): _start_app
  /home/user/IsaacLab/_isaac_sim/exts/isaacsim.simulation_app/isaacsim/simulation_app/simulation_app.py(270): __init__
  /home/user/IsaacLab/source/isaaclab/isaaclab/app/app_launcher.py(823): _create_app
  /home/user/IsaacLab/source/isaaclab/isaaclab/app/app_launcher.py(131): __init__
  /home/user/Documents/assignment2_project/isaaclab_pallet/scripts/train_pallet_gat.py(57): <module>

2026-06-30T02:09:33Z [890ms] [Error] [omni.ext.plugin] [ext: isaaclab_assets-0.2.4] Failed to startup python extension.
2026-06-30T02:09:33Z [932ms] [Error] [omni.ext._impl.custom_importer] Failed to import python module isaaclab_tasks. Error: libcusparseLt.so.0: cannot open shared object file: No such file or directory. Traceback:
Traceback (most recent call last):
  File "/home/user/IsaacLab/_isaac_sim/kit/kernel/py/omni/ext/_impl/custom_importer.py", line 85, in import_module
    return importlib.import_module(name)
           ^^^^^^^^^^^^^^^^^^^^^^^^^^^^^
  File "/home/user/miniconda3/envs/env_isaaclab/lib/python3.11/importlib/__init__.py", line 126, in import_module
    return _bootstrap._gcd_import(name[level:], package, level)
           ^^^^^^^^^^^^^^^^^^^^^^^^^^^^^^^^^^^^^^^^^^^^^^^^^^^^
  File "<frozen importlib._bootstrap>", line 1204, in _gcd_import
  File "<frozen importlib._bootstrap>", line 1176, in _find_and_load
  File "<frozen importlib._bootstrap>", line 1147, in _find_and_load_unlocked
  File "<frozen importlib._bootstrap>", line 690, in _load_unlocked
  File "<frozen importlib._bootstrap_external>", line 940, in exec_module
  File "<frozen importlib._bootstrap>", line 241, in _call_with_frames_removed
  File "/home/user/IsaacLab/source/isaaclab_tasks/isaaclab_tasks/__init__.py", line 33, in <module>
    from .utils import import_packages
  File "/home/user/IsaacLab/source/isaaclab_tasks/isaaclab_tasks/utils/__init__.py", line 9, in <module>
    from .parse_cfg import get_checkpoint_path, load_cfg_from_registry, parse_env_cfg
  File "/home/user/IsaacLab/source/isaaclab_tasks/isaaclab_tasks/utils/parse_cfg.py", line 17, in <module>
    from isaaclab.envs import DirectRLEnvCfg, ManagerBasedRLEnvCfg
  File "/home/user/IsaacLab/source/isaaclab/isaaclab/envs/__init__.py", line 45, in <module>
    from . import mdp, ui
  File "/home/user/IsaacLab/source/isaaclab/isaaclab/envs/mdp/__init__.py", line 18, in <module>
    from .actions import *  # noqa: F401, F403
    ^^^^^^^^^^^^^^^^^^^^^^
  File "/home/user/IsaacLab/source/isaaclab/isaaclab/envs/mdp/actions/__init__.py", line 8, in <module>
    from .actions_cfg import *
  File "/home/user/IsaacLab/source/isaaclab/isaaclab/envs/mdp/actions/actions_cfg.py", line 8, in <module>
    from isaaclab.controllers import DifferentialIKControllerCfg, OperationalSpaceControllerCfg
  File "/home/user/IsaacLab/source/isaaclab/isaaclab/controllers/__init__.py", line 14, in <module>
    from .differential_ik import DifferentialIKController
  File "/home/user/IsaacLab/source/isaaclab/isaaclab/controllers/differential_ik.py", line 10, in <module>
    import torch
  File "/home/user/miniconda3/envs/env_isaaclab/lib/python3.11/site-packages/torch/__init__.py", line 409, in <module>
    from torch._C import *  # noqa: F403
    ^^^^^^^^^^^^^^^^^^^^^^
ImportError: libcusparseLt.so.0: cannot open shared object file: No such file or directory

2026-06-30T02:09:33Z [932ms] [Error] [carb.scripting-python.plugin] Exception: Extension python module: 'isaaclab_tasks' in '/home/user/IsaacLab/source/isaaclab_tasks' failed to load.

At:
  /home/user/IsaacLab/_isaac_sim/kit/kernel/py/omni/ext/_impl/_internal.py(222): startup
  /home/user/IsaacLab/_isaac_sim/kit/kernel/py/omni/ext/_impl/_internal.py(337): startup_extension
  PythonExtension.cpp::startup()(2): <module>
  /home/user/IsaacLab/_isaac_sim/exts/isaacsim.simulation_app/isaacsim/simulation_app/simulation_app.py(534): _start_app
  /home/user/IsaacLab/_isaac_sim/exts/isaacsim.simulation_app/isaacsim/simulation_app/simulation_app.py(270): __init__
  /home/user/IsaacLab/source/isaaclab/isaaclab/app/app_launcher.py(823): _create_app
  /home/user/IsaacLab/source/isaaclab/isaaclab/app/app_launcher.py(131): __init__
  /home/user/Documents/assignment2_project/isaaclab_pallet/scripts/train_pallet_gat.py(57): <module>

2026-06-30T02:09:33Z [932ms] [Error] [omni.ext.plugin] [ext: isaaclab_tasks-0.11.16] Failed to startup python extension.
[INFO][AppLauncher]: Using device: cuda:0
[INFO][AppLauncher]: Loading experience file: /home/user/IsaacLab/apps/isaaclab.python.headless.kit
2026-06-30T02:09:33Z [1,137ms] [Warning] [gpu.foundation.plugin] Skipping unsupported non-NVIDIA GPU: AMD Unknown (RADV RAPHAEL_MENDOCINO)
2026-06-30T02:09:33Z [1,137ms] [Warning] [gpu.foundation.plugin] Skipping unsupported non-NVIDIA GPU: AMD Unknown (RADV RAPHAEL_MENDOCINO)

|---------------------------------------------------------------------------------------------|
| Driver Version: 580.159.03    | Graphics API: Vulkan
|=============================================================================================|
| GPU | Name                             | Active | LDA | GPU Memory | Vendor-ID | LUID       |
|     |                                  |        |     |            | Device-ID | UUID       |
|     |                                  |        |     |            | Bus-ID    |            |
|---------------------------------------------------------------------------------------------|
| 0   | NVIDIA RTX PRO 6000 Blackwell .. | Yes: 0 |     | 97887   MB | 10de      | 0          |
|     |                                  |        |     |            | 2bb1      | 25b334fd.. |
|     |                                  |        |     |            | 1         |            |
|---------------------------------------------------------------------------------------------|
| 1   | AMD Unknown (RADV RAPHAEL_MEND.. |        |     | 43508   MB | 1002      | 0          |
|     |                                  |        |     |            | 13c0      | 00000000.. |
|     |                                  |        |     |            | 79        |            |
|=============================================================================================|
| OS: 22.04.5 LTS (Jammy Jellyfish) ubuntu, Version: 22.04.5, Kernel: 6.8.0-124-generic
| Processor: AMD Ryzen 9 9950X3D 16-Core Processor
| Cores: 16 | Logical Cores: 32
|---------------------------------------------------------------------------------------------|
| Total Memory (MB): 126429 | Free Memory: 118100
| Total Page/Swap (MB): 2047 | Free Page/Swap: 2046
|---------------------------------------------------------------------------------------------|
2026-06-30T02:09:34Z [1,320ms] [Warning] [omni.kvdb.plugin] Disabling key-value database because another kit process is locking it
Traceback (most recent call last):
  File "/home/user/Documents/assignment2_project/isaaclab_pallet/scripts/train_pallet_gat.py", line 62, in <module>
    import torch  # noqa: E402
    ^^^^^^^^^^^^
  File "/home/user/miniconda3/envs/env_isaaclab/lib/python3.11/site-packages/torch/__init__.py", line 409, in <module>
    from torch._C import *  # noqa: F403
    ^^^^^^^^^^^^^^^^^^^^^^
ImportError: libcusparseLt.so.0: cannot open shared object file: No such file or directory
2026-06-30T02:09:34Z [1,387ms] [Warning] [omni.physx.plugin] USD stage detach not called, holding a loose ptr to a stage!
2026-06-30T02:09:34Z [1,547ms] [Warning] [carb] Recursive unloadAllPlugins() detected!
[reward-sweep] profile=terminal_ratio exited code=0 Tue Jun 30 11:09:34 AM KST 2026
[reward-sweep] warm-start profile=terminal_ratio run=reward_sweep_terminal_ratio seed=2 Tue Jun 30 11:32:48 AM KST 2026
Loading user config located at: '/home/user/isaacsim/kit/data/Kit/Isaac-Sim/5.1/user.config.json'
[Info] [carb] Logging to file: /home/user/isaacsim/kit/logs/Kit/Isaac-Sim/5.1/kit_20260630_113248.log
2026-06-30T02:32:48Z [161ms] [Warning] [omni.platforminfo.plugin] failed to open the default display.  Can't verify X Server version.
2026-06-30T02:32:48Z [162ms] [Warning] [omni.usd_config.extension] Enable omni.materialx.libs extension to use MaterialX
2026-06-30T02:32:48Z [403ms] [Warning] [carb] Acquiring non optional plugin interface which is not listed as dependency: [omni::physx::IPhysxBenchmarks v1.0] (plugin: <default plugin>), by client: omni.physics.physx.plugin. Add it to CARB_PLUGIN_IMPL_DEPS() macro of a client.
2026-06-30T02:32:48Z [497ms] [Warning] [omni.isaac.dynamic_control] omni.isaac.dynamic_control is deprecated as of Isaac Sim 4.5. No action is needed from end-users.
2026-06-30T02:32:48Z [635ms] [Error] [omni.ext._impl.custom_importer] Failed to import python module isaacsim.core.simulation_manager. Error: libcusparseLt.so.0: cannot open shared object file: No such file or directory. Traceback:
Traceback (most recent call last):
  File "/home/user/IsaacLab/_isaac_sim/kit/kernel/py/omni/ext/_impl/custom_importer.py", line 85, in import_module
    return importlib.import_module(name)
           ^^^^^^^^^^^^^^^^^^^^^^^^^^^^^
  File "/home/user/miniconda3/envs/env_isaaclab/lib/python3.11/importlib/__init__.py", line 126, in import_module
    return _bootstrap._gcd_import(name[level:], package, level)
           ^^^^^^^^^^^^^^^^^^^^^^^^^^^^^^^^^^^^^^^^^^^^^^^^^^^^
  File "<frozen importlib._bootstrap>", line 1204, in _gcd_import
  File "<frozen importlib._bootstrap>", line 1176, in _find_and_load
  File "<frozen importlib._bootstrap>", line 1147, in _find_and_load_unlocked
  File "<frozen importlib._bootstrap>", line 690, in _load_unlocked
  File "<frozen importlib._bootstrap_external>", line 940, in exec_module
  File "<frozen importlib._bootstrap>", line 241, in _call_with_frames_removed
  File "/home/user/isaacsim/exts/isaacsim.core.simulation_manager/isaacsim/core/simulation_manager/__init__.py", line 15, in <module>
    from .impl.extension import Extension
  File "/home/user/isaacsim/exts/isaacsim.core.simulation_manager/isaacsim/core/simulation_manager/impl/__init__.py", line 15, in <module>
    from .extension import *
  File "/home/user/isaacsim/exts/isaacsim.core.simulation_manager/isaacsim/core/simulation_manager/impl/extension.py", line 21, in <module>
    from .simulation_manager import SimulationManager
  File "/home/user/isaacsim/exts/isaacsim.core.simulation_manager/isaacsim/core/simulation_manager/impl/simulation_manager.py", line 20, in <module>
    import isaacsim.core.utils.torch as torch_utils
  File "/home/user/isaacsim/exts/isaacsim.core.utils/isaacsim/core/utils/torch/__init__.py", line 15, in <module>
    from .maths import *
  File "/home/user/isaacsim/exts/isaacsim.core.utils/isaacsim/core/utils/torch/maths.py", line 19, in <module>
    import torch
  File "/home/user/miniconda3/envs/env_isaaclab/lib/python3.11/site-packages/torch/__init__.py", line 409, in <module>
    from torch._C import *  # noqa: F403
    ^^^^^^^^^^^^^^^^^^^^^^
ImportError: libcusparseLt.so.0: cannot open shared object file: No such file or directory

2026-06-30T02:32:48Z [635ms] [Error] [carb.scripting-python.plugin] Exception: Extension python module: 'isaacsim.core.simulation_manager' in '/home/user/isaacsim/exts/isaacsim.core.simulation_manager' failed to load.

At:
  /home/user/IsaacLab/_isaac_sim/kit/kernel/py/omni/ext/_impl/_internal.py(222): startup
  /home/user/IsaacLab/_isaac_sim/kit/kernel/py/omni/ext/_impl/_internal.py(337): startup_extension
  PythonExtension.cpp::startup()(2): <module>
  /home/user/IsaacLab/_isaac_sim/exts/isaacsim.simulation_app/isaacsim/simulation_app/simulation_app.py(534): _start_app
  /home/user/IsaacLab/_isaac_sim/exts/isaacsim.simulation_app/isaacsim/simulation_app/simulation_app.py(270): __init__
  /home/user/IsaacLab/source/isaaclab/isaaclab/app/app_launcher.py(823): _create_app
  /home/user/IsaacLab/source/isaaclab/isaaclab/app/app_launcher.py(131): __init__
  /home/user/Documents/assignment2_project/isaaclab_pallet/scripts/train_pallet_gat.py(57): <module>

2026-06-30T02:32:48Z [635ms] [Error] [omni.ext.plugin] [ext: isaacsim.core.simulation_manager-1.4.4] Failed to startup python extension.
2026-06-30T02:32:48Z [665ms] [Error] [omni.ext._impl.custom_importer] Failed to import python module isaacsim.core.prims. Error: libcusparseLt.so.0: cannot open shared object file: No such file or directory. Traceback:
Traceback (most recent call last):
  File "/home/user/IsaacLab/_isaac_sim/kit/kernel/py/omni/ext/_impl/custom_importer.py", line 85, in import_module
    return importlib.import_module(name)
           ^^^^^^^^^^^^^^^^^^^^^^^^^^^^^
  File "/home/user/miniconda3/envs/env_isaaclab/lib/python3.11/importlib/__init__.py", line 126, in import_module
    return _bootstrap._gcd_import(name[level:], package, level)
           ^^^^^^^^^^^^^^^^^^^^^^^^^^^^^^^^^^^^^^^^^^^^^^^^^^^^
  File "<frozen importlib._bootstrap>", line 1204, in _gcd_import
  File "<frozen importlib._bootstrap>", line 1176, in _find_and_load
  File "<frozen importlib._bootstrap>", line 1147, in _find_and_load_unlocked
  File "<frozen importlib._bootstrap>", line 690, in _load_unlocked
  File "<frozen importlib._bootstrap_external>", line 940, in exec_module
  File "<frozen importlib._bootstrap>", line 241, in _call_with_frames_removed
  File "/home/user/isaacsim/exts/isaacsim.core.prims/isaacsim/core/prims/__init__.py", line 16, in <module>
    from .impl import *
  File "/home/user/isaacsim/exts/isaacsim.core.prims/isaacsim/core/prims/impl/__init__.py", line 16, in <module>
    from .articulation import Articulation
  File "/home/user/isaacsim/exts/isaacsim.core.prims/isaacsim/core/prims/impl/articulation.py", line 27, in <module>
    import torch
  File "/home/user/miniconda3/envs/env_isaaclab/lib/python3.11/site-packages/torch/__init__.py", line 409, in <module>
    from torch._C import *  # noqa: F403
    ^^^^^^^^^^^^^^^^^^^^^^
ImportError: libcusparseLt.so.0: cannot open shared object file: No such file or directory

2026-06-30T02:32:48Z [665ms] [Error] [carb.scripting-python.plugin] Exception: Extension python module: 'isaacsim.core.prims' in '/home/user/isaacsim/exts/isaacsim.core.prims' failed to load.

At:
  /home/user/IsaacLab/_isaac_sim/kit/kernel/py/omni/ext/_impl/_internal.py(222): startup
  /home/user/IsaacLab/_isaac_sim/kit/kernel/py/omni/ext/_impl/_internal.py(337): startup_extension
  PythonExtension.cpp::startup()(2): <module>
  /home/user/IsaacLab/_isaac_sim/exts/isaacsim.simulation_app/isaacsim/simulation_app/simulation_app.py(534): _start_app
  /home/user/IsaacLab/_isaac_sim/exts/isaacsim.simulation_app/isaacsim/simulation_app/simulation_app.py(270): __init__
  /home/user/IsaacLab/source/isaaclab/isaaclab/app/app_launcher.py(823): _create_app
  /home/user/IsaacLab/source/isaaclab/isaaclab/app/app_launcher.py(131): __init__
  /home/user/Documents/assignment2_project/isaaclab_pallet/scripts/train_pallet_gat.py(57): <module>

2026-06-30T02:32:48Z [665ms] [Error] [omni.ext.plugin] [ext: isaacsim.core.prims-0.6.1] Failed to startup python extension.
2026-06-30T02:32:48Z [688ms] [Error] [omni.ext._impl.custom_importer] Failed to import python module isaacsim.core.api. Error: libcusparseLt.so.0: cannot open shared object file: No such file or directory. Traceback:
Traceback (most recent call last):
  File "/home/user/IsaacLab/_isaac_sim/kit/kernel/py/omni/ext/_impl/custom_importer.py", line 85, in import_module
    return importlib.import_module(name)
           ^^^^^^^^^^^^^^^^^^^^^^^^^^^^^
  File "/home/user/miniconda3/envs/env_isaaclab/lib/python3.11/importlib/__init__.py", line 126, in import_module
    return _bootstrap._gcd_import(name[level:], package, level)
           ^^^^^^^^^^^^^^^^^^^^^^^^^^^^^^^^^^^^^^^^^^^^^^^^^^^^
  File "<frozen importlib._bootstrap>", line 1204, in _gcd_import
  File "<frozen importlib._bootstrap>", line 1176, in _find_and_load
  File "<frozen importlib._bootstrap>", line 1147, in _find_and_load_unlocked
  File "<frozen importlib._bootstrap>", line 690, in _load_unlocked
  File "<frozen importlib._bootstrap_external>", line 940, in exec_module
  File "<frozen importlib._bootstrap>", line 241, in _call_with_frames_removed
  File "/home/user/isaacsim/exts/isaacsim.core.api/isaacsim/core/api/__init__.py", line 17, in <module>
    from isaacsim.core.api.physics_context.physics_context import PhysicsContext
  File "/home/user/isaacsim/exts/isaacsim.core.api/isaacsim/core/api/physics_context/__init__.py", line 15, in <module>
    from isaacsim.core.api.physics_context.physics_context import PhysicsContext
  File "/home/user/isaacsim/exts/isaacsim.core.api/isaacsim/core/api/physics_context/physics_context.py", line 20, in <module>
    from isaacsim.core.simulation_manager import SimulationManager
  File "/home/user/isaacsim/exts/isaacsim.core.simulation_manager/isaacsim/core/simulation_manager/__init__.py", line 15, in <module>
    from .impl.extension import Extension
  File "/home/user/isaacsim/exts/isaacsim.core.simulation_manager/isaacsim/core/simulation_manager/impl/__init__.py", line 15, in <module>
    from .extension import *
  File "/home/user/isaacsim/exts/isaacsim.core.simulation_manager/isaacsim/core/simulation_manager/impl/extension.py", line 21, in <module>
    from .simulation_manager import SimulationManager
  File "/home/user/isaacsim/exts/isaacsim.core.simulation_manager/isaacsim/core/simulation_manager/impl/simulation_manager.py", line 20, in <module>
    import isaacsim.core.utils.torch as torch_utils
  File "/home/user/isaacsim/exts/isaacsim.core.utils/isaacsim/core/utils/torch/__init__.py", line 15, in <module>
    from .maths import *
  File "/home/user/isaacsim/exts/isaacsim.core.utils/isaacsim/core/utils/torch/maths.py", line 19, in <module>
    import torch
  File "/home/user/miniconda3/envs/env_isaaclab/lib/python3.11/site-packages/torch/__init__.py", line 409, in <module>
    from torch._C import *  # noqa: F403
    ^^^^^^^^^^^^^^^^^^^^^^
ImportError: libcusparseLt.so.0: cannot open shared object file: No such file or directory

2026-06-30T02:32:48Z [688ms] [Error] [carb.scripting-python.plugin] Exception: Extension python module: 'isaacsim.core.api' in '/home/user/isaacsim/exts/isaacsim.core.api' failed to load.

At:
  /home/user/IsaacLab/_isaac_sim/kit/kernel/py/omni/ext/_impl/_internal.py(222): startup
  /home/user/IsaacLab/_isaac_sim/kit/kernel/py/omni/ext/_impl/_internal.py(337): startup_extension
  PythonExtension.cpp::startup()(2): <module>
  /home/user/IsaacLab/_isaac_sim/exts/isaacsim.simulation_app/isaacsim/simulation_app/simulation_app.py(534): _start_app
  /home/user/IsaacLab/_isaac_sim/exts/isaacsim.simulation_app/isaacsim/simulation_app/simulation_app.py(270): __init__
  /home/user/IsaacLab/source/isaaclab/isaaclab/app/app_launcher.py(823): _create_app
  /home/user/IsaacLab/source/isaaclab/isaaclab/app/app_launcher.py(131): __init__
  /home/user/Documents/assignment2_project/isaaclab_pallet/scripts/train_pallet_gat.py(57): <module>

2026-06-30T02:32:48Z [688ms] [Error] [omni.ext.plugin] [ext: isaacsim.core.api-4.8.0] Failed to startup python extension.
2026-06-30T02:32:48Z [812ms] [Error] [omni.ext._impl.custom_importer] Failed to import python module isaacsim.core.cloner. Error: libcusparseLt.so.0: cannot open shared object file: No such file or directory. Traceback:
Traceback (most recent call last):
  File "/home/user/IsaacLab/_isaac_sim/kit/kernel/py/omni/ext/_impl/custom_importer.py", line 85, in import_module
    return importlib.import_module(name)
           ^^^^^^^^^^^^^^^^^^^^^^^^^^^^^
  File "/home/user/miniconda3/envs/env_isaaclab/lib/python3.11/importlib/__init__.py", line 126, in import_module
    return _bootstrap._gcd_import(name[level:], package, level)
           ^^^^^^^^^^^^^^^^^^^^^^^^^^^^^^^^^^^^^^^^^^^^^^^^^^^^
  File "<frozen importlib._bootstrap>", line 1204, in _gcd_import
  File "<frozen importlib._bootstrap>", line 1176, in _find_and_load
  File "<frozen importlib._bootstrap>", line 1147, in _find_and_load_unlocked
  File "<frozen importlib._bootstrap>", line 690, in _load_unlocked
  File "<frozen importlib._bootstrap_external>", line 940, in exec_module
  File "<frozen importlib._bootstrap>", line 241, in _call_with_frames_removed
  File "/home/user/isaacsim/exts/isaacsim.core.cloner/isaacsim/core/cloner/__init__.py", line 16, in <module>
    from .impl.cloner import *
  File "/home/user/isaacsim/exts/isaacsim.core.cloner/isaacsim/core/cloner/impl/cloner.py", line 21, in <module>
    import torch
  File "/home/user/miniconda3/envs/env_isaaclab/lib/python3.11/site-packages/torch/__init__.py", line 409, in <module>
    from torch._C import *  # noqa: F403
    ^^^^^^^^^^^^^^^^^^^^^^
ImportError: libcusparseLt.so.0: cannot open shared object file: No such file or directory

2026-06-30T02:32:48Z [812ms] [Error] [carb.scripting-python.plugin] Exception: Extension python module: 'isaacsim.core.cloner' in '/home/user/isaacsim/exts/isaacsim.core.cloner' failed to load.

At:
  /home/user/IsaacLab/_isaac_sim/kit/kernel/py/omni/ext/_impl/_internal.py(222): startup
  /home/user/IsaacLab/_isaac_sim/kit/kernel/py/omni/ext/_impl/_internal.py(337): startup_extension
  PythonExtension.cpp::startup()(2): <module>
  /home/user/IsaacLab/_isaac_sim/exts/isaacsim.simulation_app/isaacsim/simulation_app/simulation_app.py(534): _start_app
  /home/user/IsaacLab/_isaac_sim/exts/isaacsim.simulation_app/isaacsim/simulation_app/simulation_app.py(270): __init__
  /home/user/IsaacLab/source/isaaclab/isaaclab/app/app_launcher.py(823): _create_app
  /home/user/IsaacLab/source/isaaclab/isaaclab/app/app_launcher.py(131): __init__
  /home/user/Documents/assignment2_project/isaaclab_pallet/scripts/train_pallet_gat.py(57): <module>

2026-06-30T02:32:48Z [812ms] [Error] [omni.ext.plugin] [ext: isaacsim.core.cloner-1.4.10] Failed to startup python extension.
2026-06-30T02:32:49Z [850ms] [Error] [omni.ext._impl.custom_importer] Failed to import python module isaaclab_assets. Error: libcusparseLt.so.0: cannot open shared object file: No such file or directory. Traceback:
Traceback (most recent call last):
  File "/home/user/IsaacLab/_isaac_sim/kit/kernel/py/omni/ext/_impl/custom_importer.py", line 85, in import_module
    return importlib.import_module(name)
           ^^^^^^^^^^^^^^^^^^^^^^^^^^^^^
  File "/home/user/miniconda3/envs/env_isaaclab/lib/python3.11/importlib/__init__.py", line 126, in import_module
    return _bootstrap._gcd_import(name[level:], package, level)
           ^^^^^^^^^^^^^^^^^^^^^^^^^^^^^^^^^^^^^^^^^^^^^^^^^^^^
  File "<frozen importlib._bootstrap>", line 1204, in _gcd_import
  File "<frozen importlib._bootstrap>", line 1176, in _find_and_load
  File "<frozen importlib._bootstrap>", line 1147, in _find_and_load_unlocked
  File "<frozen importlib._bootstrap>", line 690, in _load_unlocked
  File "<frozen importlib._bootstrap_external>", line 940, in exec_module
  File "<frozen importlib._bootstrap>", line 241, in _call_with_frames_removed
  File "/home/user/IsaacLab/source/isaaclab_assets/isaaclab_assets/__init__.py", line 23, in <module>
    from .robots import *
  File "/home/user/IsaacLab/source/isaaclab_assets/isaaclab_assets/robots/__init__.py", line 10, in <module>
    from .agibot import *
  File "/home/user/IsaacLab/source/isaaclab_assets/isaaclab_assets/robots/agibot.py", line 15, in <module>
    import isaaclab.sim as sim_utils
  File "/home/user/IsaacLab/source/isaaclab/isaaclab/sim/__init__.py", line 29, in <module>
    from .converters import *  # noqa: F401, F403
    ^^^^^^^^^^^^^^^^^^^^^^^^^
  File "/home/user/IsaacLab/source/isaaclab/isaaclab/sim/converters/__init__.py", line 19, in <module>
    from .asset_converter_base import AssetConverterBase
  File "/home/user/IsaacLab/source/isaaclab/isaaclab/sim/converters/asset_converter_base.py", line 14, in <module>
    from isaaclab.sim.converters.asset_converter_base_cfg import AssetConverterBaseCfg
  File "/home/user/IsaacLab/source/isaaclab/isaaclab/sim/converters/asset_converter_base_cfg.py", line 8, in <module>
    from isaaclab.utils import configclass
  File "/home/user/IsaacLab/source/isaaclab/isaaclab/utils/__init__.py", line 8, in <module>
    from .array import *
  File "/home/user/IsaacLab/source/isaaclab/isaaclab/utils/array.py", line 14, in <module>
    import torch
  File "/home/user/miniconda3/envs/env_isaaclab/lib/python3.11/site-packages/torch/__init__.py", line 409, in <module>
    from torch._C import *  # noqa: F403
    ^^^^^^^^^^^^^^^^^^^^^^
ImportError: libcusparseLt.so.0: cannot open shared object file: No such file or directory

2026-06-30T02:32:49Z [850ms] [Error] [carb.scripting-python.plugin] Exception: Extension python module: 'isaaclab_assets' in '/home/user/IsaacLab/source/isaaclab_assets' failed to load.

At:
  /home/user/IsaacLab/_isaac_sim/kit/kernel/py/omni/ext/_impl/_internal.py(222): startup
  /home/user/IsaacLab/_isaac_sim/kit/kernel/py/omni/ext/_impl/_internal.py(337): startup_extension
  PythonExtension.cpp::startup()(2): <module>
  /home/user/IsaacLab/_isaac_sim/exts/isaacsim.simulation_app/isaacsim/simulation_app/simulation_app.py(534): _start_app
  /home/user/IsaacLab/_isaac_sim/exts/isaacsim.simulation_app/isaacsim/simulation_app/simulation_app.py(270): __init__
  /home/user/IsaacLab/source/isaaclab/isaaclab/app/app_launcher.py(823): _create_app
  /home/user/IsaacLab/source/isaaclab/isaaclab/app/app_launcher.py(131): __init__
  /home/user/Documents/assignment2_project/isaaclab_pallet/scripts/train_pallet_gat.py(57): <module>

2026-06-30T02:32:49Z [850ms] [Error] [omni.ext.plugin] [ext: isaaclab_assets-0.2.4] Failed to startup python extension.
2026-06-30T02:32:49Z [892ms] [Error] [omni.ext._impl.custom_importer] Failed to import python module isaaclab_tasks. Error: libcusparseLt.so.0: cannot open shared object file: No such file or directory. Traceback:
Traceback (most recent call last):
  File "/home/user/IsaacLab/_isaac_sim/kit/kernel/py/omni/ext/_impl/custom_importer.py", line 85, in import_module
    return importlib.import_module(name)
           ^^^^^^^^^^^^^^^^^^^^^^^^^^^^^
  File "/home/user/miniconda3/envs/env_isaaclab/lib/python3.11/importlib/__init__.py", line 126, in import_module
    return _bootstrap._gcd_import(name[level:], package, level)
           ^^^^^^^^^^^^^^^^^^^^^^^^^^^^^^^^^^^^^^^^^^^^^^^^^^^^
  File "<frozen importlib._bootstrap>", line 1204, in _gcd_import
  File "<frozen importlib._bootstrap>", line 1176, in _find_and_load
  File "<frozen importlib._bootstrap>", line 1147, in _find_and_load_unlocked
  File "<frozen importlib._bootstrap>", line 690, in _load_unlocked
  File "<frozen importlib._bootstrap_external>", line 940, in exec_module
  File "<frozen importlib._bootstrap>", line 241, in _call_with_frames_removed
  File "/home/user/IsaacLab/source/isaaclab_tasks/isaaclab_tasks/__init__.py", line 33, in <module>
    from .utils import import_packages
  File "/home/user/IsaacLab/source/isaaclab_tasks/isaaclab_tasks/utils/__init__.py", line 9, in <module>
    from .parse_cfg import get_checkpoint_path, load_cfg_from_registry, parse_env_cfg
  File "/home/user/IsaacLab/source/isaaclab_tasks/isaaclab_tasks/utils/parse_cfg.py", line 17, in <module>
    from isaaclab.envs import DirectRLEnvCfg, ManagerBasedRLEnvCfg
  File "/home/user/IsaacLab/source/isaaclab/isaaclab/envs/__init__.py", line 45, in <module>
    from . import mdp, ui
  File "/home/user/IsaacLab/source/isaaclab/isaaclab/envs/mdp/__init__.py", line 18, in <module>
    from .actions import *  # noqa: F401, F403
    ^^^^^^^^^^^^^^^^^^^^^^
  File "/home/user/IsaacLab/source/isaaclab/isaaclab/envs/mdp/actions/__init__.py", line 8, in <module>
    from .actions_cfg import *
  File "/home/user/IsaacLab/source/isaaclab/isaaclab/envs/mdp/actions/actions_cfg.py", line 8, in <module>
    from isaaclab.controllers import DifferentialIKControllerCfg, OperationalSpaceControllerCfg
  File "/home/user/IsaacLab/source/isaaclab/isaaclab/controllers/__init__.py", line 14, in <module>
    from .differential_ik import DifferentialIKController
  File "/home/user/IsaacLab/source/isaaclab/isaaclab/controllers/differential_ik.py", line 10, in <module>
    import torch
  File "/home/user/miniconda3/envs/env_isaaclab/lib/python3.11/site-packages/torch/__init__.py", line 409, in <module>
    from torch._C import *  # noqa: F403
    ^^^^^^^^^^^^^^^^^^^^^^
ImportError: libcusparseLt.so.0: cannot open shared object file: No such file or directory

2026-06-30T02:32:49Z [892ms] [Error] [carb.scripting-python.plugin] Exception: Extension python module: 'isaaclab_tasks' in '/home/user/IsaacLab/source/isaaclab_tasks' failed to load.

At:
  /home/user/IsaacLab/_isaac_sim/kit/kernel/py/omni/ext/_impl/_internal.py(222): startup
  /home/user/IsaacLab/_isaac_sim/kit/kernel/py/omni/ext/_impl/_internal.py(337): startup_extension
  PythonExtension.cpp::startup()(2): <module>
  /home/user/IsaacLab/_isaac_sim/exts/isaacsim.simulation_app/isaacsim/simulation_app/simulation_app.py(534): _start_app
  /home/user/IsaacLab/_isaac_sim/exts/isaacsim.simulation_app/isaacsim/simulation_app/simulation_app.py(270): __init__
  /home/user/IsaacLab/source/isaaclab/isaaclab/app/app_launcher.py(823): _create_app
  /home/user/IsaacLab/source/isaaclab/isaaclab/app/app_launcher.py(131): __init__
  /home/user/Documents/assignment2_project/isaaclab_pallet/scripts/train_pallet_gat.py(57): <module>

2026-06-30T02:32:49Z [892ms] [Error] [omni.ext.plugin] [ext: isaaclab_tasks-0.11.16] Failed to startup python extension.
[INFO][AppLauncher]: Using device: cuda:0
[INFO][AppLauncher]: Loading experience file: /home/user/IsaacLab/apps/isaaclab.python.headless.kit
2026-06-30T02:32:49Z [1,081ms] [Warning] [gpu.foundation.plugin] Skipping unsupported non-NVIDIA GPU: AMD Unknown (RADV RAPHAEL_MENDOCINO)
2026-06-30T02:32:49Z [1,081ms] [Warning] [gpu.foundation.plugin] Skipping unsupported non-NVIDIA GPU: AMD Unknown (RADV RAPHAEL_MENDOCINO)

|---------------------------------------------------------------------------------------------|
| Driver Version: 580.159.03    | Graphics API: Vulkan
|=============================================================================================|
| GPU | Name                             | Active | LDA | GPU Memory | Vendor-ID | LUID       |
|     |                                  |        |     |            | Device-ID | UUID       |
|     |                                  |        |     |            | Bus-ID    |            |
|---------------------------------------------------------------------------------------------|
| 0   | NVIDIA RTX PRO 6000 Blackwell .. | Yes: 0 |     | 97887   MB | 10de      | 0          |
|     |                                  |        |     |            | 2bb1      | 25b334fd.. |
|     |                                  |        |     |            | 1         |            |
|---------------------------------------------------------------------------------------------|
| 1   | AMD Unknown (RADV RAPHAEL_MEND.. |        |     | 43508   MB | 1002      | 0          |
|     |                                  |        |     |            | 13c0      | 00000000.. |
|     |                                  |        |     |            | 79        |            |
|=============================================================================================|
| OS: 22.04.5 LTS (Jammy Jellyfish) ubuntu, Version: 22.04.5, Kernel: 6.8.0-124-generic
| Processor: AMD Ryzen 9 9950X3D 16-Core Processor
| Cores: 16 | Logical Cores: 32
|---------------------------------------------------------------------------------------------|
| Total Memory (MB): 126429 | Free Memory: 119416
| Total Page/Swap (MB): 2047 | Free Page/Swap: 2046
|---------------------------------------------------------------------------------------------|
Traceback (most recent call last):
  File "/home/user/Documents/assignment2_project/isaaclab_pallet/scripts/train_pallet_gat.py", line 62, in <module>
    import torch  # noqa: E402
    ^^^^^^^^^^^^
  File "/home/user/miniconda3/envs/env_isaaclab/lib/python3.11/site-packages/torch/__init__.py", line 409, in <module>
    from torch._C import *  # noqa: F403
    ^^^^^^^^^^^^^^^^^^^^^^
ImportError: libcusparseLt.so.0: cannot open shared object file: No such file or directory
2026-06-30T02:32:49Z [1,317ms] [Warning] [omni.physx.plugin] USD stage detach not called, holding a loose ptr to a stage!
2026-06-30T02:32:49Z [1,451ms] [Warning] [carb] Recursive unloadAllPlugins() detected!
[reward-sweep] profile=terminal_ratio exited code=0 Tue Jun 30 11:32:49 AM KST 2026
